[0.006s][info][gc,init] Initializing The Z Garbage Collector
[0.006s][info][gc,init] Version: 21.0.1+12-LTS (release)
[0.006s][info][gc,init] NUMA Support: Disabled
[0.006s][info][gc,init] CPUs: 32 total, 32 available
[0.006s][info][gc,init] Memory: 32386M
[0.007s][info][gc,init] Large Page Support: Disabled
[0.007s][info][gc,init] Address Space Type: Contiguous/Unrestricted/Complete
[0.007s][info][gc,init] Address Space Size: 32768M
[0.007s][info][gc,init] Min Capacity: 2048M
[0.007s][info][gc,init] Initial Capacity: 2048M
[0.007s][info][gc,init] Max Capacity: 2048M
[0.007s][info][gc,init] Soft Max Capacity: 2048M
[0.007s][info][gc,init] Medium Page Size: 32M
[0.007s][info][gc,init] Pre-touch: Disabled
[0.007s][info][gc,init] Uncommit: Implicitly Disabled (-Xms equals -Xmx)
[0.007s][info][gc,init] GC Workers for Old Generation: 8 (dynamic)
[0.008s][info][gc,init] GC Workers for Young Generation: 8 (dynamic)
[0.041s][info][gc,init] GC Workers Max: 8 (dynamic)
[0.041s][info][gc,init] Runtime Workers: 20
[0.041s][info][gc     ] Using The Z Garbage Collector
[0.048s][info][gc,metaspace] CDS archive(s) mapped at: [0x000001e938000000-0x000001e938c90000-0x000001e938c90000), size 13172736, SharedBaseAddress: 0x000001e938000000, ArchiveRelocationMode: 1.
[0.048s][info][gc,metaspace] Compressed class space mapped at: 0x000001e939000000-0x000001e979000000, reserved size: 1073741824
[0.048s][info][gc,metaspace] Narrow klass base: 0x000001e938000000, Narrow klass shift: 0, Narrow klass range: 0x100000000
[1.081s][info][safepoint   ] Safepoint "Cleanup", Time since last: 1030650000 ns, Reaching safepoint: 8500 ns, Cleanup: 28800 ns, At safepoint: 2700 ns, Total: 40000 ns
[12.187s][info][safepoint   ] Safepoint "Cleanup", Time since last: 11104572100 ns, Reaching safepoint: 314300 ns, Cleanup: 119400 ns, At safepoint: 229800 ns, Total: 663500 ns
[12.562s][info][safepoint   ] Safepoint "RedefineClasses", Time since last: 358533100 ns, Reaching safepoint: 13200 ns, Cleanup: 271400 ns, At safepoint: 17338000 ns, Total: 17622600 ns
[13.687s][info][safepoint   ] Safepoint "Cleanup", Time since last: 1124857000 ns, Reaching safepoint: 5500 ns, Cleanup: 114700 ns, At safepoint: 2400 ns, Total: 122600 ns
[15.193s][info][safepoint   ] Safepoint "Cleanup", Time since last: 1505413900 ns, Reaching safepoint: 7400 ns, Cleanup: 68300 ns, At safepoint: 2500 ns, Total: 78200 ns
[15.515s][info][safepoint   ] Safepoint "ThreadDump", Time since last: 321834700 ns, Reaching safepoint: 42200 ns, Cleanup: 172100 ns, At safepoint: 255200 ns, Total: 469500 ns
[15.541s][info][safepoint   ] Safepoint "FindDeadlocks", Time since last: 25974900 ns, Reaching safepoint: 7200 ns, Cleanup: 74200 ns, At safepoint: 18200 ns, Total: 99600 ns
[16.482s][info][safepoint   ] Safepoint "ThreadDump", Time since last: 941089500 ns, Reaching safepoint: 3600 ns, Cleanup: 4000 ns, At safepoint: 76800 ns, Total: 84400 ns
[17.493s][info][safepoint   ] Safepoint "ThreadDump", Time since last: 1010200900 ns, Reaching safepoint: 17000 ns, Cleanup: 54700 ns, At safepoint: 636600 ns, Total: 708300 ns
[18.487s][info][safepoint   ] Safepoint "ThreadDump", Time since last: 994096200 ns, Reaching safepoint: 3400 ns, Cleanup: 21000 ns, At safepoint: 43200 ns, Total: 67600 ns
[19.486s][info][safepoint   ] Safepoint "ThreadDump", Time since last: 998438700 ns, Reaching safepoint: 58400 ns, Cleanup: 19400 ns, At safepoint: 122900 ns, Total: 200700 ns
[20.494s][info][safepoint   ] Safepoint "ThreadDump", Time since last: 1007394500 ns, Reaching safepoint: 5700 ns, Cleanup: 8400 ns, At safepoint: 93600 ns, Total: 107700 ns
[21.495s][info][safepoint   ] Safepoint "ThreadDump", Time since last: 999068500 ns, Reaching safepoint: 3900 ns, Cleanup: 89400 ns, At safepoint: 2587700 ns, Total: 2681000 ns
[22.488s][info][safepoint   ] Safepoint "ThreadDump", Time since last: 992098100 ns, Reaching safepoint: 4400 ns, Cleanup: 51300 ns, At safepoint: 129700 ns, Total: 185400 ns
[23.493s][info][safepoint   ] Safepoint "ThreadDump", Time since last: 1005303900 ns, Reaching safepoint: 7500 ns, Cleanup: 86500 ns, At safepoint: 248700 ns, Total: 342700 ns
[24.491s][info][safepoint   ] Safepoint "ThreadDump", Time since last: 996862300 ns, Reaching safepoint: 6500 ns, Cleanup: 134300 ns, At safepoint: 1100100 ns, Total: 1240900 ns
[25.499s][info][safepoint   ] Safepoint "Cleanup", Time since last: 1007598400 ns, Reaching safepoint: 7200 ns, Cleanup: 12400 ns, At safepoint: 2000 ns, Total: 21600 ns
[25.516s][info][safepoint   ] Safepoint "ThreadDump", Time since last: 16556700 ns, Reaching safepoint: 6800 ns, Cleanup: 9000 ns, At safepoint: 131500 ns, Total: 147300 ns
[25.526s][info][safepoint   ] Safepoint "FindDeadlocks", Time since last: 10646800 ns, Reaching safepoint: 4300 ns, Cleanup: 24100 ns, At safepoint: 6900 ns, Total: 35300 ns
[26.495s][info][safepoint   ] Safepoint "ThreadDump", Time since last: 968102600 ns, Reaching safepoint: 6500 ns, Cleanup: 45800 ns, At safepoint: 128100 ns, Total: 180400 ns
[27.509s][info][safepoint   ] Safepoint "ThreadDump", Time since last: 1013635500 ns, Reaching safepoint: 62400 ns, Cleanup: 5300 ns, At safepoint: 283700 ns, Total: 351400 ns
[28.493s][info][safepoint   ] Safepoint "ThreadDump", Time since last: 983675100 ns, Reaching safepoint: 4000 ns, Cleanup: 92400 ns, At safepoint: 97900 ns, Total: 194300 ns
[29.507s][info][safepoint   ] Safepoint "ThreadDump", Time since last: 1014336800 ns, Reaching safepoint: 5900 ns, Cleanup: 41600 ns, At safepoint: 100300 ns, Total: 147800 ns
[30.506s][info][safepoint   ] Safepoint "ThreadDump", Time since last: 998106800 ns, Reaching safepoint: 10300 ns, Cleanup: 220600 ns, At safepoint: 389900 ns, Total: 620800 ns
[31.509s][info][safepoint   ] Safepoint "ThreadDump", Time since last: 1002082800 ns, Reaching safepoint: 168100 ns, Cleanup: 24500 ns, At safepoint: 530900 ns, Total: 723500 ns
[32.508s][info][safepoint   ] Safepoint "ThreadDump", Time since last: 998918100 ns, Reaching safepoint: 4200 ns, Cleanup: 33900 ns, At safepoint: 55400 ns, Total: 93500 ns
[33.500s][info][safepoint   ] Safepoint "ThreadDump", Time since last: 992263700 ns, Reaching safepoint: 2500 ns, Cleanup: 3900 ns, At safepoint: 49900 ns, Total: 56300 ns
[34.499s][info][safepoint   ] Safepoint "ThreadDump", Time since last: 998842900 ns, Reaching safepoint: 3200 ns, Cleanup: 6800 ns, At safepoint: 36400 ns, Total: 46400 ns
[35.501s][info][safepoint   ] Safepoint "ThreadDump", Time since last: 1001792600 ns, Reaching safepoint: 21900 ns, Cleanup: 33500 ns, At safepoint: 171500 ns, Total: 226900 ns
[35.506s][info][safepoint   ] Safepoint "FindDeadlocks", Time since last: 5411300 ns, Reaching safepoint: 5300 ns, Cleanup: 120900 ns, At safepoint: 7000 ns, Total: 133200 ns
[36.509s][info][safepoint   ] Safepoint "ThreadDump", Time since last: 1001979800 ns, Reaching safepoint: 7400 ns, Cleanup: 21900 ns, At safepoint: 759000 ns, Total: 788300 ns
[37.508s][info][safepoint   ] Safepoint "ThreadDump", Time since last: 998640300 ns, Reaching safepoint: 2900 ns, Cleanup: 3600 ns, At safepoint: 33900 ns, Total: 40400 ns
[38.508s][info][safepoint   ] Safepoint "ThreadDump", Time since last: 1000281100 ns, Reaching safepoint: 2800 ns, Cleanup: 6000 ns, At safepoint: 41200 ns, Total: 50000 ns
[39.501s][info][safepoint   ] Safepoint "ThreadDump", Time since last: 992839200 ns, Reaching safepoint: 5500 ns, Cleanup: 7500 ns, At safepoint: 172300 ns, Total: 185300 ns
[40.509s][info][safepoint   ] Safepoint "ThreadDump", Time since last: 1007934200 ns, Reaching safepoint: 7000 ns, Cleanup: 16000 ns, At safepoint: 101000 ns, Total: 124000 ns
[41.516s][info][safepoint   ] Safepoint "Cleanup", Time since last: 1003451800 ns, Reaching safepoint: 3800 ns, Cleanup: 4500 ns, At safepoint: 3157900 ns, Total: 3166200 ns
[41.518s][info][safepoint   ] Safepoint "ThreadDump", Time since last: 1364700 ns, Reaching safepoint: 27200 ns, Cleanup: 12800 ns, At safepoint: 341500 ns, Total: 381500 ns
[42.508s][info][safepoint   ] Safepoint "ThreadDump", Time since last: 987251900 ns, Reaching safepoint: 272600 ns, Cleanup: 23300 ns, At safepoint: 2908300 ns, Total: 3204200 ns
[43.512s][info][safepoint   ] Safepoint "ThreadDump", Time since last: 1003835400 ns, Reaching safepoint: 4000 ns, Cleanup: 33300 ns, At safepoint: 46300 ns, Total: 83600 ns
[44.503s][info][safepoint   ] Safepoint "ThreadDump", Time since last: 991191900 ns, Reaching safepoint: 2800 ns, Cleanup: 36700 ns, At safepoint: 51500 ns, Total: 91000 ns
[45.515s][info][safepoint   ] Safepoint "ThreadDump", Time since last: 1011708700 ns, Reaching safepoint: 2600 ns, Cleanup: 8500 ns, At safepoint: 137900 ns, Total: 149000 ns
[45.525s][info][safepoint   ] Safepoint "FindDeadlocks", Time since last: 3440500 ns, Reaching safepoint: 26400 ns, Cleanup: 7700 ns, At safepoint: 5945300 ns, Total: 5979400 ns
[46.519s][info][safepoint   ] Safepoint "ThreadDump", Time since last: 993922300 ns, Reaching safepoint: 4100 ns, Cleanup: 8200 ns, At safepoint: 116900 ns, Total: 129200 ns
[47.513s][info][safepoint   ] Safepoint "ThreadDump", Time since last: 994602900 ns, Reaching safepoint: 3500 ns, Cleanup: 5000 ns, At safepoint: 59900 ns, Total: 68400 ns
[48.514s][info][safepoint   ] Safepoint "ThreadDump", Time since last: 1000158100 ns, Reaching safepoint: 13400 ns, Cleanup: 2800 ns, At safepoint: 148300 ns, Total: 164500 ns
[49.507s][info][safepoint   ] Safepoint "ThreadDump", Time since last: 993410500 ns, Reaching safepoint: 2200 ns, Cleanup: 5300 ns, At safepoint: 113200 ns, Total: 120700 ns
[50.505s][info][safepoint   ] Safepoint "ThreadDump", Time since last: 997499200 ns, Reaching safepoint: 30700 ns, Cleanup: 22300 ns, At safepoint: 172400 ns, Total: 225400 ns
[51.504s][info][safepoint   ] Safepoint "ThreadDump", Time since last: 999121300 ns, Reaching safepoint: 2600 ns, Cleanup: 9500 ns, At safepoint: 72200 ns, Total: 84300 ns
[52.506s][info][safepoint   ] Safepoint "ThreadDump", Time since last: 1002381800 ns, Reaching safepoint: 5300 ns, Cleanup: 13400 ns, At safepoint: 73200 ns, Total: 91900 ns
[53.508s][info][safepoint   ] Safepoint "ThreadDump", Time since last: 1001179100 ns, Reaching safepoint: 2800 ns, Cleanup: 5900 ns, At safepoint: 121500 ns, Total: 130200 ns
[54.506s][info][safepoint   ] Safepoint "ThreadDump", Time since last: 998072000 ns, Reaching safepoint: 11000 ns, Cleanup: 12100 ns, At safepoint: 81300 ns, Total: 104400 ns
[55.508s][info][safepoint   ] Safepoint "ThreadDump", Time since last: 1001611600 ns, Reaching safepoint: 4400 ns, Cleanup: 11200 ns, At safepoint: 185300 ns, Total: 200900 ns
[55.510s][info][safepoint   ] Safepoint "FindDeadlocks", Time since last: 2215800 ns, Reaching safepoint: 2800 ns, Cleanup: 3900 ns, At safepoint: 4300 ns, Total: 11000 ns
[56.507s][info][safepoint   ] Safepoint "ThreadDump", Time since last: 997275500 ns, Reaching safepoint: 2800 ns, Cleanup: 16000 ns, At safepoint: 40800 ns, Total: 59600 ns
[57.517s][info][safepoint   ] Safepoint "ThreadDump", Time since last: 1008562900 ns, Reaching safepoint: 533100 ns, Cleanup: 12100 ns, At safepoint: 636000 ns, Total: 1181200 ns
[58.513s][info][safepoint   ] Safepoint "ThreadDump", Time since last: 995489600 ns, Reaching safepoint: 4800 ns, Cleanup: 40300 ns, At safepoint: 119000 ns, Total: 164100 ns
[59.511s][info][safepoint   ] Safepoint "ThreadDump", Time since last: 997644500 ns, Reaching safepoint: 3700 ns, Cleanup: 36500 ns, At safepoint: 110000 ns, Total: 150200 ns
[60.510s][info][safepoint   ] Safepoint "ThreadDump", Time since last: 999165200 ns, Reaching safepoint: 2500 ns, Cleanup: 3600 ns, At safepoint: 45900 ns, Total: 52000 ns
[61.511s][info][safepoint   ] Safepoint "ThreadDump", Time since last: 1001157500 ns, Reaching safepoint: 5900 ns, Cleanup: 61400 ns, At safepoint: 142600 ns, Total: 209900 ns
[62.512s][info][safepoint   ] Safepoint "ThreadDump", Time since last: 1000330600 ns, Reaching safepoint: 5900 ns, Cleanup: 10500 ns, At safepoint: 107000 ns, Total: 123400 ns
[63.512s][info][safepoint   ] Safepoint "ThreadDump", Time since last: 1000161200 ns, Reaching safepoint: 10500 ns, Cleanup: 84500 ns, At safepoint: 203900 ns, Total: 298900 ns
[64.512s][info][safepoint   ] Safepoint "ThreadDump", Time since last: 999623700 ns, Reaching safepoint: 13900 ns, Cleanup: 9200 ns, At safepoint: 63000 ns, Total: 86100 ns
[65.516s][info][safepoint   ] Safepoint "ThreadDump", Time since last: 1000920400 ns, Reaching safepoint: 12600 ns, Cleanup: 180300 ns, At safepoint: 3193600 ns, Total: 3386500 ns
[65.519s][info][safepoint   ] Safepoint "FindDeadlocks", Time since last: 3175700 ns, Reaching safepoint: 2300 ns, Cleanup: 3000 ns, At safepoint: 3900 ns, Total: 9200 ns
[66.513s][info][safepoint   ] Safepoint "ThreadDump", Time since last: 993605500 ns, Reaching safepoint: 2800 ns, Cleanup: 17000 ns, At safepoint: 33300 ns, Total: 53100 ns
[67.514s][info][safepoint   ] Safepoint "ThreadDump", Time since last: 1001159900 ns, Reaching safepoint: 2900 ns, Cleanup: 6800 ns, At safepoint: 47500 ns, Total: 57200 ns
[68.530s][info][safepoint   ] Safepoint "ThreadDump", Time since last: 1002524200 ns, Reaching safepoint: 13105700 ns, Cleanup: 30600 ns, At safepoint: 147700 ns, Total: 13284000 ns
[69.517s][info][safepoint   ] Safepoint "ThreadDump", Time since last: 986963700 ns, Reaching safepoint: 2800 ns, Cleanup: 6400 ns, At safepoint: 100800 ns, Total: 110000 ns
[70.516s][info][safepoint   ] Safepoint "ThreadDump", Time since last: 999267100 ns, Reaching safepoint: 2600 ns, Cleanup: 33500 ns, At safepoint: 59300 ns, Total: 95400 ns
[71.518s][info][safepoint   ] Safepoint "ThreadDump", Time since last: 1001011800 ns, Reaching safepoint: 12100 ns, Cleanup: 28500 ns, At safepoint: 102000 ns, Total: 142600 ns
[72.519s][info][safepoint   ] Safepoint "ThreadDump", Time since last: 1001664900 ns, Reaching safepoint: 3700 ns, Cleanup: 7300 ns, At safepoint: 120500 ns, Total: 131500 ns
[73.521s][info][safepoint   ] Safepoint "ThreadDump", Time since last: 1001281800 ns, Reaching safepoint: 5800 ns, Cleanup: 15700 ns, At safepoint: 61100 ns, Total: 82600 ns
[74.520s][info][safepoint   ] Safepoint "ThreadDump", Time since last: 999478300 ns, Reaching safepoint: 4700 ns, Cleanup: 11800 ns, At safepoint: 147800 ns, Total: 164300 ns
[75.521s][info][safepoint   ] Safepoint "ThreadDump", Time since last: 1000712700 ns, Reaching safepoint: 5800 ns, Cleanup: 14600 ns, At safepoint: 124600 ns, Total: 145000 ns
[75.526s][info][safepoint   ] Safepoint "FindDeadlocks", Time since last: 4612000 ns, Reaching safepoint: 6300 ns, Cleanup: 50600 ns, At safepoint: 11700 ns, Total: 68600 ns
[76.521s][info][safepoint   ] Safepoint "ThreadDump", Time since last: 994996100 ns, Reaching safepoint: 5000 ns, Cleanup: 7300 ns, At safepoint: 62500 ns, Total: 74800 ns
[77.521s][info][safepoint   ] Safepoint "ThreadDump", Time since last: 1000067000 ns, Reaching safepoint: 4200 ns, Cleanup: 35600 ns, At safepoint: 371400 ns, Total: 411200 ns
[78.525s][info][safepoint   ] Safepoint "ThreadDump", Time since last: 1003103000 ns, Reaching safepoint: 5700 ns, Cleanup: 7000 ns, At safepoint: 103200 ns, Total: 115900 ns
[79.524s][info][safepoint   ] Safepoint "ThreadDump", Time since last: 999579100 ns, Reaching safepoint: 22700 ns, Cleanup: 5500 ns, At safepoint: 116800 ns, Total: 145000 ns
[80.524s][info][safepoint   ] Safepoint "ThreadDump", Time since last: 999296900 ns, Reaching safepoint: 4900 ns, Cleanup: 12600 ns, At safepoint: 120800 ns, Total: 138300 ns
[81.528s][info][safepoint   ] Safepoint "ThreadDump", Time since last: 1003762300 ns, Reaching safepoint: 8800 ns, Cleanup: 24400 ns, At safepoint: 113700 ns, Total: 146900 ns
[82.526s][info][safepoint   ] Safepoint "ThreadDump", Time since last: 998272700 ns, Reaching safepoint: 3800 ns, Cleanup: 7100 ns, At safepoint: 94800 ns, Total: 105700 ns
[83.528s][info][safepoint   ] Safepoint "ThreadDump", Time since last: 1002234100 ns, Reaching safepoint: 7700 ns, Cleanup: 7700 ns, At safepoint: 48600 ns, Total: 64000 ns
[83.623s][info][safepoint   ] Safepoint "GC_HeapInspection", Time since last: 41851400 ns, Reaching safepoint: 5100 ns, Cleanup: 29500 ns, At safepoint: 52615400 ns, Total: 52650000 ns
[83.629s][info][safepoint   ] Safepoint "ThreadDump", Time since last: 4982100 ns, Reaching safepoint: 6300 ns, Cleanup: 9400 ns, At safepoint: 1179900 ns, Total: 1195600 ns
[84.531s][info][safepoint   ] Safepoint "ThreadDump", Time since last: 901683900 ns, Reaching safepoint: 5400 ns, Cleanup: 14600 ns, At safepoint: 95100 ns, Total: 115100 ns
[85.532s][info][safepoint   ] Safepoint "ThreadDump", Time since last: 1000877300 ns, Reaching safepoint: 9000 ns, Cleanup: 13100 ns, At safepoint: 130600 ns, Total: 152700 ns
[85.535s][info][safepoint   ] Safepoint "FindDeadlocks", Time since last: 3407100 ns, Reaching safepoint: 4500 ns, Cleanup: 15900 ns, At safepoint: 8400 ns, Total: 28800 ns
[86.531s][info][safepoint   ] Safepoint "ThreadDump", Time since last: 995793900 ns, Reaching safepoint: 8600 ns, Cleanup: 12500 ns, At safepoint: 124500 ns, Total: 145600 ns
[87.532s][info][safepoint   ] Safepoint "ThreadDump", Time since last: 1000413900 ns, Reaching safepoint: 8900 ns, Cleanup: 50400 ns, At safepoint: 153700 ns, Total: 213000 ns
[88.533s][info][safepoint   ] Safepoint "ThreadDump", Time since last: 1000778000 ns, Reaching safepoint: 6900 ns, Cleanup: 20800 ns, At safepoint: 120500 ns, Total: 148200 ns
[89.532s][info][safepoint   ] Safepoint "ThreadDump", Time since last: 999446700 ns, Reaching safepoint: 4400 ns, Cleanup: 16100 ns, At safepoint: 182900 ns, Total: 203400 ns
[90.533s][info][safepoint   ] Safepoint "ThreadDump", Time since last: 1000202300 ns, Reaching safepoint: 6100 ns, Cleanup: 22000 ns, At safepoint: 84900 ns, Total: 113000 ns
[91.534s][info][safepoint   ] Safepoint "ThreadDump", Time since last: 1000755500 ns, Reaching safepoint: 4200 ns, Cleanup: 141300 ns, At safepoint: 72900 ns, Total: 218400 ns
[92.535s][info][safepoint   ] Safepoint "ThreadDump", Time since last: 1000882000 ns, Reaching safepoint: 8600 ns, Cleanup: 20100 ns, At safepoint: 107800 ns, Total: 136500 ns
[93.535s][info][safepoint   ] Safepoint "ThreadDump", Time since last: 999997100 ns, Reaching safepoint: 7100 ns, Cleanup: 20100 ns, At safepoint: 122600 ns, Total: 149800 ns
[94.536s][info][safepoint   ] Safepoint "ThreadDump", Time since last: 1000632100 ns, Reaching safepoint: 3800 ns, Cleanup: 3300 ns, At safepoint: 41800 ns, Total: 48900 ns
[95.461s][info][safepoint   ] Safepoint "GC_HeapInspection", Time since last: 880069700 ns, Reaching safepoint: 8500 ns, Cleanup: 13200 ns, At safepoint: 44935000 ns, Total: 44956700 ns
[95.536s][info][safepoint   ] Safepoint "ThreadDump", Time since last: 75667900 ns, Reaching safepoint: 3800 ns, Cleanup: 3800 ns, At safepoint: 31100 ns, Total: 38700 ns
[95.539s][info][safepoint   ] Safepoint "FindDeadlocks", Time since last: 2722600 ns, Reaching safepoint: 5200 ns, Cleanup: 6700 ns, At safepoint: 13800 ns, Total: 25700 ns
[96.481s][info][safepoint   ] Safepoint "GC_HeapInspection", Time since last: 877918100 ns, Reaching safepoint: 11300 ns, Cleanup: 43700 ns, At safepoint: 63949000 ns, Total: 64004000 ns
[96.538s][info][safepoint   ] Safepoint "ThreadDump", Time since last: 56520500 ns, Reaching safepoint: 3600 ns, Cleanup: 5600 ns, At safepoint: 41500 ns, Total: 50700 ns
[97.467s][info][safepoint   ] Safepoint "GC_HeapInspection", Time since last: 878479000 ns, Reaching safepoint: 9900 ns, Cleanup: 22100 ns, At safepoint: 50702100 ns, Total: 50734100 ns
[97.538s][info][safepoint   ] Safepoint "ThreadDump", Time since last: 70774900 ns, Reaching safepoint: 3200 ns, Cleanup: 4000 ns, At safepoint: 62700 ns, Total: 69900 ns
[98.477s][info][safepoint   ] Safepoint "GC_HeapInspection", Time since last: 879595800 ns, Reaching safepoint: 12400 ns, Cleanup: 91600 ns, At safepoint: 59542300 ns, Total: 59646300 ns
[98.540s][info][safepoint   ] Safepoint "ThreadDump", Time since last: 62889900 ns, Reaching safepoint: 5400 ns, Cleanup: 6600 ns, At safepoint: 73100 ns, Total: 85100 ns
[99.476s][info][safepoint   ] Safepoint "GC_HeapInspection", Time since last: 877306200 ns, Reaching safepoint: 42400 ns, Cleanup: 23000 ns, At safepoint: 58635100 ns, Total: 58700500 ns
[99.540s][info][safepoint   ] Safepoint "ThreadDump", Time since last: 64274600 ns, Reaching safepoint: 5700 ns, Cleanup: 160100 ns, At safepoint: 130600 ns, Total: 296400 ns
[100.481s][info][safepoint   ] Safepoint "GC_HeapInspection", Time since last: 878947500 ns, Reaching safepoint: 11500 ns, Cleanup: 45200 ns, At safepoint: 61403700 ns, Total: 61460400 ns
[100.541s][info][safepoint   ] Safepoint "ThreadDump", Time since last: 59908100 ns, Reaching safepoint: 23500 ns, Cleanup: 253500 ns, At safepoint: 131700 ns, Total: 408700 ns
[101.475s][info][safepoint   ] Safepoint "GC_HeapInspection", Time since last: 878463400 ns, Reaching safepoint: 13400 ns, Cleanup: 69900 ns, At safepoint: 55334600 ns, Total: 55417900 ns
[101.542s][info][safepoint   ] Safepoint "ThreadDump", Time since last: 66938900 ns, Reaching safepoint: 6200 ns, Cleanup: 7700 ns, At safepoint: 152200 ns, Total: 166100 ns
[102.474s][info][safepoint   ] Safepoint "GC_HeapInspection", Time since last: 878422600 ns, Reaching safepoint: 11200 ns, Cleanup: 36900 ns, At safepoint: 53252800 ns, Total: 53300900 ns
[102.542s][info][safepoint   ] Safepoint "ThreadDump", Time since last: 68212500 ns, Reaching safepoint: 5400 ns, Cleanup: 6500 ns, At safepoint: 42700 ns, Total: 54600 ns
[103.473s][info][safepoint   ] Safepoint "GC_HeapInspection", Time since last: 879716100 ns, Reaching safepoint: 11800 ns, Cleanup: 22700 ns, At safepoint: 51368200 ns, Total: 51402700 ns
[103.544s][info][safepoint   ] Safepoint "ThreadDump", Time since last: 71011000 ns, Reaching safepoint: 10800 ns, Cleanup: 8800 ns, At safepoint: 73100 ns, Total: 92700 ns
[104.476s][info][safepoint   ] Safepoint "GC_HeapInspection", Time since last: 879342600 ns, Reaching safepoint: 15400 ns, Cleanup: 18700 ns, At safepoint: 51930400 ns, Total: 51964500 ns
[104.547s][info][safepoint   ] Safepoint "ThreadDump", Time since last: 71056100 ns, Reaching safepoint: 7600 ns, Cleanup: 10400 ns, At safepoint: 102600 ns, Total: 120600 ns
[105.492s][info][safepoint   ] Safepoint "GC_HeapInspection", Time since last: 878705300 ns, Reaching safepoint: 15400 ns, Cleanup: 78100 ns, At safepoint: 66229100 ns, Total: 66322600 ns
[105.547s][info][safepoint   ] Safepoint "ThreadDump", Time since last: 55036000 ns, Reaching safepoint: 10300 ns, Cleanup: 15000 ns, At safepoint: 81900 ns, Total: 107200 ns
[105.550s][info][safepoint   ] Safepoint "FindDeadlocks", Time since last: 2699600 ns, Reaching safepoint: 3300 ns, Cleanup: 4900 ns, At safepoint: 6400 ns, Total: 14600 ns
[106.479s][info][safepoint   ] Safepoint "GC_HeapInspection", Time since last: 874821400 ns, Reaching safepoint: 12300 ns, Cleanup: 42100 ns, At safepoint: 54210000 ns, Total: 54264400 ns
[106.548s][info][safepoint   ] Safepoint "ThreadDump", Time since last: 68736300 ns, Reaching safepoint: 7600 ns, Cleanup: 13700 ns, At safepoint: 117100 ns, Total: 138400 ns
[107.478s][info][safepoint   ] Safepoint "GC_HeapInspection", Time since last: 878998800 ns, Reaching safepoint: 11900 ns, Cleanup: 42100 ns, At safepoint: 50814900 ns, Total: 50868900 ns
[107.549s][info][safepoint   ] Safepoint "ThreadDump", Time since last: 71011500 ns, Reaching safepoint: 7200 ns, Cleanup: 8800 ns, At safepoint: 156600 ns, Total: 172600 ns
[108.476s][info][safepoint   ] Safepoint "GC_HeapInspection", Time since last: 877850500 ns, Reaching safepoint: 11200 ns, Cleanup: 31800 ns, At safepoint: 49391000 ns, Total: 49434000 ns
[108.549s][info][safepoint   ] Safepoint "ThreadDump", Time since last: 72619100 ns, Reaching safepoint: 11200 ns, Cleanup: 14700 ns, At safepoint: 282100 ns, Total: 308000 ns
[109.476s][info][safepoint   ] Safepoint "GC_HeapInspection", Time since last: 878341900 ns, Reaching safepoint: 13300 ns, Cleanup: 87900 ns, At safepoint: 48472800 ns, Total: 48574000 ns
[109.549s][info][safepoint   ] Safepoint "ThreadDump", Time since last: 72439700 ns, Reaching safepoint: 5400 ns, Cleanup: 198700 ns, At safepoint: 98300 ns, Total: 302400 ns
[110.479s][info][safepoint   ] Safepoint "GC_HeapInspection", Time since last: 879282300 ns, Reaching safepoint: 8800 ns, Cleanup: 19200 ns, At safepoint: 50857600 ns, Total: 50885600 ns
[110.549s][info][safepoint   ] Safepoint "ThreadDump", Time since last: 70209000 ns, Reaching safepoint: 12100 ns, Cleanup: 11000 ns, At safepoint: 89700 ns, Total: 112800 ns
[111.483s][info][safepoint   ] Safepoint "GC_HeapInspection", Time since last: 879379900 ns, Reaching safepoint: 16200 ns, Cleanup: 26600 ns, At safepoint: 54428800 ns, Total: 54471600 ns
[111.552s][info][safepoint   ] Safepoint "ThreadDump", Time since last: 68653400 ns, Reaching safepoint: 8500 ns, Cleanup: 10600 ns, At safepoint: 187700 ns, Total: 206800 ns
[112.484s][info][safepoint   ] Safepoint "GC_HeapInspection", Time since last: 880569000 ns, Reaching safepoint: 12000 ns, Cleanup: 43800 ns, At safepoint: 51144500 ns, Total: 51200300 ns
[112.554s][info][safepoint   ] Safepoint "ThreadDump", Time since last: 69910400 ns, Reaching safepoint: 8200 ns, Cleanup: 141100 ns, At safepoint: 115300 ns, Total: 264600 ns
[113.484s][info][safepoint   ] Safepoint "GC_HeapInspection", Time since last: 879217100 ns, Reaching safepoint: 11400 ns, Cleanup: 20500 ns, At safepoint: 50889500 ns, Total: 50921400 ns
[113.550s][info][safepoint   ] Safepoint "ThreadDump", Time since last: 65510600 ns, Reaching safepoint: 14000 ns, Cleanup: 17100 ns, At safepoint: 101100 ns, Total: 132200 ns
[114.485s][info][safepoint   ] Safepoint "GC_HeapInspection", Time since last: 885482800 ns, Reaching safepoint: 11800 ns, Cleanup: 38100 ns, At safepoint: 49839000 ns, Total: 49888900 ns
[114.550s][info][safepoint   ] Safepoint "ThreadDump", Time since last: 65249200 ns, Reaching safepoint: 6900 ns, Cleanup: 7100 ns, At safepoint: 64700 ns, Total: 78700 ns
[115.485s][info][safepoint   ] Safepoint "GC_HeapInspection", Time since last: 884646000 ns, Reaching safepoint: 10200 ns, Cleanup: 51200 ns, At safepoint: 49568000 ns, Total: 49629400 ns
[115.553s][info][safepoint   ] Safepoint "ThreadDump", Time since last: 68539000 ns, Reaching safepoint: 11100 ns, Cleanup: 11700 ns, At safepoint: 96300 ns, Total: 119100 ns
[115.556s][info][safepoint   ] Safepoint "FindDeadlocks", Time since last: 2780600 ns, Reaching safepoint: 5100 ns, Cleanup: 6100 ns, At safepoint: 6700 ns, Total: 17900 ns
[116.504s][info][safepoint   ] Safepoint "GC_HeapInspection", Time since last: 879735300 ns, Reaching safepoint: 12100 ns, Cleanup: 37100 ns, At safepoint: 68131000 ns, Total: 68180200 ns
[116.555s][info][safepoint   ] Safepoint "ThreadDump", Time since last: 50883600 ns, Reaching safepoint: 5600 ns, Cleanup: 9100 ns, At safepoint: 145100 ns, Total: 159800 ns
[117.485s][info][safepoint   ] Safepoint "GC_HeapInspection", Time since last: 881087800 ns, Reaching safepoint: 12100 ns, Cleanup: 20500 ns, At safepoint: 48710200 ns, Total: 48742800 ns
[117.555s][info][safepoint   ] Safepoint "ThreadDump", Time since last: 69763000 ns, Reaching safepoint: 3000 ns, Cleanup: 4000 ns, At safepoint: 107000 ns, Total: 114000 ns
[118.488s][info][safepoint   ] Safepoint "GC_HeapInspection", Time since last: 881840400 ns, Reaching safepoint: 11700 ns, Cleanup: 29200 ns, At safepoint: 51721400 ns, Total: 51762300 ns
[118.556s][info][safepoint   ] Safepoint "ThreadDump", Time since last: 67742800 ns, Reaching safepoint: 18500 ns, Cleanup: 7600 ns, At safepoint: 259400 ns, Total: 285500 ns
[119.488s][info][safepoint   ] Safepoint "GC_HeapInspection", Time since last: 880180000 ns, Reaching safepoint: 11800 ns, Cleanup: 30200 ns, At safepoint: 51187300 ns, Total: 51229300 ns
[119.559s][info][safepoint   ] Safepoint "ThreadDump", Time since last: 70704600 ns, Reaching safepoint: 7300 ns, Cleanup: 205800 ns, At safepoint: 119500 ns, Total: 332600 ns
[120.486s][info][safepoint   ] Safepoint "GC_HeapInspection", Time since last: 879029700 ns, Reaching safepoint: 8800 ns, Cleanup: 27800 ns, At safepoint: 48099900 ns, Total: 48136500 ns
[120.557s][info][safepoint   ] Safepoint "ThreadDump", Time since last: 70877900 ns, Reaching safepoint: 9300 ns, Cleanup: 19100 ns, At safepoint: 118700 ns, Total: 147100 ns
[121.491s][info][safepoint   ] Safepoint "GC_HeapInspection", Time since last: 881121000 ns, Reaching safepoint: 12000 ns, Cleanup: 51300 ns, At safepoint: 52617800 ns, Total: 52681100 ns
[121.558s][info][safepoint   ] Safepoint "ThreadDump", Time since last: 67628400 ns, Reaching safepoint: 7900 ns, Cleanup: 10100 ns, At safepoint: 138900 ns, Total: 156900 ns
[122.490s][info][safepoint   ] Safepoint "GC_HeapInspection", Time since last: 879237000 ns, Reaching safepoint: 6900 ns, Cleanup: 27100 ns, At safepoint: 52628100 ns, Total: 52662100 ns
[122.558s][info][safepoint   ] Safepoint "ThreadDump", Time since last: 67617200 ns, Reaching safepoint: 7900 ns, Cleanup: 17000 ns, At safepoint: 147300 ns, Total: 172200 ns
[123.486s][info][safepoint   ] Safepoint "GC_HeapInspection", Time since last: 880160500 ns, Reaching safepoint: 23300 ns, Cleanup: 35500 ns, At safepoint: 48030800 ns, Total: 48089600 ns
[123.562s][info][safepoint   ] Safepoint "ThreadDump", Time since last: 75357000 ns, Reaching safepoint: 8800 ns, Cleanup: 11500 ns, At safepoint: 118400 ns, Total: 138700 ns
[124.488s][info][safepoint   ] Safepoint "GC_HeapInspection", Time since last: 876461600 ns, Reaching safepoint: 24100 ns, Cleanup: 39300 ns, At safepoint: 49520000 ns, Total: 49583400 ns
[124.562s][info][safepoint   ] Safepoint "ThreadDump", Time since last: 73816000 ns, Reaching safepoint: 12700 ns, Cleanup: 15800 ns, At safepoint: 178000 ns, Total: 206500 ns
[125.488s][info][safepoint   ] Safepoint "GC_HeapInspection", Time since last: 877546700 ns, Reaching safepoint: 11800 ns, Cleanup: 46800 ns, At safepoint: 48483800 ns, Total: 48542400 ns
[125.561s][info][safepoint   ] Safepoint "ThreadDump", Time since last: 72021500 ns, Reaching safepoint: 83000 ns, Cleanup: 202500 ns, At safepoint: 193900 ns, Total: 479400 ns
[125.565s][info][safepoint   ] Safepoint "FindDeadlocks", Time since last: 4215100 ns, Reaching safepoint: 3100 ns, Cleanup: 4000 ns, At safepoint: 4700 ns, Total: 11800 ns
[126.490s][info][safepoint   ] Safepoint "GC_HeapInspection", Time since last: 876247700 ns, Reaching safepoint: 10000 ns, Cleanup: 28900 ns, At safepoint: 48871600 ns, Total: 48910500 ns
[126.561s][info][safepoint   ] Safepoint "ThreadDump", Time since last: 71268400 ns, Reaching safepoint: 9100 ns, Cleanup: 12600 ns, At safepoint: 140400 ns, Total: 162100 ns
[127.493s][info][safepoint   ] Safepoint "GC_HeapInspection", Time since last: 881555900 ns, Reaching safepoint: 11700 ns, Cleanup: 23900 ns, At safepoint: 49588400 ns, Total: 49624000 ns
[127.565s][info][safepoint   ] Safepoint "ThreadDump", Time since last: 71787900 ns, Reaching safepoint: 8100 ns, Cleanup: 12200 ns, At safepoint: 159000 ns, Total: 179300 ns
[128.494s][info][safepoint   ] Safepoint "GC_HeapInspection", Time since last: 879830000 ns, Reaching safepoint: 14500 ns, Cleanup: 30600 ns, At safepoint: 49617400 ns, Total: 49662500 ns
[128.565s][info][safepoint   ] Safepoint "ThreadDump", Time since last: 70521300 ns, Reaching safepoint: 8200 ns, Cleanup: 167200 ns, At safepoint: 128300 ns, Total: 303700 ns
[129.491s][info][safepoint   ] Safepoint "GC_HeapInspection", Time since last: 880157700 ns, Reaching safepoint: 11600 ns, Cleanup: 27800 ns, At safepoint: 46137300 ns, Total: 46176700 ns
[129.567s][info][safepoint   ] Safepoint "ThreadDump", Time since last: 75373300 ns, Reaching safepoint: 8500 ns, Cleanup: 82000 ns, At safepoint: 120300 ns, Total: 210800 ns
[130.506s][info][safepoint   ] Safepoint "GC_HeapInspection", Time since last: 878852300 ns, Reaching safepoint: 12700 ns, Cleanup: 35800 ns, At safepoint: 59921800 ns, Total: 59970300 ns
[130.568s][info][safepoint   ] Safepoint "ThreadDump", Time since last: 62122300 ns, Reaching safepoint: 5900 ns, Cleanup: 10800 ns, At safepoint: 74700 ns, Total: 91400 ns
[131.506s][info][safepoint   ] Safepoint "GC_HeapInspection", Time since last: 880648100 ns, Reaching safepoint: 11600 ns, Cleanup: 40200 ns, At safepoint: 57575100 ns, Total: 57626900 ns
[131.568s][info][safepoint   ] Safepoint "ThreadDump", Time since last: 61577200 ns, Reaching safepoint: 9800 ns, Cleanup: 11400 ns, At safepoint: 90800 ns, Total: 112000 ns
[132.498s][info][safepoint   ] Safepoint "GC_HeapInspection", Time since last: 881045900 ns, Reaching safepoint: 11100 ns, Cleanup: 39600 ns, At safepoint: 49033400 ns, Total: 49084100 ns
[132.569s][info][safepoint   ] Safepoint "ThreadDump", Time since last: 70764400 ns, Reaching safepoint: 4700 ns, Cleanup: 67200 ns, At safepoint: 91700 ns, Total: 163600 ns
[133.500s][info][safepoint   ] Safepoint "GC_HeapInspection", Time since last: 881356100 ns, Reaching safepoint: 11000 ns, Cleanup: 41400 ns, At safepoint: 50075300 ns, Total: 50127700 ns
[133.567s][info][safepoint   ] Safepoint "ThreadDump", Time since last: 66726100 ns, Reaching safepoint: 13500 ns, Cleanup: 14500 ns, At safepoint: 83500 ns, Total: 111500 ns
[134.498s][info][safepoint   ] Safepoint "GC_HeapInspection", Time since last: 884188000 ns, Reaching safepoint: 11600 ns, Cleanup: 14500 ns, At safepoint: 46992800 ns, Total: 47018900 ns
[134.571s][info][safepoint   ] Safepoint "ThreadDump", Time since last: 72111900 ns, Reaching safepoint: 9600 ns, Cleanup: 16700 ns, At safepoint: 143200 ns, Total: 169500 ns
[135.502s][info][safepoint   ] Safepoint "GC_HeapInspection", Time since last: 881611500 ns, Reaching safepoint: 11200 ns, Cleanup: 249400 ns, At safepoint: 49967800 ns, Total: 50228400 ns
[135.572s][info][safepoint   ] Safepoint "ThreadDump", Time since last: 69217000 ns, Reaching safepoint: 8600 ns, Cleanup: 10600 ns, At safepoint: 82100 ns, Total: 101300 ns
[135.574s][info][safepoint   ] Safepoint "FindDeadlocks", Time since last: 2316600 ns, Reaching safepoint: 4400 ns, Cleanup: 6700 ns, At safepoint: 8000 ns, Total: 19100 ns
[136.504s][info][safepoint   ] Safepoint "GC_HeapInspection", Time since last: 878966900 ns, Reaching safepoint: 10900 ns, Cleanup: 26000 ns, At safepoint: 50513700 ns, Total: 50550600 ns
[136.571s][info][safepoint   ] Safepoint "ThreadDump", Time since last: 67550200 ns, Reaching safepoint: 10300 ns, Cleanup: 15500 ns, At safepoint: 153400 ns, Total: 179200 ns
[137.514s][info][safepoint   ] Safepoint "GC_HeapInspection", Time since last: 894050700 ns, Reaching safepoint: 10900 ns, Cleanup: 45900 ns, At safepoint: 48051700 ns, Total: 48108500 ns
[137.572s][info][safepoint   ] Safepoint "ThreadDump", Time since last: 57978900 ns, Reaching safepoint: 9400 ns, Cleanup: 14100 ns, At safepoint: 189000 ns, Total: 212500 ns
[138.503s][info][safepoint   ] Safepoint "GC_HeapInspection", Time since last: 883077200 ns, Reaching safepoint: 7100 ns, Cleanup: 22900 ns, At safepoint: 48228100 ns, Total: 48258100 ns
[138.573s][info][safepoint   ] Safepoint "ThreadDump", Time since last: 69777000 ns, Reaching safepoint: 7500 ns, Cleanup: 9900 ns, At safepoint: 84000 ns, Total: 101400 ns
[139.519s][info][safepoint   ] Safepoint "GC_HeapInspection", Time since last: 883837200 ns, Reaching safepoint: 10900 ns, Cleanup: 29700 ns, At safepoint: 62221800 ns, Total: 62262400 ns
[139.572s][info][safepoint   ] Safepoint "ThreadDump", Time since last: 52912700 ns, Reaching safepoint: 10400 ns, Cleanup: 98100 ns, At safepoint: 179200 ns, Total: 287700 ns
[140.516s][info][safepoint   ] Safepoint "GC_HeapInspection", Time since last: 884304000 ns, Reaching safepoint: 9600 ns, Cleanup: 40700 ns, At safepoint: 59844100 ns, Total: 59894400 ns
[140.574s][info][safepoint   ] Safepoint "ThreadDump", Time since last: 57830600 ns, Reaching safepoint: 7300 ns, Cleanup: 8800 ns, At safepoint: 69200 ns, Total: 85300 ns
[141.509s][info][safepoint   ] Safepoint "GC_HeapInspection", Time since last: 882789700 ns, Reaching safepoint: 46300 ns, Cleanup: 29800 ns, At safepoint: 51885600 ns, Total: 51961700 ns
[141.574s][info][safepoint   ] Safepoint "ThreadDump", Time since last: 64985300 ns, Reaching safepoint: 5800 ns, Cleanup: 6300 ns, At safepoint: 69100 ns, Total: 81200 ns
[142.507s][info][safepoint   ] Safepoint "GC_HeapInspection", Time since last: 885187500 ns, Reaching safepoint: 10800 ns, Cleanup: 32100 ns, At safepoint: 47446600 ns, Total: 47489500 ns
[142.576s][info][safepoint   ] Safepoint "ThreadDump", Time since last: 69496300 ns, Reaching safepoint: 5800 ns, Cleanup: 6400 ns, At safepoint: 68500 ns, Total: 80700 ns
[143.507s][info][safepoint   ] Safepoint "GC_HeapInspection", Time since last: 883347400 ns, Reaching safepoint: 7800 ns, Cleanup: 18900 ns, At safepoint: 47411900 ns, Total: 47438600 ns
[143.575s][info][safepoint   ] Safepoint "ThreadDump", Time since last: 68076900 ns, Reaching safepoint: 7300 ns, Cleanup: 11900 ns, At safepoint: 116600 ns, Total: 135800 ns
[144.512s][info][safepoint   ] Safepoint "GC_HeapInspection", Time since last: 887744600 ns, Reaching safepoint: 11200 ns, Cleanup: 36100 ns, At safepoint: 48944200 ns, Total: 48991500 ns
[144.579s][info][safepoint   ] Safepoint "ThreadDump", Time since last: 66830900 ns, Reaching safepoint: 7100 ns, Cleanup: 9900 ns, At safepoint: 99300 ns, Total: 116300 ns
[145.513s][info][safepoint   ] Safepoint "GC_HeapInspection", Time since last: 886115500 ns, Reaching safepoint: 8000 ns, Cleanup: 35400 ns, At safepoint: 47952200 ns, Total: 47995600 ns
[145.580s][info][safepoint   ] Safepoint "ThreadDump", Time since last: 66799400 ns, Reaching safepoint: 8100 ns, Cleanup: 19900 ns, At safepoint: 125400 ns, Total: 153400 ns
[145.586s][info][safepoint   ] Safepoint "FindDeadlocks", Time since last: 5595600 ns, Reaching safepoint: 5000 ns, Cleanup: 7000 ns, At safepoint: 10100 ns, Total: 22100 ns
[146.512s][info][safepoint   ] Safepoint "GC_HeapInspection", Time since last: 879286100 ns, Reaching safepoint: 9200 ns, Cleanup: 22500 ns, At safepoint: 47284000 ns, Total: 47315700 ns
[146.583s][info][safepoint   ] Safepoint "ThreadDump", Time since last: 70206800 ns, Reaching safepoint: 7400 ns, Cleanup: 45400 ns, At safepoint: 156700 ns, Total: 209500 ns
[147.518s][info][safepoint   ] Safepoint "GC_HeapInspection", Time since last: 882912400 ns, Reaching safepoint: 16600 ns, Cleanup: 35300 ns, At safepoint: 51982500 ns, Total: 52034400 ns
[147.581s][info][safepoint   ] Safepoint "ThreadDump", Time since last: 63231700 ns, Reaching safepoint: 8300 ns, Cleanup: 17500 ns, At safepoint: 114700 ns, Total: 140500 ns
[148.537s][info][safepoint   ] Safepoint "GC_HeapInspection", Time since last: 885724200 ns, Reaching safepoint: 10100 ns, Cleanup: 22000 ns, At safepoint: 69900900 ns, Total: 69933000 ns
[148.583s][info][safepoint   ] Safepoint "ThreadDump", Time since last: 46201300 ns, Reaching safepoint: 8100 ns, Cleanup: 13600 ns, At safepoint: 97300 ns, Total: 119000 ns
[149.523s][info][safepoint   ] Safepoint "GC_HeapInspection", Time since last: 885577200 ns, Reaching safepoint: 10600 ns, Cleanup: 31100 ns, At safepoint: 54005300 ns, Total: 54047000 ns
[149.583s][info][safepoint   ] Safepoint "ThreadDump", Time since last: 60264300 ns, Reaching safepoint: 7700 ns, Cleanup: 9900 ns, At safepoint: 196000 ns, Total: 213600 ns
[150.516s][info][safepoint   ] Safepoint "GC_HeapInspection", Time since last: 886464400 ns, Reaching safepoint: 8200 ns, Cleanup: 14000 ns, At safepoint: 46331200 ns, Total: 46353400 ns
[150.583s][info][safepoint   ] Safepoint "ThreadDump", Time since last: 66768500 ns, Reaching safepoint: 6500 ns, Cleanup: 11400 ns, At safepoint: 101900 ns, Total: 119800 ns
[151.520s][info][safepoint   ] Safepoint "GC_HeapInspection", Time since last: 890265200 ns, Reaching safepoint: 9700 ns, Cleanup: 21300 ns, At safepoint: 46625000 ns, Total: 46656000 ns
[151.583s][info][safepoint   ] Safepoint "ThreadDump", Time since last: 63301100 ns, Reaching safepoint: 6400 ns, Cleanup: 10800 ns, At safepoint: 102900 ns, Total: 120100 ns
[152.525s][info][safepoint   ] Safepoint "GC_HeapInspection", Time since last: 889748700 ns, Reaching safepoint: 12000 ns, Cleanup: 28200 ns, At safepoint: 51784700 ns, Total: 51824900 ns
[152.583s][info][safepoint   ] Safepoint "ThreadDump", Time since last: 58515700 ns, Reaching safepoint: 5300 ns, Cleanup: 5700 ns, At safepoint: 57900 ns, Total: 68900 ns
[153.537s][info][safepoint   ] Safepoint "GC_HeapInspection", Time since last: 890772600 ns, Reaching safepoint: 9000 ns, Cleanup: 33700 ns, At safepoint: 63162400 ns, Total: 63205100 ns
[153.585s][info][safepoint   ] Safepoint "ThreadDump", Time since last: 47408100 ns, Reaching safepoint: 9400 ns, Cleanup: 13900 ns, At safepoint: 114100 ns, Total: 137400 ns
[154.529s][info][safepoint   ] Safepoint "GC_HeapInspection", Time since last: 888937200 ns, Reaching safepoint: 10600 ns, Cleanup: 30000 ns, At safepoint: 54695400 ns, Total: 54736000 ns
[154.587s][info][safepoint   ] Safepoint "ThreadDump", Time since last: 57819800 ns, Reaching safepoint: 7000 ns, Cleanup: 8900 ns, At safepoint: 70200 ns, Total: 86100 ns
[155.522s][info][safepoint   ] Safepoint "GC_HeapInspection", Time since last: 888799500 ns, Reaching safepoint: 11100 ns, Cleanup: 37800 ns, At safepoint: 46887500 ns, Total: 46936400 ns
[155.589s][info][safepoint   ] Safepoint "ThreadDump", Time since last: 66237300 ns, Reaching safepoint: 8800 ns, Cleanup: 10300 ns, At safepoint: 106100 ns, Total: 125200 ns
[155.592s][info][safepoint   ] Safepoint "FindDeadlocks", Time since last: 2924000 ns, Reaching safepoint: 5000 ns, Cleanup: 6800 ns, At safepoint: 7400 ns, Total: 19200 ns
[156.535s][info][safepoint   ] Safepoint "GC_HeapInspection", Time since last: 882787700 ns, Reaching safepoint: 9700 ns, Cleanup: 21500 ns, At safepoint: 60538600 ns, Total: 60569800 ns
[156.590s][info][safepoint   ] Safepoint "ThreadDump", Time since last: 54657100 ns, Reaching safepoint: 9600 ns, Cleanup: 12700 ns, At safepoint: 130600 ns, Total: 152900 ns
[157.532s][info][safepoint   ] Safepoint "GC_HeapInspection", Time since last: 885499900 ns, Reaching safepoint: 11400 ns, Cleanup: 23600 ns, At safepoint: 57008800 ns, Total: 57043800 ns
[157.589s][info][safepoint   ] Safepoint "ThreadDump", Time since last: 56802100 ns, Reaching safepoint: 6300 ns, Cleanup: 8400 ns, At safepoint: 81400 ns, Total: 96100 ns
[158.526s][info][safepoint   ] Safepoint "GC_HeapInspection", Time since last: 887560200 ns, Reaching safepoint: 11500 ns, Cleanup: 30600 ns, At safepoint: 48742400 ns, Total: 48784500 ns
[158.590s][info][safepoint   ] Safepoint "ThreadDump", Time since last: 64230000 ns, Reaching safepoint: 8500 ns, Cleanup: 12300 ns, At safepoint: 90600 ns, Total: 111400 ns
[159.136s][info][gc          ] GC(0) Major Collection (System.gc())
[159.136s][info][gc,task     ] GC(0) Using 8 Workers for Young Generation
[159.136s][info][gc,task     ] GC(0) Using 8 Workers for Old Generation
[159.136s][info][gc,phases   ] GC(0) Y: Young Generation (Promote All)
[159.137s][info][gc,phases   ] GC(0) Y: Pause Mark Start 0.072ms
[159.137s][info][safepoint   ] Safepoint "ZMarkStartYoung", Time since last: 546667900 ns, Reaching safepoint: 9900 ns, Cleanup: 15300 ns, At safepoint: 187300 ns, Total: 212500 ns
[159.149s][info][gc,phases   ] GC(0) Y: Concurrent Mark 12.144ms
[159.149s][info][gc,phases   ] GC(0) Y: Pause Mark End 0.039ms
[159.149s][info][safepoint   ] Safepoint "ZMarkEndYoung", Time since last: 12531100 ns, Reaching safepoint: 5900 ns, Cleanup: 6100 ns, At safepoint: 97500 ns, Total: 109500 ns
[159.149s][info][gc,phases   ] GC(0) Y: Concurrent Mark Free 0.001ms
[159.149s][info][gc,phases   ] GC(0) Y: Concurrent Reset Relocation Set 0.001ms
[159.171s][info][gc,reloc    ] GC(0) Y: Using tenuring threshold: 0 (Promote All)
[159.187s][info][gc,phases   ] GC(0) Y: Concurrent Select Relocation Set 37.497ms
[159.187s][info][gc,phases   ] GC(0) Y: Pause Relocate Start 0.022ms
[159.187s][info][safepoint   ] Safepoint "ZRelocateStartYoung", Time since last: 37795400 ns, Reaching safepoint: 9500 ns, Cleanup: 10600 ns, At safepoint: 130300 ns, Total: 150400 ns
[159.212s][info][gc,phases   ] GC(0) Y: Concurrent Relocate 24.798ms
[159.212s][info][gc,alloc    ] GC(0) Y:                         Mark Start        Mark End      Relocate Start    Relocate End   
[159.212s][info][gc,alloc    ] GC(0) Y: Allocation Stalls:          0                0                0                0         
[159.212s][info][gc,load     ] GC(0) Y: Load: 0.00 (0%) / 0.00 (0%) / 0.00 (0%)
[159.212s][info][gc,mmu      ] GC(0) Y: MMU: 2ms/96.4%, 5ms/98.6%, 10ms/99.3%, 20ms/99.4%, 50ms/99.8%, 100ms/99.9%
[159.213s][info][gc,marking  ] GC(0) Y: Mark: 8 stripe(s), 3 proactive flush(es), 1 terminate flush(es), 0 completion(s), 0 continuation(s) 
[159.213s][info][gc,marking  ] GC(0) Y: Mark Stack Usage: 32M
[159.213s][info][gc,nmethod  ] GC(0) Y: NMethods: 3408 registered, 0 unregistered
[159.213s][info][gc,metaspace] GC(0) Y: Metaspace: 9M used, 9M committed, 1088M reserved
[159.213s][info][gc,reloc    ] GC(0) Y:                        Candidates     Selected     In-Place         Size        Empty    Relocated 
[159.213s][info][gc,reloc    ] GC(0) Y: Small Pages:                   39           34            0          78M           2M           3M 
[159.213s][info][gc,reloc    ] GC(0) Y: Medium Pages:                   0            0            0           0M           0M           0M 
[159.213s][info][gc,reloc    ] GC(0) Y: Large Pages:                    0            0            0           0M           0M           0M 
[159.213s][info][gc,reloc    ] GC(0) Y: Forwarding Usage: 2M
[159.213s][info][gc,reloc    ] GC(0) Y: Age Table:
[159.213s][info][gc,reloc    ] GC(0) Y:                    Live             Garbage             Small              Medium             Large        
[159.213s][info][gc,reloc    ] GC(0) Y: Eden               5M (0%)           72M (4%)          39 / 34             0 / 0              0 / 0        
[159.213s][info][gc,heap     ] GC(0) Y: Min Capacity: 2048M(100%)
[159.213s][info][gc,heap     ] GC(0) Y: Max Capacity: 2048M(100%)
[159.213s][info][gc,heap     ] GC(0) Y: Soft Max Capacity: 2048M(100%)
[159.213s][info][gc,heap     ] GC(0) Y: Heap Statistics:
[159.213s][info][gc,heap     ] GC(0) Y:                Mark Start          Mark End        Relocate Start      Relocate End           High               Low         
[159.213s][info][gc,heap     ] GC(0) Y:  Capacity:     2048M (100%)       2048M (100%)       2048M (100%)       2048M (100%)       2048M (100%)       2048M (100%)   
[159.213s][info][gc,heap     ] GC(0) Y:      Free:     1970M (96%)        1968M (96%)        1970M (96%)        2036M (99%)        2036M (99%)        1966M (96%)    
[159.213s][info][gc,heap     ] GC(0) Y:      Used:       78M (4%)           80M (4%)           78M (4%)           12M (1%)           82M (4%)           12M (1%)     
[159.213s][info][gc,heap     ] GC(0) Y: Young Generation Statistics:
[159.213s][info][gc,heap     ] GC(0) Y:                Mark Start          Mark End        Relocate Start      Relocate End    
[159.213s][info][gc,heap     ] GC(0) Y:      Used:       78M (4%)           80M (4%)           76M (4%)            2M (0%)     
[159.213s][info][gc,heap     ] GC(0) Y:      Live:         -                 5M (0%)            4M (0%)            0M (0%)     
[159.213s][info][gc,heap     ] GC(0) Y:   Garbage:         -                72M (4%)           69M (3%)            0M (0%)     
[159.213s][info][gc,heap     ] GC(0) Y: Allocated:         -                 2M (0%)            2M (0%)            2M (0%)     
[159.213s][info][gc,heap     ] GC(0) Y: Reclaimed:         -                  -                 2M (0%)           72M (4%)     
[159.213s][info][gc,heap     ] GC(0) Y:  Promoted:         -                  -                 1M (0%)            5M (0%)     
[159.214s][info][gc,heap     ] GC(0) Y: Compacted:         -                  -                  -                 0M (0%)     
[159.214s][info][gc,phases   ] GC(0) Y: Young Generation (Promote All) 78M(4%)->12M(1%) 0.076s
[159.214s][info][gc,phases   ] GC(0) Y: Young Generation (Collect Roots)
[159.214s][info][gc,phases   ] GC(0) Y: Pause Mark Start (Major) 0.034ms
[159.214s][info][safepoint   ] Safepoint "ZMarkStartYoungAndOld", Time since last: 26371300 ns, Reaching safepoint: 9500 ns, Cleanup: 5800 ns, At safepoint: 78500 ns, Total: 93800 ns
[159.230s][info][gc,phases   ] GC(0) Y: Concurrent Mark 15.756ms
[159.230s][info][gc,phases   ] GC(0) Y: Pause Mark End 0.024ms
[159.230s][info][safepoint   ] Safepoint "ZMarkEndYoung", Time since last: 15918500 ns, Reaching safepoint: 5600 ns, Cleanup: 4700 ns, At safepoint: 107900 ns, Total: 118200 ns
[159.230s][info][gc,phases   ] GC(0) Y: Concurrent Mark Free 0.006ms
[159.230s][info][gc,phases   ] GC(0) Y: Concurrent Reset Relocation Set 0.014ms
[159.235s][info][gc,reloc    ] GC(0) Y: Using tenuring threshold: 1 (Computed)
[159.236s][info][gc,phases   ] GC(0) Y: Concurrent Select Relocation Set 5.967ms
[159.236s][info][gc,phases   ] GC(0) Y: Pause Relocate Start 0.017ms
[159.236s][info][safepoint   ] Safepoint "ZRelocateStartYoung", Time since last: 6308900 ns, Reaching safepoint: 7200 ns, Cleanup: 6500 ns, At safepoint: 101300 ns, Total: 115000 ns
[159.237s][info][gc,phases   ] GC(0) Y: Concurrent Relocate 0.696ms
[159.237s][info][gc,alloc    ] GC(0) Y:                         Mark Start        Mark End      Relocate Start    Relocate End   
[159.237s][info][gc,alloc    ] GC(0) Y: Allocation Stalls:          0                0                0                0         
[159.237s][info][gc,load     ] GC(0) Y: Load: 0.00 (0%) / 0.00 (0%) / 0.00 (0%)
[159.237s][info][gc,mmu      ] GC(0) Y: MMU: 2ms/96.4%, 5ms/98.6%, 10ms/99.3%, 20ms/99.4%, 50ms/99.8%, 100ms/99.8%
[159.237s][info][gc,marking  ] GC(0) Y: Mark: 8 stripe(s), 1 proactive flush(es), 1 terminate flush(es), 0 completion(s), 0 continuation(s) 
[159.237s][info][gc,marking  ] GC(0) Y: Mark Stack Usage: 32M
[159.237s][info][gc,nmethod  ] GC(0) Y: NMethods: 3408 registered, 0 unregistered
[159.237s][info][gc,metaspace] GC(0) Y: Metaspace: 9M used, 9M committed, 1088M reserved
[159.237s][info][gc,reloc    ] GC(0) Y:                        Candidates     Selected     In-Place         Size        Empty    Relocated 
[159.238s][info][gc,reloc    ] GC(0) Y: Small Pages:                    1            0            0           2M           0M           0M 
[159.238s][info][gc,reloc    ] GC(0) Y: Medium Pages:                   0            0            0           0M           0M           0M 
[159.238s][info][gc,reloc    ] GC(0) Y: Large Pages:                    0            0            0           0M           0M           0M 
[159.238s][info][gc,reloc    ] GC(0) Y: Forwarding Usage: 0M
[159.238s][info][gc,reloc    ] GC(0) Y: Age Table:
[159.238s][info][gc,reloc    ] GC(0) Y:                    Live             Garbage             Small              Medium             Large        
[159.238s][info][gc,reloc    ] GC(0) Y: Eden               0M (0%)            1M (0%)           1 / 0              0 / 0              0 / 0        
[159.238s][info][gc,heap     ] GC(0) Y: Min Capacity: 2048M(100%)
[159.238s][info][gc,heap     ] GC(0) Y: Max Capacity: 2048M(100%)
[159.238s][info][gc,heap     ] GC(0) Y: Soft Max Capacity: 2048M(100%)
[159.238s][info][gc,heap     ] GC(0) Y: Heap Statistics:
[159.238s][info][gc,heap     ] GC(0) Y:                Mark Start          Mark End        Relocate Start      Relocate End           High               Low         
[159.238s][info][gc,heap     ] GC(0) Y:  Capacity:     2048M (100%)       2048M (100%)       2048M (100%)       2048M (100%)       2048M (100%)       2048M (100%)   
[159.238s][info][gc,heap     ] GC(0) Y:      Free:     2036M (99%)        2036M (99%)        2036M (99%)        2036M (99%)        2036M (99%)        2036M (99%)    
[159.238s][info][gc,heap     ] GC(0) Y:      Used:       12M (1%)           12M (1%)           12M (1%)           12M (1%)           12M (1%)           12M (1%)     
[159.238s][info][gc,heap     ] GC(0) Y: Young Generation Statistics:
[159.238s][info][gc,heap     ] GC(0) Y:                Mark Start          Mark End        Relocate Start      Relocate End    
[159.238s][info][gc,heap     ] GC(0) Y:      Used:        2M (0%)            2M (0%)            2M (0%)            2M (0%)     
[159.238s][info][gc,heap     ] GC(0) Y:      Live:         -                 0M (0%)            0M (0%)            0M (0%)     
[159.238s][info][gc,heap     ] GC(0) Y:   Garbage:         -                 1M (0%)            1M (0%)            1M (0%)     
[159.238s][info][gc,heap     ] GC(0) Y: Allocated:         -                 0M (0%)            0M (0%)            0M (0%)     
[159.238s][info][gc,heap     ] GC(0) Y: Reclaimed:         -                  -                 0M (0%)            0M (0%)     
[159.238s][info][gc,heap     ] GC(0) Y:  Promoted:         -                  -                 0M (0%)            0M (0%)     
[159.238s][info][gc,heap     ] GC(0) Y: Compacted:         -                  -                  -                 0M (0%)     
[159.238s][info][gc,phases   ] GC(0) Y: Young Generation (Collect Roots) 12M(1%)->12M(1%) 0.024s
[159.238s][info][gc,phases   ] GC(0) O: Old Generation
[159.272s][info][gc,phases   ] GC(0) O: Concurrent Mark 33.419ms
[159.272s][info][gc,phases   ] GC(0) O: Pause Mark End 0.032ms
[159.272s][info][safepoint   ] Safepoint "ZMarkEndOld", Time since last: 35757600 ns, Reaching safepoint: 5600 ns, Cleanup: 6100 ns, At safepoint: 127500 ns, Total: 139200 ns
[159.272s][info][gc,phases   ] GC(0) O: Concurrent Mark Free 0.001ms
[159.289s][info][gc,phases   ] GC(0) O: Concurrent Process Non-Strong 17.202ms
[159.290s][info][gc,phases   ] GC(0) O: Concurrent Reset Relocation Set 0.001ms
[159.290s][info][safepoint   ] Safepoint "CleanClassLoaderDataMetaspaces", Time since last: 17434800 ns, Reaching safepoint: 6100 ns, Cleanup: 133800 ns, At safepoint: 492200 ns, Total: 632100 ns
[159.295s][info][gc,phases   ] GC(0) O: Concurrent Select Relocation Set 5.236ms
[159.295s][info][gc,task     ] GC(0) O: Using 8 Workers for Old Generation
[159.403s][info][gc,task     ] GC(0) O: Using 8 Workers for Old Generation
[159.404s][info][gc,phases   ] GC(0) O: Concurrent Remap Roots 108.639ms
[159.404s][info][gc,phases   ] GC(0) O: Pause Relocate Start 0.046ms
[159.404s][info][safepoint   ] Safepoint "ZRelocateStartOld", Time since last: 113449100 ns, Reaching safepoint: 11600 ns, Cleanup: 23100 ns, At safepoint: 155700 ns, Total: 190400 ns
[159.406s][info][gc,phases   ] GC(0) O: Concurrent Relocate 1.935ms
[159.406s][info][gc,alloc    ] GC(0) O:                         Mark Start        Mark End      Relocate Start    Relocate End   
[159.406s][info][gc,alloc    ] GC(0) O: Allocation Stalls:          0                0                0                0         
[159.406s][info][gc,load     ] GC(0) O: Load: 0.00 (0%) / 0.00 (0%) / 0.00 (0%)
[159.406s][info][gc,mmu      ] GC(0) O: MMU: 2ms/96.4%, 5ms/98.6%, 10ms/99.3%, 20ms/99.4%, 50ms/99.8%, 100ms/99.8%
[159.406s][info][gc,marking  ] GC(0) O: Mark: 8 stripe(s), 1 proactive flush(es), 1 terminate flush(es), 0 completion(s), 0 continuation(s) 
[159.406s][info][gc,marking  ] GC(0) O: Mark Stack Usage: 32M
[159.406s][info][gc,nmethod  ] GC(0) O: NMethods: 2028 registered, 0 unregistered
[159.406s][info][gc,metaspace] GC(0) O: Metaspace: 9M used, 9M committed, 1088M reserved
[159.406s][info][gc,ref      ] GC(0) O:                       Encountered   Discovered     Enqueued 
[159.406s][info][gc,ref      ] GC(0) O: Soft References:              753            0            0 
[159.406s][info][gc,ref      ] GC(0) O: Weak References:             1763          848          376 
[159.406s][info][gc,ref      ] GC(0) O: Final References:               0            0            0 
[159.406s][info][gc,ref      ] GC(0) O: Phantom References:           230          227          216 
[159.406s][info][gc,reloc    ] GC(0) O:                        Candidates     Selected     In-Place         Size        Empty    Relocated 
[159.406s][info][gc,reloc    ] GC(0) O: Small Pages:                    5            1            0          10M           0M           0M 
[159.407s][info][gc,reloc    ] GC(0) O: Medium Pages:                   0            0            0           0M           0M           0M 
[159.407s][info][gc,reloc    ] GC(0) O: Large Pages:                    0            0            0           0M           0M           0M 
[159.407s][info][gc,reloc    ] GC(0) O: Forwarding Usage: 0M
[159.407s][info][gc,heap     ] GC(0) O: Min Capacity: 2048M(100%)
[159.407s][info][gc,heap     ] GC(0) O: Max Capacity: 2048M(100%)
[159.407s][info][gc,heap     ] GC(0) O: Soft Max Capacity: 2048M(100%)
[159.407s][info][gc,heap     ] GC(0) O: Heap Statistics:
[159.407s][info][gc,heap     ] GC(0) O:                Mark Start          Mark End        Relocate Start      Relocate End           High               Low         
[159.407s][info][gc,heap     ] GC(0) O:  Capacity:     2048M (100%)       2048M (100%)       2048M (100%)       2048M (100%)       2048M (100%)       2048M (100%)   
[159.407s][info][gc,heap     ] GC(0) O:      Free:     2036M (99%)        2036M (99%)        2032M (99%)        2032M (99%)        2036M (99%)        2028M (99%)    
[159.407s][info][gc,heap     ] GC(0) O:      Used:       12M (1%)           12M (1%)           16M (1%)           16M (1%)           20M (1%)           12M (1%)     
[159.407s][info][gc,heap     ] GC(0) O: Old Generation Statistics:
[159.407s][info][gc,heap     ] GC(0) O:                Mark Start          Mark End        Relocate Start      Relocate End    
[159.407s][info][gc,heap     ] GC(0) O:      Used:       10M (0%)           10M (0%)           10M (0%)           10M (0%)     
[159.407s][info][gc,heap     ] GC(0) O:      Live:         -                 5M (0%)            5M (0%)            5M (0%)     
[159.407s][info][gc,heap     ] GC(0) O:   Garbage:         -                 4M (0%)            4M (0%)            0M (0%)     
[159.407s][info][gc,heap     ] GC(0) O: Allocated:         -                 0M (0%)            0M (0%)            3M (0%)     
[159.407s][info][gc,heap     ] GC(0) O: Reclaimed:         -                  -                 0M (0%)            3M (0%)     
[159.407s][info][gc,heap     ] GC(0) O: Compacted:         -                  -                  -                 0M (0%)     
[159.407s][info][gc,phases   ] GC(0) O: Old Generation 12M(1%)->16M(1%) 0.168s
[159.407s][info][gc          ] GC(0) Major Collection (System.gc()) 78M(4%)->16M(1%) 0.271s
[159.522s][info][safepoint   ] Safepoint "GC_HeapInspection", Time since last: 72870900 ns, Reaching safepoint: 11100 ns, Cleanup: 785300 ns, At safepoint: 44227200 ns, Total: 45023600 ns
[159.590s][info][safepoint   ] Safepoint "ThreadDump", Time since last: 68176200 ns, Reaching safepoint: 7700 ns, Cleanup: 9500 ns, At safepoint: 75900 ns, Total: 93100 ns
[160.528s][info][safepoint   ] Safepoint "GC_HeapInspection", Time since last: 889793600 ns, Reaching safepoint: 10900 ns, Cleanup: 31900 ns, At safepoint: 47805700 ns, Total: 47848500 ns
[160.591s][info][safepoint   ] Safepoint "ThreadDump", Time since last: 63276000 ns, Reaching safepoint: 5200 ns, Cleanup: 4700 ns, At safepoint: 44500 ns, Total: 54400 ns
[161.525s][info][safepoint   ] Safepoint "GC_HeapInspection", Time since last: 888611100 ns, Reaching safepoint: 10100 ns, Cleanup: 19900 ns, At safepoint: 45330000 ns, Total: 45360000 ns
[161.593s][info][safepoint   ] Safepoint "ThreadDump", Time since last: 67621700 ns, Reaching safepoint: 5300 ns, Cleanup: 7900 ns, At safepoint: 54100 ns, Total: 67300 ns
[162.527s][info][safepoint   ] Safepoint "GC_HeapInspection", Time since last: 887781300 ns, Reaching safepoint: 8100 ns, Cleanup: 43500 ns, At safepoint: 46586000 ns, Total: 46637600 ns
[162.594s][info][safepoint   ] Safepoint "ThreadDump", Time since last: 66300000 ns, Reaching safepoint: 10600 ns, Cleanup: 11100 ns, At safepoint: 248800 ns, Total: 270500 ns
[163.539s][info][safepoint   ] Safepoint "GC_HeapInspection", Time since last: 889790200 ns, Reaching safepoint: 9000 ns, Cleanup: 21900 ns, At safepoint: 55174000 ns, Total: 55204900 ns
[163.595s][info][safepoint   ] Safepoint "ThreadDump", Time since last: 56255600 ns, Reaching safepoint: 10600 ns, Cleanup: 13200 ns, At safepoint: 67600 ns, Total: 91400 ns
[164.547s][info][safepoint   ] Safepoint "GC_HeapInspection", Time since last: 889494700 ns, Reaching safepoint: 10700 ns, Cleanup: 25000 ns, At safepoint: 62170800 ns, Total: 62206500 ns
[164.597s][info][safepoint   ] Safepoint "ThreadDump", Time since last: 50264400 ns, Reaching safepoint: 7700 ns, Cleanup: 10600 ns, At safepoint: 73100 ns, Total: 91400 ns
[165.531s][info][safepoint   ] Safepoint "GC_HeapInspection", Time since last: 884993500 ns, Reaching safepoint: 10900 ns, Cleanup: 36000 ns, At safepoint: 48636100 ns, Total: 48683000 ns
[165.600s][info][safepoint   ] Safepoint "ThreadDump", Time since last: 68743700 ns, Reaching safepoint: 8000 ns, Cleanup: 10400 ns, At safepoint: 77400 ns, Total: 95800 ns
[165.602s][info][safepoint   ] Safepoint "FindDeadlocks", Time since last: 2734600 ns, Reaching safepoint: 5300 ns, Cleanup: 6200 ns, At safepoint: 11500 ns, Total: 23000 ns
[166.531s][info][safepoint   ] Safepoint "GC_HeapInspection", Time since last: 880694100 ns, Reaching safepoint: 10600 ns, Cleanup: 39800 ns, At safepoint: 47949600 ns, Total: 48000000 ns
[166.601s][info][safepoint   ] Safepoint "ThreadDump", Time since last: 69875100 ns, Reaching safepoint: 5800 ns, Cleanup: 6500 ns, At safepoint: 51000 ns, Total: 63300 ns
[166.950s][info][gc          ] GC(1) Major Collection (Heap Dump Initiated GC)
[166.950s][info][gc,task     ] GC(1) Using 8 Workers for Young Generation
[166.950s][info][gc,task     ] GC(1) Using 8 Workers for Old Generation
[166.950s][info][gc,phases   ] GC(1) Y: Young Generation (Promote All)
[166.950s][info][gc,phases   ] GC(1) Y: Pause Mark Start 0.018ms
[166.950s][info][safepoint   ] Safepoint "ZMarkStartYoung", Time since last: 349472600 ns, Reaching safepoint: 6400 ns, Cleanup: 4500 ns, At safepoint: 44000 ns, Total: 54900 ns
[166.956s][info][gc,phases   ] GC(1) Y: Concurrent Mark 5.928ms
[166.963s][info][gc,phases   ] GC(1) Y: Pause Mark End 0.009ms
[166.963s][info][safepoint   ] Safepoint "ZMarkEndYoung", Time since last: 12061300 ns, Reaching safepoint: 3000 ns, Cleanup: 2600 ns, At safepoint: 34800 ns, Total: 40400 ns
[166.963s][info][gc,phases   ] GC(1) Y: Concurrent Mark Free 0.001ms
[166.963s][info][gc,phases   ] GC(1) Y: Concurrent Reset Relocation Set 0.000ms
[166.965s][info][gc,reloc    ] GC(1) Y: Using tenuring threshold: 0 (Promote All)
[166.965s][info][gc,phases   ] GC(1) Y: Concurrent Select Relocation Set 2.455ms
[166.965s][info][gc,phases   ] GC(1) Y: Pause Relocate Start 0.004ms
[166.965s][info][safepoint   ] Safepoint "ZRelocateStartYoung", Time since last: 2719600 ns, Reaching safepoint: 1700 ns, Cleanup: 1600 ns, At safepoint: 22600 ns, Total: 25900 ns
[166.966s][info][gc,phases   ] GC(1) Y: Concurrent Relocate 0.578ms
[166.966s][info][gc,alloc    ] GC(1) Y:                         Mark Start        Mark End      Relocate Start    Relocate End   
[166.966s][info][gc,alloc    ] GC(1) Y: Allocation Stalls:          0                0                0                0         
[166.966s][info][gc,load     ] GC(1) Y: Load: 0.00 (0%) / 0.00 (0%) / 0.00 (0%)
[166.966s][info][gc,mmu      ] GC(1) Y: MMU: 2ms/96.4%, 5ms/98.6%, 10ms/99.3%, 20ms/99.4%, 50ms/99.8%, 100ms/99.8%
[166.966s][info][gc,marking  ] GC(1) Y: Mark: 8 stripe(s), 1 proactive flush(es), 1 terminate flush(es), 0 completion(s), 0 continuation(s) 
[166.966s][info][gc,marking  ] GC(1) Y: Mark Stack Usage: 32M
[166.966s][info][gc,nmethod  ] GC(1) Y: NMethods: 2042 registered, 0 unregistered
[166.966s][info][gc,metaspace] GC(1) Y: Metaspace: 9M used, 9M committed, 1088M reserved
[166.966s][info][gc,reloc    ] GC(1) Y:                        Candidates     Selected     In-Place         Size        Empty    Relocated 
[166.966s][info][gc,reloc    ] GC(1) Y: Small Pages:                    5            2            0          10M           4M           0M 
[166.966s][info][gc,reloc    ] GC(1) Y: Medium Pages:                   0            0            0           0M           0M           0M 
[166.966s][info][gc,reloc    ] GC(1) Y: Large Pages:                    0            0            0           0M           0M           0M 
[166.966s][info][gc,reloc    ] GC(1) Y: Forwarding Usage: 0M
[166.966s][info][gc,reloc    ] GC(1) Y: Age Table:
[166.966s][info][gc,reloc    ] GC(1) Y:                    Live             Garbage             Small              Medium             Large        
[166.966s][info][gc,reloc    ] GC(1) Y: Eden               0M (0%)            7M (0%)           4 / 1              0 / 0              0 / 0        
[166.966s][info][gc,reloc    ] GC(1) Y: Survivor 1         0M (0%)            1M (0%)           1 / 1              0 / 0              0 / 0        
[166.966s][info][gc,heap     ] GC(1) Y: Min Capacity: 2048M(100%)
[166.966s][info][gc,heap     ] GC(1) Y: Max Capacity: 2048M(100%)
[166.966s][info][gc,heap     ] GC(1) Y: Soft Max Capacity: 2048M(100%)
[166.966s][info][gc,heap     ] GC(1) Y: Heap Statistics:
[166.967s][info][gc,heap     ] GC(1) Y:                Mark Start          Mark End        Relocate Start      Relocate End           High               Low         
[166.967s][info][gc,heap     ] GC(1) Y:  Capacity:     2048M (100%)       2048M (100%)       2048M (100%)       2048M (100%)       2048M (100%)       2048M (100%)   
[166.967s][info][gc,heap     ] GC(1) Y:      Free:     2028M (99%)        2028M (99%)        2032M (99%)        2036M (99%)        2036M (99%)        2028M (99%)    
[166.967s][info][gc,heap     ] GC(1) Y:      Used:       20M (1%)           20M (1%)           16M (1%)           12M (1%)           20M (1%)           12M (1%)     
[166.967s][info][gc,heap     ] GC(1) Y: Young Generation Statistics:
[166.967s][info][gc,heap     ] GC(1) Y:                Mark Start          Mark End        Relocate Start      Relocate End    
[166.967s][info][gc,heap     ] GC(1) Y:      Used:       10M (0%)           10M (0%)            6M (0%)            0M (0%)     
[166.967s][info][gc,heap     ] GC(1) Y:      Live:         -                 0M (0%)            0M (0%)            0M (0%)     
[166.967s][info][gc,heap     ] GC(1) Y:   Garbage:         -                 9M (0%)            5M (0%)            0M (0%)     
[166.967s][info][gc,heap     ] GC(1) Y: Allocated:         -                 0M (0%)            0M (0%)            0M (0%)     
[166.967s][info][gc,heap     ] GC(1) Y: Reclaimed:         -                  -                 4M (0%)            9M (0%)     
[166.967s][info][gc,heap     ] GC(1) Y:  Promoted:         -                  -                 0M (0%)            0M (0%)     
[166.967s][info][gc,heap     ] GC(1) Y: Compacted:         -                  -                  -                 0M (0%)     
[166.967s][info][gc,phases   ] GC(1) Y: Young Generation (Promote All) 20M(1%)->12M(1%) 0.016s
[166.967s][info][gc,phases   ] GC(1) Y: Young Generation (Collect Roots)
[166.967s][info][gc,phases   ] GC(1) Y: Pause Mark Start (Major) 0.008ms
[166.967s][info][safepoint   ] Safepoint "ZMarkStartYoungAndOld", Time since last: 1532300 ns, Reaching safepoint: 1700 ns, Cleanup: 1600 ns, At safepoint: 25500 ns, Total: 28800 ns
[166.969s][info][gc,phases   ] GC(1) Y: Concurrent Mark 2.272ms
[166.969s][info][gc,phases   ] GC(1) Y: Pause Mark End 0.016ms
[166.969s][info][safepoint   ] Safepoint "ZMarkEndYoung", Time since last: 2462500 ns, Reaching safepoint: 3900 ns, Cleanup: 3100 ns, At safepoint: 61900 ns, Total: 68900 ns
[166.970s][info][gc,phases   ] GC(1) Y: Concurrent Mark Free 0.672ms
[166.970s][info][gc,phases   ] GC(1) Y: Concurrent Reset Relocation Set 0.001ms
[166.975s][info][gc,reloc    ] GC(1) Y: Using tenuring threshold: 0 (Computed)
[166.975s][info][gc,phases   ] GC(1) Y: Concurrent Select Relocation Set 4.692ms
[166.975s][info][gc,phases   ] GC(1) Y: Pause Relocate Start 0.014ms
[166.975s][info][safepoint   ] Safepoint "ZRelocateStartYoung", Time since last: 5598900 ns, Reaching safepoint: 6400 ns, Cleanup: 6600 ns, At safepoint: 88600 ns, Total: 101600 ns
[166.975s][info][gc,phases   ] GC(1) Y: Concurrent Relocate 0.212ms
[166.975s][info][gc,alloc    ] GC(1) Y:                         Mark Start        Mark End      Relocate Start    Relocate End   
[166.976s][info][gc,alloc    ] GC(1) Y: Allocation Stalls:          0                0                0                0         
[166.976s][info][gc,load     ] GC(1) Y: Load: 0.00 (0%) / 0.00 (0%) / 0.00 (0%)
[166.976s][info][gc,mmu      ] GC(1) Y: MMU: 2ms/96.4%, 5ms/98.6%, 10ms/99.3%, 20ms/99.4%, 50ms/99.8%, 100ms/99.8%
[166.976s][info][gc,marking  ] GC(1) Y: Mark: 8 stripe(s), 1 proactive flush(es), 1 terminate flush(es), 0 completion(s), 0 continuation(s) 
[166.976s][info][gc,marking  ] GC(1) Y: Mark Stack Usage: 0M
[166.976s][info][gc,nmethod  ] GC(1) Y: NMethods: 2042 registered, 0 unregistered
[166.976s][info][gc,metaspace] GC(1) Y: Metaspace: 9M used, 9M committed, 1088M reserved
[166.976s][info][gc,heap     ] GC(1) Y: Min Capacity: 2048M(100%)
[166.976s][info][gc,heap     ] GC(1) Y: Max Capacity: 2048M(100%)
[166.976s][info][gc,heap     ] GC(1) Y: Soft Max Capacity: 2048M(100%)
[166.976s][info][gc,heap     ] GC(1) Y: Heap Statistics:
[166.976s][info][gc,heap     ] GC(1) Y:                Mark Start          Mark End        Relocate Start      Relocate End           High               Low         
[166.976s][info][gc,heap     ] GC(1) Y:  Capacity:     2048M (100%)       2048M (100%)       2048M (100%)       2048M (100%)       2048M (100%)       2048M (100%)   
[166.976s][info][gc,heap     ] GC(1) Y:      Free:     2036M (99%)        2036M (99%)        2036M (99%)        2036M (99%)        2036M (99%)        2036M (99%)    
[166.976s][info][gc,heap     ] GC(1) Y:      Used:       12M (1%)           12M (1%)           12M (1%)           12M (1%)           12M (1%)           12M (1%)     
[166.976s][info][gc,heap     ] GC(1) Y: Young Generation Statistics:
[166.976s][info][gc,heap     ] GC(1) Y:                Mark Start          Mark End        Relocate Start      Relocate End    
[166.976s][info][gc,heap     ] GC(1) Y:      Used:        0M (0%)            0M (0%)            0M (0%)            0M (0%)     
[166.976s][info][gc,heap     ] GC(1) Y:      Live:         -                 0M (0%)            0M (0%)            0M (0%)     
[166.976s][info][gc,heap     ] GC(1) Y:   Garbage:         -                 0M (0%)            0M (0%)            0M (0%)     
[166.976s][info][gc,heap     ] GC(1) Y: Allocated:         -                 0M (0%)            0M (0%)            0M (0%)     
[166.976s][info][gc,heap     ] GC(1) Y: Reclaimed:         -                  -                 0M (0%)            0M (0%)     
[166.976s][info][gc,heap     ] GC(1) Y:  Promoted:         -                  -                 0M (0%)            0M (0%)     
[166.976s][info][gc,heap     ] GC(1) Y: Compacted:         -                  -                  -                 0M (0%)     
[166.976s][info][gc,phases   ] GC(1) Y: Young Generation (Collect Roots) 12M(1%)->12M(1%) 0.009s
[166.976s][info][gc,phases   ] GC(1) O: Old Generation
[166.996s][info][gc,phases   ] GC(1) O: Concurrent Mark 19.774ms
[166.996s][info][gc,phases   ] GC(1) O: Pause Mark End 0.031ms
[166.996s][info][safepoint   ] Safepoint "ZMarkEndOld", Time since last: 21205900 ns, Reaching safepoint: 6200 ns, Cleanup: 7400 ns, At safepoint: 107600 ns, Total: 121200 ns
[166.997s][info][gc,phases   ] GC(1) O: Concurrent Mark Free 0.001ms
[167.001s][info][gc,phases   ] GC(1) O: Concurrent Process Non-Strong 4.237ms
[167.001s][info][gc,phases   ] GC(1) O: Concurrent Reset Relocation Set 0.001ms
[167.006s][info][gc,phases   ] GC(1) O: Concurrent Select Relocation Set 4.823ms
[167.006s][info][gc,task     ] GC(1) O: Using 8 Workers for Old Generation
[167.006s][info][safepoint   ] Safepoint "CleanClassLoaderDataMetaspaces", Time since last: 9289800 ns, Reaching safepoint: 2600 ns, Cleanup: 23100 ns, At safepoint: 384400 ns, Total: 410100 ns
[167.095s][info][gc,task     ] GC(1) O: Using 8 Workers for Old Generation
[167.095s][info][gc,phases   ] GC(1) O: Concurrent Remap Roots 89.414ms
[167.095s][info][gc,phases   ] GC(1) O: Pause Relocate Start 0.028ms
[167.095s][info][safepoint   ] Safepoint "ZRelocateStartOld", Time since last: 89126000 ns, Reaching safepoint: 11600 ns, Cleanup: 10300 ns, At safepoint: 160900 ns, Total: 182800 ns
[167.098s][info][gc,phases   ] GC(1) O: Concurrent Relocate 2.053ms
[167.098s][info][gc,alloc    ] GC(1) O:                         Mark Start        Mark End      Relocate Start    Relocate End   
[167.098s][info][gc,alloc    ] GC(1) O: Allocation Stalls:          0                0                0                0         
[167.098s][info][gc,load     ] GC(1) O: Load: 0.00 (0%) / 0.00 (0%) / 0.00 (0%)
[167.098s][info][gc,mmu      ] GC(1) O: MMU: 2ms/96.4%, 5ms/98.6%, 10ms/99.3%, 20ms/99.4%, 50ms/99.8%, 100ms/99.8%
[167.098s][info][gc,marking  ] GC(1) O: Mark: 8 stripe(s), 1 proactive flush(es), 1 terminate flush(es), 0 completion(s), 0 continuation(s) 
[167.098s][info][gc,marking  ] GC(1) O: Mark Stack Usage: 32M
[167.098s][info][gc,nmethod  ] GC(1) O: NMethods: 2029 registered, 13 unregistered
[167.098s][info][gc,metaspace] GC(1) O: Metaspace: 9M used, 9M committed, 1088M reserved
[167.098s][info][gc,ref      ] GC(1) O:                       Encountered   Discovered     Enqueued 
[167.098s][info][gc,ref      ] GC(1) O: Soft References:              753            0            0 
[167.098s][info][gc,ref      ] GC(1) O: Weak References:             1387          575            0 
[167.098s][info][gc,ref      ] GC(1) O: Final References:               0            0            0 
[167.098s][info][gc,ref      ] GC(1) O: Phantom References:            14            8            0 
[167.098s][info][gc,reloc    ] GC(1) O:                        Candidates     Selected     In-Place         Size        Empty    Relocated 
[167.098s][info][gc,reloc    ] GC(1) O: Small Pages:                    6            2            0          12M           0M           0M 
[167.098s][info][gc,reloc    ] GC(1) O: Medium Pages:                   0            0            0           0M           0M           0M 
[167.098s][info][gc,reloc    ] GC(1) O: Large Pages:                    0            0            0           0M           0M           0M 
[167.098s][info][gc,reloc    ] GC(1) O: Forwarding Usage: 0M
[167.098s][info][gc,heap     ] GC(1) O: Min Capacity: 2048M(100%)
[167.098s][info][gc,heap     ] GC(1) O: Max Capacity: 2048M(100%)
[167.098s][info][gc,heap     ] GC(1) O: Soft Max Capacity: 2048M(100%)
[167.099s][info][gc,heap     ] GC(1) O: Heap Statistics:
[167.099s][info][gc,heap     ] GC(1) O:                Mark Start          Mark End        Relocate Start      Relocate End           High               Low         
[167.099s][info][gc,heap     ] GC(1) O:  Capacity:     2048M (100%)       2048M (100%)       2048M (100%)       2048M (100%)       2048M (100%)       2048M (100%)   
[167.099s][info][gc,heap     ] GC(1) O:      Free:     2036M (99%)        2036M (99%)        2036M (99%)        2036M (99%)        2036M (99%)        2030M (99%)    
[167.099s][info][gc,heap     ] GC(1) O:      Used:       12M (1%)           12M (1%)           12M (1%)           12M (1%)           18M (1%)           12M (1%)     
[167.099s][info][gc,heap     ] GC(1) O: Old Generation Statistics:
[167.099s][info][gc,heap     ] GC(1) O:                Mark Start          Mark End        Relocate Start      Relocate End    
[167.099s][info][gc,heap     ] GC(1) O:      Used:       12M (1%)           12M (1%)           12M (1%)           12M (1%)     
[167.099s][info][gc,heap     ] GC(1) O:      Live:         -                 5M (0%)            5M (0%)            5M (0%)     
[167.099s][info][gc,heap     ] GC(1) O:   Garbage:         -                 6M (0%)            6M (0%)            0M (0%)     
[167.099s][info][gc,heap     ] GC(1) O: Allocated:         -                 0M (0%)            0M (0%)            5M (0%)     
[167.099s][info][gc,heap     ] GC(1) O: Reclaimed:         -                  -                 0M (0%)            5M (0%)     
[167.099s][info][gc,heap     ] GC(1) O: Compacted:         -                  -                  -                 0M (0%)     
[167.099s][info][gc,phases   ] GC(1) O: Old Generation 12M(1%)->12M(1%) 0.121s
[167.099s][info][gc          ] GC(1) Major Collection (Heap Dump Initiated GC) 20M(1%)->12M(1%) 0.149s
[167.607s][info][safepoint   ] Safepoint "HeapDumper", Time since last: 3728600 ns, Reaching safepoint: 7500 ns, Cleanup: 767500 ns, At safepoint: 507243200 ns, Total: 508018200 ns
[167.654s][info][safepoint   ] Safepoint "GC_HeapInspection", Time since last: 3200900 ns, Reaching safepoint: 6700 ns, Cleanup: 35000 ns, At safepoint: 43375700 ns, Total: 43417400 ns
[167.660s][info][safepoint   ] Safepoint "ThreadDump", Time since last: 6143300 ns, Reaching safepoint: 7100 ns, Cleanup: 194000 ns, At safepoint: 134200 ns, Total: 335300 ns
[168.602s][info][safepoint   ] Safepoint "ThreadDump", Time since last: 941713000 ns, Reaching safepoint: 4500 ns, Cleanup: 11400 ns, At safepoint: 61600 ns, Total: 77500 ns
[169.599s][info][safepoint   ] Safepoint "ThreadDump", Time since last: 996779400 ns, Reaching safepoint: 11600 ns, Cleanup: 15200 ns, At safepoint: 74100 ns, Total: 100900 ns
[170.602s][info][safepoint   ] Safepoint "ThreadDump", Time since last: 1003244600 ns, Reaching safepoint: 5300 ns, Cleanup: 67200 ns, At safepoint: 100800 ns, Total: 173300 ns
[171.601s][info][safepoint   ] Safepoint "ThreadDump", Time since last: 998316400 ns, Reaching safepoint: 7100 ns, Cleanup: 13500 ns, At safepoint: 135300 ns, Total: 155900 ns
[172.604s][info][safepoint   ] Safepoint "ThreadDump", Time since last: 1003096600 ns, Reaching safepoint: 11100 ns, Cleanup: 37500 ns, At safepoint: 161800 ns, Total: 210400 ns
[173.604s][info][safepoint   ] Safepoint "ThreadDump", Time since last: 999609800 ns, Reaching safepoint: 6400 ns, Cleanup: 46800 ns, At safepoint: 99100 ns, Total: 152300 ns
[174.604s][info][safepoint   ] Safepoint "ThreadDump", Time since last: 999297700 ns, Reaching safepoint: 10800 ns, Cleanup: 313400 ns, At safepoint: 127200 ns, Total: 451400 ns
[175.604s][info][safepoint   ] Safepoint "ThreadDump", Time since last: 1000713100 ns, Reaching safepoint: 4700 ns, Cleanup: 13300 ns, At safepoint: 66600 ns, Total: 84600 ns
[175.607s][info][safepoint   ] Safepoint "FindDeadlocks", Time since last: 2314300 ns, Reaching safepoint: 5300 ns, Cleanup: 5600 ns, At safepoint: 6900 ns, Total: 17800 ns
[176.605s][info][safepoint   ] Safepoint "ThreadDump", Time since last: 997605900 ns, Reaching safepoint: 17300 ns, Cleanup: 12100 ns, At safepoint: 143600 ns, Total: 173000 ns
[177.606s][info][safepoint   ] Safepoint "ThreadDump", Time since last: 1000885000 ns, Reaching safepoint: 5100 ns, Cleanup: 11500 ns, At safepoint: 127200 ns, Total: 143800 ns
[178.608s][info][safepoint   ] Safepoint "ThreadDump", Time since last: 1002222100 ns, Reaching safepoint: 3500 ns, Cleanup: 10300 ns, At safepoint: 92800 ns, Total: 106600 ns
[179.608s][info][safepoint   ] Safepoint "ThreadDump", Time since last: 1000044200 ns, Reaching safepoint: 3500 ns, Cleanup: 8100 ns, At safepoint: 50400 ns, Total: 62000 ns
[180.612s][info][safepoint   ] Safepoint "ThreadDump", Time since last: 1003495400 ns, Reaching safepoint: 7100 ns, Cleanup: 6100 ns, At safepoint: 57500 ns, Total: 70700 ns
[181.610s][info][safepoint   ] Safepoint "ThreadDump", Time since last: 998666000 ns, Reaching safepoint: 3300 ns, Cleanup: 8200 ns, At safepoint: 38000 ns, Total: 49500 ns
[182.612s][info][safepoint   ] Safepoint "ThreadDump", Time since last: 1001350400 ns, Reaching safepoint: 6000 ns, Cleanup: 22400 ns, At safepoint: 184100 ns, Total: 212500 ns
[183.613s][info][safepoint   ] Safepoint "ThreadDump", Time since last: 1000890400 ns, Reaching safepoint: 6300 ns, Cleanup: 14200 ns, At safepoint: 159700 ns, Total: 180200 ns
[184.612s][info][safepoint   ] Safepoint "ThreadDump", Time since last: 999385900 ns, Reaching safepoint: 4400 ns, Cleanup: 13200 ns, At safepoint: 52400 ns, Total: 70000 ns
[185.615s][info][safepoint   ] Safepoint "ThreadDump", Time since last: 1002120600 ns, Reaching safepoint: 4400 ns, Cleanup: 11300 ns, At safepoint: 126500 ns, Total: 142200 ns
[185.619s][info][safepoint   ] Safepoint "FindDeadlocks", Time since last: 4042100 ns, Reaching safepoint: 3000 ns, Cleanup: 3800 ns, At safepoint: 4900 ns, Total: 11700 ns
[186.615s][info][safepoint   ] Safepoint "ThreadDump", Time since last: 996456900 ns, Reaching safepoint: 14200 ns, Cleanup: 6000 ns, At safepoint: 70500 ns, Total: 90700 ns
[187.618s][info][safepoint   ] Safepoint "ThreadDump", Time since last: 1002283900 ns, Reaching safepoint: 8900 ns, Cleanup: 22000 ns, At safepoint: 112800 ns, Total: 143700 ns
[188.618s][info][safepoint   ] Safepoint "ThreadDump", Time since last: 999807300 ns, Reaching safepoint: 6900 ns, Cleanup: 146500 ns, At safepoint: 134000 ns, Total: 287400 ns
[189.629s][info][safepoint   ] Safepoint "ThreadDump", Time since last: 1010608200 ns, Reaching safepoint: 5300 ns, Cleanup: 14400 ns, At safepoint: 146500 ns, Total: 166200 ns
[190.642s][info][safepoint   ] Safepoint "ThreadDump", Time since last: 1012924200 ns, Reaching safepoint: 3200 ns, Cleanup: 6600 ns, At safepoint: 34200 ns, Total: 44000 ns
[191.655s][info][safepoint   ] Safepoint "ThreadDump", Time since last: 1012938100 ns, Reaching safepoint: 6800 ns, Cleanup: 28200 ns, At safepoint: 180400 ns, Total: 215400 ns
[192.670s][info][safepoint   ] Safepoint "ThreadDump", Time since last: 1014872800 ns, Reaching safepoint: 5800 ns, Cleanup: 45900 ns, At safepoint: 200300 ns, Total: 252000 ns
[193.685s][info][safepoint   ] Safepoint "ThreadDump", Time since last: 1014989800 ns, Reaching safepoint: 7700 ns, Cleanup: 28600 ns, At safepoint: 82300 ns, Total: 118600 ns
[194.699s][info][safepoint   ] Safepoint "ThreadDump", Time since last: 1013628700 ns, Reaching safepoint: 8200 ns, Cleanup: 18100 ns, At safepoint: 160200 ns, Total: 186500 ns
[195.709s][info][safepoint   ] Safepoint "Cleanup", Time since last: 1010228500 ns, Reaching safepoint: 11000 ns, Cleanup: 44900 ns, At safepoint: 3700 ns, Total: 59600 ns
[195.713s][info][safepoint   ] Safepoint "ThreadDump", Time since last: 4092300 ns, Reaching safepoint: 5600 ns, Cleanup: 6800 ns, At safepoint: 73800 ns, Total: 86200 ns
[195.716s][info][safepoint   ] Safepoint "FindDeadlocks", Time since last: 2727200 ns, Reaching safepoint: 7300 ns, Cleanup: 9200 ns, At safepoint: 10300 ns, Total: 26800 ns
[196.729s][info][safepoint   ] Safepoint "ThreadDump", Time since last: 1013237400 ns, Reaching safepoint: 6600 ns, Cleanup: 9700 ns, At safepoint: 99800 ns, Total: 116100 ns
[197.733s][info][safepoint   ] Safepoint "ThreadDump", Time since last: 1003263500 ns, Reaching safepoint: 5200 ns, Cleanup: 9400 ns, At safepoint: 689100 ns, Total: 703700 ns
[198.744s][info][safepoint   ] Safepoint "ThreadDump", Time since last: 1010772400 ns, Reaching safepoint: 22100 ns, Cleanup: 16100 ns, At safepoint: 192300 ns, Total: 230500 ns
[199.753s][info][safepoint   ] Safepoint "ThreadDump", Time since last: 1008933800 ns, Reaching safepoint: 7200 ns, Cleanup: 27200 ns, At safepoint: 101000 ns, Total: 135400 ns
[200.767s][info][safepoint   ] Safepoint "ThreadDump", Time since last: 1013355100 ns, Reaching safepoint: 4900 ns, Cleanup: 14600 ns, At safepoint: 81500 ns, Total: 101000 ns
[201.775s][info][safepoint   ] Safepoint "ThreadDump", Time since last: 1008500200 ns, Reaching safepoint: 8600 ns, Cleanup: 10800 ns, At safepoint: 72700 ns, Total: 92100 ns
[202.777s][info][safepoint   ] Safepoint "ThreadDump", Time since last: 1001740000 ns, Reaching safepoint: 5600 ns, Cleanup: 15000 ns, At safepoint: 147400 ns, Total: 168000 ns
[203.788s][info][safepoint   ] Safepoint "ThreadDump", Time since last: 1010885600 ns, Reaching safepoint: 4100 ns, Cleanup: 11100 ns, At safepoint: 88200 ns, Total: 103400 ns
[204.802s][info][safepoint   ] Safepoint "ThreadDump", Time since last: 1013946100 ns, Reaching safepoint: 2900 ns, Cleanup: 8800 ns, At safepoint: 30300 ns, Total: 42000 ns
[205.808s][info][safepoint   ] Safepoint "ThreadDump", Time since last: 1005663600 ns, Reaching safepoint: 4700 ns, Cleanup: 14400 ns, At safepoint: 68500 ns, Total: 87600 ns
[205.810s][info][safepoint   ] Safepoint "FindDeadlocks", Time since last: 2362600 ns, Reaching safepoint: 8100 ns, Cleanup: 7700 ns, At safepoint: 2600 ns, Total: 18400 ns
[206.803s][info][safepoint   ] Safepoint "ThreadDump", Time since last: 992444900 ns, Reaching safepoint: 3000 ns, Cleanup: 6200 ns, At safepoint: 41900 ns, Total: 51100 ns
[207.803s][info][safepoint   ] Safepoint "Cleanup", Time since last: 1000246000 ns, Reaching safepoint: 7700 ns, Cleanup: 20500 ns, At safepoint: 2900 ns, Total: 31100 ns
[207.808s][info][safepoint   ] Safepoint "ThreadDump", Time since last: 4584000 ns, Reaching safepoint: 8000 ns, Cleanup: 7900 ns, At safepoint: 28600 ns, Total: 44500 ns
[208.823s][info][safepoint   ] Safepoint "ThreadDump", Time since last: 1015337600 ns, Reaching safepoint: 10300 ns, Cleanup: 27700 ns, At safepoint: 90000 ns, Total: 128000 ns
[209.836s][info][safepoint   ] Safepoint "ThreadDump", Time since last: 1012552300 ns, Reaching safepoint: 7600 ns, Cleanup: 24200 ns, At safepoint: 78500 ns, Total: 110300 ns
[210.839s][info][safepoint   ] Safepoint "ThreadDump", Time since last: 1002605400 ns, Reaching safepoint: 9900 ns, Cleanup: 23200 ns, At safepoint: 106700 ns, Total: 139800 ns
[211.844s][info][safepoint   ] Safepoint "ThreadDump", Time since last: 1004806700 ns, Reaching safepoint: 9700 ns, Cleanup: 17200 ns, At safepoint: 67700 ns, Total: 94600 ns
[212.849s][info][safepoint   ] Safepoint "ThreadDump", Time since last: 1005302100 ns, Reaching safepoint: 5800 ns, Cleanup: 14000 ns, At safepoint: 135600 ns, Total: 155400 ns
[213.853s][info][safepoint   ] Safepoint "ThreadDump", Time since last: 1004214500 ns, Reaching safepoint: 2800 ns, Cleanup: 8300 ns, At safepoint: 27600 ns, Total: 38700 ns
[214.868s][info][safepoint   ] Safepoint "ThreadDump", Time since last: 1014818000 ns, Reaching safepoint: 5100 ns, Cleanup: 12600 ns, At safepoint: 57300 ns, Total: 75000 ns
[215.877s][info][safepoint   ] Safepoint "ThreadDump", Time since last: 1008259000 ns, Reaching safepoint: 5500 ns, Cleanup: 4300 ns, At safepoint: 31200 ns, Total: 41000 ns
[215.879s][info][safepoint   ] Safepoint "FindDeadlocks", Time since last: 2450100 ns, Reaching safepoint: 2600 ns, Cleanup: 8300 ns, At safepoint: 3500 ns, Total: 14400 ns
[216.889s][info][safepoint   ] Safepoint "ThreadDump", Time since last: 1009555900 ns, Reaching safepoint: 5200 ns, Cleanup: 6600 ns, At safepoint: 52800 ns, Total: 64600 ns
[217.900s][info][safepoint   ] Safepoint "ThreadDump", Time since last: 1011403100 ns, Reaching safepoint: 5300 ns, Cleanup: 14600 ns, At safepoint: 68800 ns, Total: 88700 ns
[218.909s][info][safepoint   ] Safepoint "ThreadDump", Time since last: 1008739400 ns, Reaching safepoint: 15800 ns, Cleanup: 40900 ns, At safepoint: 52100 ns, Total: 108800 ns
[219.911s][info][safepoint   ] Safepoint "ThreadDump", Time since last: 1002268600 ns, Reaching safepoint: 3000 ns, Cleanup: 6400 ns, At safepoint: 39000 ns, Total: 48400 ns
[220.929s][info][safepoint   ] Safepoint "ThreadDump", Time since last: 1017401300 ns, Reaching safepoint: 3400 ns, Cleanup: 5700 ns, At safepoint: 37500 ns, Total: 46600 ns
[221.938s][info][safepoint   ] Safepoint "ThreadDump", Time since last: 1009017700 ns, Reaching safepoint: 6700 ns, Cleanup: 18500 ns, At safepoint: 44700 ns, Total: 69900 ns
[222.959s][info][safepoint   ] Safepoint "ThreadDump", Time since last: 1021099500 ns, Reaching safepoint: 2700 ns, Cleanup: 9400 ns, At safepoint: 111700 ns, Total: 123800 ns
[223.950s][info][safepoint   ] Safepoint "ThreadDump", Time since last: 991373700 ns, Reaching safepoint: 3100 ns, Cleanup: 8300 ns, At safepoint: 44500 ns, Total: 55900 ns
[224.953s][info][safepoint   ] Safepoint "ThreadDump", Time since last: 1002436100 ns, Reaching safepoint: 13200 ns, Cleanup: 6400 ns, At safepoint: 26300 ns, Total: 45900 ns
[225.969s][info][safepoint   ] Safepoint "ThreadDump", Time since last: 1015736700 ns, Reaching safepoint: 8300 ns, Cleanup: 55700 ns, At safepoint: 115500 ns, Total: 179500 ns
[225.971s][info][safepoint   ] Safepoint "FindDeadlocks", Time since last: 2293400 ns, Reaching safepoint: 5300 ns, Cleanup: 57800 ns, At safepoint: 10000 ns, Total: 73100 ns
[226.982s][info][safepoint   ] Safepoint "ThreadDump", Time since last: 1010420800 ns, Reaching safepoint: 6300 ns, Cleanup: 17200 ns, At safepoint: 97800 ns, Total: 121300 ns
[227.985s][info][safepoint   ] Safepoint "ThreadDump", Time since last: 1003387300 ns, Reaching safepoint: 4400 ns, Cleanup: 4800 ns, At safepoint: 42000 ns, Total: 51200 ns
[228.986s][info][safepoint   ] Safepoint "ThreadDump", Time since last: 1001081000 ns, Reaching safepoint: 9200 ns, Cleanup: 16200 ns, At safepoint: 54700 ns, Total: 80100 ns
[229.579s][info][safepoint   ] Safepoint "GC_HeapInspection", Time since last: 549725800 ns, Reaching safepoint: 9200 ns, Cleanup: 22300 ns, At safepoint: 43256400 ns, Total: 43287900 ns
[229.897s][info][safepoint   ] Safepoint "GC_HeapInspection", Time since last: 266706800 ns, Reaching safepoint: 13100 ns, Cleanup: 11800 ns, At safepoint: 50664600 ns, Total: 50689500 ns
[229.987s][info][safepoint   ] Safepoint "ThreadDump", Time since last: 90126300 ns, Reaching safepoint: 7300 ns, Cleanup: 8200 ns, At safepoint: 68500 ns, Total: 84000 ns
[230.896s][info][safepoint   ] Safepoint "GC_HeapInspection", Time since last: 860346300 ns, Reaching safepoint: 11500 ns, Cleanup: 37000 ns, At safepoint: 48261500 ns, Total: 48310000 ns
[230.988s][info][safepoint   ] Safepoint "ThreadDump", Time since last: 92392900 ns, Reaching safepoint: 6900 ns, Cleanup: 10600 ns, At safepoint: 81100 ns, Total: 98600 ns
[231.902s][info][safepoint   ] Safepoint "GC_HeapInspection", Time since last: 858442500 ns, Reaching safepoint: 11300 ns, Cleanup: 37000 ns, At safepoint: 55346900 ns, Total: 55395200 ns
[231.990s][info][safepoint   ] Safepoint "ThreadDump", Time since last: 87311000 ns, Reaching safepoint: 11000 ns, Cleanup: 8700 ns, At safepoint: 531100 ns, Total: 550800 ns
[232.902s][info][safepoint   ] Safepoint "GC_HeapInspection", Time since last: 858616500 ns, Reaching safepoint: 9100 ns, Cleanup: 41100 ns, At safepoint: 53121100 ns, Total: 53171300 ns
[232.990s][info][safepoint   ] Safepoint "ThreadDump", Time since last: 88423100 ns, Reaching safepoint: 6500 ns, Cleanup: 8900 ns, At safepoint: 161000 ns, Total: 176400 ns
[233.898s][info][safepoint   ] Safepoint "GC_HeapInspection", Time since last: 858877900 ns, Reaching safepoint: 18400 ns, Cleanup: 35300 ns, At safepoint: 48675300 ns, Total: 48729000 ns
[233.997s][info][gc          ] GC(2) Major Collection (Heap Dump Initiated GC)
[233.998s][info][gc,task     ] GC(2) Using 8 Workers for Young Generation
[233.998s][info][gc,task     ] GC(2) Using 8 Workers for Old Generation
[233.998s][info][gc,phases   ] GC(2) Y: Young Generation (Promote All)
[234.012s][info][safepoint   ] Safepoint "ThreadDump", Time since last: 95733600 ns, Reaching safepoint: 17766700 ns, Cleanup: 215200 ns, At safepoint: 109600 ns, Total: 18091500 ns
[234.012s][info][gc,phases   ] GC(2) Y: Pause Mark Start 0.036ms
[234.012s][info][safepoint   ] Safepoint "ZMarkStartYoung", Time since last: 171100 ns, Reaching safepoint: 5200 ns, Cleanup: 4700 ns, At safepoint: 108600 ns, Total: 118500 ns
[234.019s][info][gc,phases   ] GC(2) Y: Concurrent Mark 6.881ms
[234.019s][info][gc,phases   ] GC(2) Y: Pause Mark End 0.031ms
[234.019s][info][safepoint   ] Safepoint "ZMarkEndYoung", Time since last: 7099700 ns, Reaching safepoint: 6100 ns, Cleanup: 14200 ns, At safepoint: 209500 ns, Total: 229800 ns
[234.019s][info][gc,phases   ] GC(2) Y: Concurrent Mark Free 0.001ms
[234.019s][info][gc,phases   ] GC(2) Y: Concurrent Reset Relocation Set 0.001ms
[234.024s][info][gc,reloc    ] GC(2) Y: Using tenuring threshold: 0 (Promote All)
[234.028s][info][gc,phases   ] GC(2) Y: Concurrent Select Relocation Set 8.569ms
[234.028s][info][gc,phases   ] GC(2) Y: Pause Relocate Start 0.026ms
[234.028s][info][safepoint   ] Safepoint "ZRelocateStartYoung", Time since last: 8859100 ns, Reaching safepoint: 7500 ns, Cleanup: 8500 ns, At safepoint: 75800 ns, Total: 91800 ns
[234.039s][info][gc,phases   ] GC(2) Y: Concurrent Relocate 10.653ms
[234.039s][info][gc,alloc    ] GC(2) Y:                         Mark Start        Mark End      Relocate Start    Relocate End   
[234.039s][info][gc,alloc    ] GC(2) Y: Allocation Stalls:          0                0                0                0         
[234.039s][info][gc,load     ] GC(2) Y: Load: 0.00 (0%) / 0.00 (0%) / 0.00 (0%)
[234.039s][info][gc,mmu      ] GC(2) Y: MMU: 2ms/96.4%, 5ms/98.6%, 10ms/99.3%, 20ms/99.4%, 50ms/99.8%, 100ms/99.8%
[234.039s][info][gc,marking  ] GC(2) Y: Mark: 8 stripe(s), 2 proactive flush(es), 1 terminate flush(es), 0 completion(s), 0 continuation(s) 
[234.039s][info][gc,marking  ] GC(2) Y: Mark Stack Usage: 32M
[234.039s][info][gc,nmethod  ] GC(2) Y: NMethods: 2106 registered, 13 unregistered
[234.039s][info][gc,metaspace] GC(2) Y: Metaspace: 9M used, 9M committed, 1088M reserved
[234.039s][info][gc,reloc    ] GC(2) Y:                        Candidates     Selected     In-Place         Size        Empty    Relocated 
[234.039s][info][gc,reloc    ] GC(2) Y: Small Pages:                   11            9            0          22M           2M           1M 
[234.039s][info][gc,reloc    ] GC(2) Y: Medium Pages:                   0            0            0           0M           0M           0M 
[234.039s][info][gc,reloc    ] GC(2) Y: Large Pages:                    0            0            0           0M           0M           0M 
[234.039s][info][gc,reloc    ] GC(2) Y: Forwarding Usage: 1M
[234.039s][info][gc,reloc    ] GC(2) Y: Age Table:
[234.040s][info][gc,reloc    ] GC(2) Y:                    Live             Garbage             Small              Medium             Large        
[234.040s][info][gc,reloc    ] GC(2) Y: Eden               1M (0%)           20M (1%)          11 / 9              0 / 0              0 / 0        
[234.040s][info][gc,heap     ] GC(2) Y: Min Capacity: 2048M(100%)
[234.040s][info][gc,heap     ] GC(2) Y: Max Capacity: 2048M(100%)
[234.040s][info][gc,heap     ] GC(2) Y: Soft Max Capacity: 2048M(100%)
[234.040s][info][gc,heap     ] GC(2) Y: Heap Statistics:
[234.040s][info][gc,heap     ] GC(2) Y:                Mark Start          Mark End        Relocate Start      Relocate End           High               Low         
[234.040s][info][gc,heap     ] GC(2) Y:  Capacity:     2048M (100%)       2048M (100%)       2048M (100%)       2048M (100%)       2048M (100%)       2048M (100%)   
[234.040s][info][gc,heap     ] GC(2) Y:      Free:     2014M (98%)        2010M (98%)        2012M (98%)        2030M (99%)        2030M (99%)        2010M (98%)    
[234.040s][info][gc,heap     ] GC(2) Y:      Used:       34M (2%)           38M (2%)           36M (2%)           18M (1%)           38M (2%)           18M (1%)     
[234.040s][info][gc,heap     ] GC(2) Y: Young Generation Statistics:
[234.040s][info][gc,heap     ] GC(2) Y:                Mark Start          Mark End        Relocate Start      Relocate End    
[234.040s][info][gc,heap     ] GC(2) Y:      Used:       22M (1%)           26M (1%)           24M (1%)            4M (0%)     
[234.040s][info][gc,heap     ] GC(2) Y:      Live:         -                 1M (0%)            1M (0%)            0M (0%)     
[234.040s][info][gc,heap     ] GC(2) Y:   Garbage:         -                20M (1%)           18M (1%)            0M (0%)     
[234.040s][info][gc,heap     ] GC(2) Y: Allocated:         -                 4M (0%)            4M (0%)            4M (0%)     
[234.040s][info][gc,heap     ] GC(2) Y: Reclaimed:         -                  -                 2M (0%)           20M (1%)     
[234.040s][info][gc,heap     ] GC(2) Y:  Promoted:         -                  -                 0M (0%)            1M (0%)     
[234.040s][info][gc,heap     ] GC(2) Y: Compacted:         -                  -                  -                 0M (0%)     
[234.040s][info][gc,phases   ] GC(2) Y: Young Generation (Promote All) 34M(2%)->18M(1%) 0.041s
[234.040s][info][gc,phases   ] GC(2) Y: Young Generation (Collect Roots)
[234.040s][info][gc,phases   ] GC(2) Y: Pause Mark Start (Major) 0.035ms
[234.040s][info][safepoint   ] Safepoint "ZMarkStartYoungAndOld", Time since last: 12059400 ns, Reaching safepoint: 7000 ns, Cleanup: 7100 ns, At safepoint: 78900 ns, Total: 93000 ns
[234.046s][info][gc,phases   ] GC(2) Y: Concurrent Mark 5.898ms
[234.046s][info][gc,phases   ] GC(2) Y: Pause Mark End 0.026ms
[234.047s][info][safepoint   ] Safepoint "ZMarkEndYoung", Time since last: 6066700 ns, Reaching safepoint: 4500 ns, Cleanup: 4200 ns, At safepoint: 74800 ns, Total: 83500 ns
[234.047s][info][gc,phases   ] GC(2) Y: Concurrent Mark Free 0.001ms
[234.047s][info][gc,phases   ] GC(2) Y: Concurrent Reset Relocation Set 0.001ms
[234.051s][info][gc,reloc    ] GC(2) Y: Using tenuring threshold: 1 (Computed)
[234.052s][info][gc,phases   ] GC(2) Y: Concurrent Select Relocation Set 5.287ms
[234.052s][info][gc,phases   ] GC(2) Y: Pause Relocate Start 0.014ms
[234.052s][info][safepoint   ] Safepoint "ZRelocateStartYoung", Time since last: 5503500 ns, Reaching safepoint: 6100 ns, Cleanup: 3200 ns, At safepoint: 56000 ns, Total: 65300 ns
[234.052s][info][gc,phases   ] GC(2) Y: Concurrent Relocate 0.147ms
[234.052s][info][gc,alloc    ] GC(2) Y:                         Mark Start        Mark End      Relocate Start    Relocate End   
[234.052s][info][gc,alloc    ] GC(2) Y: Allocation Stalls:          0                0                0                0         
[234.052s][info][gc,load     ] GC(2) Y: Load: 0.00 (0%) / 0.00 (0%) / 0.00 (0%)
[234.052s][info][gc,mmu      ] GC(2) Y: MMU: 2ms/96.4%, 5ms/98.6%, 10ms/99.3%, 20ms/99.4%, 50ms/99.7%, 100ms/99.8%
[234.052s][info][gc,marking  ] GC(2) Y: Mark: 8 stripe(s), 1 proactive flush(es), 1 terminate flush(es), 0 completion(s), 0 continuation(s) 
[234.053s][info][gc,marking  ] GC(2) Y: Mark Stack Usage: 32M
[234.053s][info][gc,nmethod  ] GC(2) Y: NMethods: 2106 registered, 13 unregistered
[234.053s][info][gc,metaspace] GC(2) Y: Metaspace: 9M used, 9M committed, 1088M reserved
[234.053s][info][gc,reloc    ] GC(2) Y:                        Candidates     Selected     In-Place         Size        Empty    Relocated 
[234.053s][info][gc,reloc    ] GC(2) Y: Small Pages:                    2            0            0           4M           2M           0M 
[234.053s][info][gc,reloc    ] GC(2) Y: Medium Pages:                   0            0            0           0M           0M           0M 
[234.053s][info][gc,reloc    ] GC(2) Y: Large Pages:                    0            0            0           0M           0M           0M 
[234.053s][info][gc,reloc    ] GC(2) Y: Forwarding Usage: 0M
[234.053s][info][gc,reloc    ] GC(2) Y: Age Table:
[234.053s][info][gc,reloc    ] GC(2) Y:                    Live             Garbage             Small              Medium             Large        
[234.053s][info][gc,reloc    ] GC(2) Y: Eden               0M (0%)            3M (0%)           2 / 0              0 / 0              0 / 0        
[234.053s][info][gc,heap     ] GC(2) Y: Min Capacity: 2048M(100%)
[234.053s][info][gc,heap     ] GC(2) Y: Max Capacity: 2048M(100%)
[234.053s][info][gc,heap     ] GC(2) Y: Soft Max Capacity: 2048M(100%)
[234.053s][info][gc,heap     ] GC(2) Y: Heap Statistics:
[234.053s][info][gc,heap     ] GC(2) Y:                Mark Start          Mark End        Relocate Start      Relocate End           High               Low         
[234.053s][info][gc,heap     ] GC(2) Y:  Capacity:     2048M (100%)       2048M (100%)       2048M (100%)       2048M (100%)       2048M (100%)       2048M (100%)   
[234.053s][info][gc,heap     ] GC(2) Y:      Free:     2030M (99%)        2030M (99%)        2032M (99%)        2032M (99%)        2032M (99%)        2030M (99%)    
[234.053s][info][gc,heap     ] GC(2) Y:      Used:       18M (1%)           18M (1%)           16M (1%)           16M (1%)           18M (1%)           16M (1%)     
[234.053s][info][gc,heap     ] GC(2) Y: Young Generation Statistics:
[234.053s][info][gc,heap     ] GC(2) Y:                Mark Start          Mark End        Relocate Start      Relocate End    
[234.053s][info][gc,heap     ] GC(2) Y:      Used:        4M (0%)            4M (0%)            2M (0%)            2M (0%)     
[234.053s][info][gc,heap     ] GC(2) Y:      Live:         -                 0M (0%)            0M (0%)            0M (0%)     
[234.053s][info][gc,heap     ] GC(2) Y:   Garbage:         -                 3M (0%)            1M (0%)            1M (0%)     
[234.053s][info][gc,heap     ] GC(2) Y: Allocated:         -                 0M (0%)            0M (0%)            0M (0%)     
[234.053s][info][gc,heap     ] GC(2) Y: Reclaimed:         -                  -                 2M (0%)            2M (0%)     
[234.053s][info][gc,heap     ] GC(2) Y:  Promoted:         -                  -                 0M (0%)            0M (0%)     
[234.053s][info][gc,heap     ] GC(2) Y: Compacted:         -                  -                  -                 0M (0%)     
[234.053s][info][gc,phases   ] GC(2) Y: Young Generation (Collect Roots) 18M(1%)->16M(1%) 0.012s
[234.053s][info][gc,phases   ] GC(2) O: Old Generation
[234.080s][info][gc,phases   ] GC(2) O: Concurrent Mark 26.380ms
[234.080s][info][gc,phases   ] GC(2) O: Pause Mark End 0.033ms
[234.080s][info][safepoint   ] Safepoint "ZMarkEndOld", Time since last: 27989800 ns, Reaching safepoint: 7300 ns, Cleanup: 6000 ns, At safepoint: 142600 ns, Total: 155900 ns
[234.080s][info][gc,phases   ] GC(2) O: Concurrent Mark Free 0.002ms
[234.084s][info][gc,phases   ] GC(2) O: Concurrent Process Non-Strong 3.429ms
[234.084s][info][gc,phases   ] GC(2) O: Concurrent Reset Relocation Set 0.002ms
[234.090s][info][gc,phases   ] GC(2) O: Concurrent Select Relocation Set 6.066ms
[234.090s][info][gc,task     ] GC(2) O: Using 8 Workers for Old Generation
[234.090s][info][safepoint   ] Safepoint "CleanClassLoaderDataMetaspaces", Time since last: 9661000 ns, Reaching safepoint: 5100 ns, Cleanup: 147600 ns, At safepoint: 450500 ns, Total: 603200 ns
[234.200s][info][gc,task     ] GC(2) O: Using 8 Workers for Old Generation
[234.200s][info][gc,phases   ] GC(2) O: Concurrent Remap Roots 110.049ms
[234.200s][info][gc,phases   ] GC(2) O: Pause Relocate Start 0.013ms
[234.200s][info][safepoint   ] Safepoint "ZRelocateStartOld", Time since last: 109805000 ns, Reaching safepoint: 5200 ns, Cleanup: 3900 ns, At safepoint: 53800 ns, Total: 62900 ns
[234.208s][info][gc,phases   ] GC(2) O: Concurrent Relocate 7.378ms
[234.208s][info][gc,alloc    ] GC(2) O:                         Mark Start        Mark End      Relocate Start    Relocate End   
[234.208s][info][gc,alloc    ] GC(2) O: Allocation Stalls:          0                0                0                0         
[234.208s][info][gc,load     ] GC(2) O: Load: 0.00 (0%) / 0.00 (0%) / 0.00 (0%)
[234.208s][info][gc,mmu      ] GC(2) O: MMU: 2ms/96.4%, 5ms/98.6%, 10ms/99.3%, 20ms/99.4%, 50ms/99.7%, 100ms/99.8%
[234.208s][info][gc,marking  ] GC(2) O: Mark: 8 stripe(s), 1 proactive flush(es), 1 terminate flush(es), 0 completion(s), 0 continuation(s) 
[234.208s][info][gc,marking  ] GC(2) O: Mark Stack Usage: 32M
[234.208s][info][gc,nmethod  ] GC(2) O: NMethods: 2071 registered, 48 unregistered
[234.208s][info][gc,metaspace] GC(2) O: Metaspace: 9M used, 9M committed, 1088M reserved
[234.208s][info][gc,ref      ] GC(2) O:                       Encountered   Discovered     Enqueued 
[234.208s][info][gc,ref      ] GC(2) O: Soft References:              769            0            0 
[234.208s][info][gc,ref      ] GC(2) O: Weak References:             1415          579            7 
[234.208s][info][gc,ref      ] GC(2) O: Final References:               0            0            0 
[234.208s][info][gc,ref      ] GC(2) O: Phantom References:            17           10            2 
[234.208s][info][gc,reloc    ] GC(2) O:                        Candidates     Selected     In-Place         Size        Empty    Relocated 
[234.208s][info][gc,reloc    ] GC(2) O: Small Pages:                    7            3            0          14M           0M           2M 
[234.208s][info][gc,reloc    ] GC(2) O: Medium Pages:                   0            0            0           0M           0M           0M 
[234.208s][info][gc,reloc    ] GC(2) O: Large Pages:                    0            0            0           0M           0M           0M 
[234.208s][info][gc,reloc    ] GC(2) O: Forwarding Usage: 1M
[234.208s][info][gc,heap     ] GC(2) O: Min Capacity: 2048M(100%)
[234.209s][info][gc,heap     ] GC(2) O: Max Capacity: 2048M(100%)
[234.209s][info][gc,heap     ] GC(2) O: Soft Max Capacity: 2048M(100%)
[234.209s][info][gc,heap     ] GC(2) O: Heap Statistics:
[234.209s][info][gc,heap     ] GC(2) O:                Mark Start          Mark End        Relocate Start      Relocate End           High               Low         
[234.209s][info][gc,heap     ] GC(2) O:  Capacity:     2048M (100%)       2048M (100%)       2048M (100%)       2048M (100%)       2048M (100%)       2048M (100%)   
[234.209s][info][gc,heap     ] GC(2) O:      Free:     2030M (99%)        2032M (99%)        2030M (99%)        2032M (99%)        2032M (99%)        2024M (99%)    
[234.209s][info][gc,heap     ] GC(2) O:      Used:       18M (1%)           16M (1%)           18M (1%)           16M (1%)           24M (1%)           16M (1%)     
[234.209s][info][gc,heap     ] GC(2) O: Old Generation Statistics:
[234.209s][info][gc,heap     ] GC(2) O:                Mark Start          Mark End        Relocate Start      Relocate End    
[234.209s][info][gc,heap     ] GC(2) O:      Used:       14M (1%)           14M (1%)           14M (1%)           12M (1%)     
[234.209s][info][gc,heap     ] GC(2) O:      Live:         -                 7M (0%)            7M (0%)            7M (0%)     
[234.209s][info][gc,heap     ] GC(2) O:   Garbage:         -                 6M (0%)            6M (0%)            0M (0%)     
[234.209s][info][gc,heap     ] GC(2) O: Allocated:         -                 0M (0%)            0M (0%)            4M (0%)     
[234.209s][info][gc,heap     ] GC(2) O: Reclaimed:         -                  -                 0M (0%)            6M (0%)     
[234.209s][info][gc,heap     ] GC(2) O: Compacted:         -                  -                  -                 3M (0%)     
[234.209s][info][gc,phases   ] GC(2) O: Old Generation 16M(1%)->16M(1%) 0.154s
[234.209s][info][gc          ] GC(2) Major Collection (Heap Dump Initiated GC) 34M(2%)->16M(1%) 0.212s
[234.663s][info][safepoint   ] Safepoint "HeapDumper", Time since last: 8841300 ns, Reaching safepoint: 7200 ns, Cleanup: 1016000 ns, At safepoint: 452292600 ns, Total: 453315800 ns
[234.993s][info][safepoint   ] Safepoint "ThreadDump", Time since last: 330655000 ns, Reaching safepoint: 8100 ns, Cleanup: 30500 ns, At safepoint: 79600 ns, Total: 118200 ns
[235.996s][info][safepoint   ] Safepoint "ThreadDump", Time since last: 1001368900 ns, Reaching safepoint: 5700 ns, Cleanup: 182800 ns, At safepoint: 872800 ns, Total: 1061300 ns
[235.999s][info][safepoint   ] Safepoint "FindDeadlocks", Time since last: 3138000 ns, Reaching safepoint: 5800 ns, Cleanup: 7800 ns, At safepoint: 10100 ns, Total: 23700 ns
[236.993s][info][safepoint   ] Safepoint "ThreadDump", Time since last: 994446500 ns, Reaching safepoint: 6800 ns, Cleanup: 21000 ns, At safepoint: 80500 ns, Total: 108300 ns
[237.995s][info][safepoint   ] Safepoint "ThreadDump", Time since last: 1001126700 ns, Reaching safepoint: 4200 ns, Cleanup: 9700 ns, At safepoint: 81000 ns, Total: 94900 ns
[238.995s][info][safepoint   ] Safepoint "ThreadDump", Time since last: 1000486900 ns, Reaching safepoint: 8400 ns, Cleanup: 8300 ns, At safepoint: 78800 ns, Total: 95500 ns
[239.996s][info][safepoint   ] Safepoint "ThreadDump", Time since last: 1000245100 ns, Reaching safepoint: 9700 ns, Cleanup: 29900 ns, At safepoint: 100700 ns, Total: 140300 ns
[240.999s][info][safepoint   ] Safepoint "ThreadDump", Time since last: 1002653600 ns, Reaching safepoint: 149200 ns, Cleanup: 14100 ns, At safepoint: 346600 ns, Total: 509900 ns
[241.999s][info][safepoint   ] Safepoint "ThreadDump", Time since last: 1000433700 ns, Reaching safepoint: 6300 ns, Cleanup: 15200 ns, At safepoint: 103600 ns, Total: 125100 ns
[243.001s][info][safepoint   ] Safepoint "ThreadDump", Time since last: 1001792400 ns, Reaching safepoint: 9400 ns, Cleanup: 10800 ns, At safepoint: 81000 ns, Total: 101200 ns
[244.013s][info][safepoint   ] Safepoint "ThreadDump", Time since last: 1011202200 ns, Reaching safepoint: 4900 ns, Cleanup: 25000 ns, At safepoint: 40600 ns, Total: 70500 ns
[245.015s][info][safepoint   ] Safepoint "ThreadDump", Time since last: 1002754600 ns, Reaching safepoint: 7500 ns, Cleanup: 15800 ns, At safepoint: 107500 ns, Total: 130800 ns
[246.025s][info][safepoint   ] Safepoint "ThreadDump", Time since last: 1009598400 ns, Reaching safepoint: 6000 ns, Cleanup: 8600 ns, At safepoint: 176500 ns, Total: 191100 ns
[246.029s][info][safepoint   ] Safepoint "FindDeadlocks", Time since last: 3925100 ns, Reaching safepoint: 5400 ns, Cleanup: 13900 ns, At safepoint: 9700 ns, Total: 29000 ns
[247.026s][info][safepoint   ] Safepoint "ThreadDump", Time since last: 997042900 ns, Reaching safepoint: 4300 ns, Cleanup: 4600 ns, At safepoint: 95600 ns, Total: 104500 ns
[248.038s][info][safepoint   ] Safepoint "ThreadDump", Time since last: 1011285800 ns, Reaching safepoint: 5800 ns, Cleanup: 166500 ns, At safepoint: 144600 ns, Total: 316900 ns
[249.052s][info][safepoint   ] Safepoint "ThreadDump", Time since last: 1013773500 ns, Reaching safepoint: 4000 ns, Cleanup: 6500 ns, At safepoint: 229300 ns, Total: 239800 ns
[249.186s][info][safepoint   ] Safepoint "GC_HeapInspection", Time since last: 88973400 ns, Reaching safepoint: 13000 ns, Cleanup: 35400 ns, At safepoint: 44598800 ns, Total: 44647200 ns
[249.983s][info][safepoint   ] Safepoint "GC_HeapInspection", Time since last: 745155700 ns, Reaching safepoint: 18600 ns, Cleanup: 11200 ns, At safepoint: 52647100 ns, Total: 52676900 ns
[250.056s][info][safepoint   ] Safepoint "ThreadDump", Time since last: 72706200 ns, Reaching safepoint: 9800 ns, Cleanup: 15900 ns, At safepoint: 109500 ns, Total: 135200 ns
[250.995s][info][safepoint   ] Safepoint "GC_HeapInspection", Time since last: 887286700 ns, Reaching safepoint: 9400 ns, Cleanup: 13500 ns, At safepoint: 51100000 ns, Total: 51122900 ns
[251.070s][info][safepoint   ] Safepoint "ThreadDump", Time since last: 75793900 ns, Reaching safepoint: 6400 ns, Cleanup: 7500 ns, At safepoint: 88100 ns, Total: 102000 ns
[251.244s][info][gc          ] GC(3) Major Collection (System.gc())
[251.244s][info][gc,task     ] GC(3) Using 8 Workers for Young Generation
[251.244s][info][gc,task     ] GC(3) Using 8 Workers for Old Generation
[251.244s][info][gc,phases   ] GC(3) Y: Young Generation (Promote All)
[251.244s][info][gc,phases   ] GC(3) Y: Pause Mark Start 0.039ms
[251.245s][info][safepoint   ] Safepoint "ZMarkStartYoung", Time since last: 173793400 ns, Reaching safepoint: 101900 ns, Cleanup: 11300 ns, At safepoint: 149300 ns, Total: 262500 ns
[251.249s][info][gc,phases   ] GC(3) Y: Concurrent Mark 4.356ms
[251.249s][info][gc,phases   ] GC(3) Y: Pause Mark End 0.018ms
[251.249s][info][safepoint   ] Safepoint "ZMarkEndYoung", Time since last: 4541600 ns, Reaching safepoint: 3900 ns, Cleanup: 3600 ns, At safepoint: 63800 ns, Total: 71300 ns
[251.249s][info][gc,phases   ] GC(3) Y: Concurrent Mark Free 0.001ms
[251.249s][info][gc,phases   ] GC(3) Y: Concurrent Reset Relocation Set 0.001ms
[251.253s][info][gc,reloc    ] GC(3) Y: Using tenuring threshold: 0 (Promote All)
[251.253s][info][gc,phases   ] GC(3) Y: Concurrent Select Relocation Set 3.732ms
[251.253s][info][gc,phases   ] GC(3) Y: Pause Relocate Start 0.013ms
[251.253s][info][safepoint   ] Safepoint "ZRelocateStartYoung", Time since last: 3946200 ns, Reaching safepoint: 5300 ns, Cleanup: 4200 ns, At safepoint: 59700 ns, Total: 69200 ns
[251.253s][info][gc,phases   ] GC(3) Y: Concurrent Relocate 0.200ms
[251.253s][info][gc,alloc    ] GC(3) Y:                         Mark Start        Mark End      Relocate Start    Relocate End   
[251.254s][info][gc,alloc    ] GC(3) Y: Allocation Stalls:          0                0                0                0         
[251.254s][info][gc,load     ] GC(3) Y: Load: 0.00 (0%) / 0.00 (0%) / 0.00 (0%)
[251.254s][info][gc,mmu      ] GC(3) Y: MMU: 2ms/96.4%, 5ms/98.6%, 10ms/99.3%, 20ms/99.4%, 50ms/99.7%, 100ms/99.8%
[251.254s][info][gc,marking  ] GC(3) Y: Mark: 8 stripe(s), 1 proactive flush(es), 1 terminate flush(es), 0 completion(s), 0 continuation(s) 
[251.254s][info][gc,marking  ] GC(3) Y: Mark Stack Usage: 32M
[251.254s][info][gc,nmethod  ] GC(3) Y: NMethods: 2103 registered, 48 unregistered
[251.254s][info][gc,metaspace] GC(3) Y: Metaspace: 9M used, 9M committed, 1088M reserved
[251.254s][info][gc,reloc    ] GC(3) Y:                        Candidates     Selected     In-Place         Size        Empty    Relocated 
[251.254s][info][gc,reloc    ] GC(3) Y: Small Pages:                    7            4            0          14M           4M           0M 
[251.254s][info][gc,reloc    ] GC(3) Y: Medium Pages:                   0            0            0           0M           0M           0M 
[251.254s][info][gc,reloc    ] GC(3) Y: Large Pages:                    0            0            0           0M           0M           0M 
[251.254s][info][gc,reloc    ] GC(3) Y: Forwarding Usage: 0M
[251.254s][info][gc,reloc    ] GC(3) Y: Age Table:
[251.254s][info][gc,reloc    ] GC(3) Y:                    Live             Garbage             Small              Medium             Large        
[251.254s][info][gc,reloc    ] GC(3) Y: Eden               0M (0%)           11M (1%)           6 / 4              0 / 0              0 / 0        
[251.254s][info][gc,reloc    ] GC(3) Y: Survivor 1          -                 2M (0%)           1 / 0              0 / 0              0 / 0        
[251.254s][info][gc,heap     ] GC(3) Y: Min Capacity: 2048M(100%)
[251.254s][info][gc,heap     ] GC(3) Y: Max Capacity: 2048M(100%)
[251.254s][info][gc,heap     ] GC(3) Y: Soft Max Capacity: 2048M(100%)
[251.254s][info][gc,heap     ] GC(3) Y: Heap Statistics:
[251.254s][info][gc,heap     ] GC(3) Y:                Mark Start          Mark End        Relocate Start      Relocate End           High               Low         
[251.254s][info][gc,heap     ] GC(3) Y:  Capacity:     2048M (100%)       2048M (100%)       2048M (100%)       2048M (100%)       2048M (100%)       2048M (100%)   
[251.254s][info][gc,heap     ] GC(3) Y:      Free:     2022M (99%)        2022M (99%)        2026M (99%)        2034M (99%)        2034M (99%)        2022M (99%)    
[251.254s][info][gc,heap     ] GC(3) Y:      Used:       26M (1%)           26M (1%)           22M (1%)           14M (1%)           26M (1%)           14M (1%)     
[251.254s][info][gc,heap     ] GC(3) Y: Young Generation Statistics:
[251.254s][info][gc,heap     ] GC(3) Y:                Mark Start          Mark End        Relocate Start      Relocate End    
[251.254s][info][gc,heap     ] GC(3) Y:      Used:       14M (1%)           14M (1%)           10M (0%)            0M (0%)     
[251.254s][info][gc,heap     ] GC(3) Y:      Live:         -                 0M (0%)            0M (0%)            0M (0%)     
[251.255s][info][gc,heap     ] GC(3) Y:   Garbage:         -                13M (1%)            9M (0%)            0M (0%)     
[251.255s][info][gc,heap     ] GC(3) Y: Allocated:         -                 0M (0%)            0M (0%)            0M (0%)     
[251.255s][info][gc,heap     ] GC(3) Y: Reclaimed:         -                  -                 4M (0%)           13M (1%)     
[251.255s][info][gc,heap     ] GC(3) Y:  Promoted:         -                  -                 0M (0%)            0M (0%)     
[251.255s][info][gc,heap     ] GC(3) Y: Compacted:         -                  -                  -                 0M (0%)     
[251.255s][info][gc,phases   ] GC(3) Y: Young Generation (Promote All) 26M(1%)->14M(1%) 0.009s
[251.255s][info][gc,phases   ] GC(3) Y: Young Generation (Collect Roots)
[251.255s][info][gc,phases   ] GC(3) Y: Pause Mark Start (Major) 0.027ms
[251.255s][info][safepoint   ] Safepoint "ZMarkStartYoungAndOld", Time since last: 1599900 ns, Reaching safepoint: 2600 ns, Cleanup: 2700 ns, At safepoint: 67900 ns, Total: 73200 ns
[251.262s][info][gc,phases   ] GC(3) Y: Concurrent Mark 6.717ms
[251.262s][info][gc,phases   ] GC(3) Y: Pause Mark End 0.021ms
[251.262s][info][safepoint   ] Safepoint "ZMarkEndYoung", Time since last: 6866700 ns, Reaching safepoint: 4100 ns, Cleanup: 3800 ns, At safepoint: 67300 ns, Total: 75200 ns
[251.263s][info][gc,phases   ] GC(3) Y: Concurrent Mark Free 0.685ms
[251.263s][info][gc,phases   ] GC(3) Y: Concurrent Reset Relocation Set 0.001ms
[251.267s][info][gc,reloc    ] GC(3) Y: Using tenuring threshold: 0 (Computed)
[251.268s][info][gc,phases   ] GC(3) Y: Concurrent Select Relocation Set 4.916ms
[251.268s][info][gc,phases   ] GC(3) Y: Pause Relocate Start 0.013ms
[251.268s][info][safepoint   ] Safepoint "ZRelocateStartYoung", Time since last: 5843000 ns, Reaching safepoint: 5500 ns, Cleanup: 5600 ns, At safepoint: 60600 ns, Total: 71700 ns
[251.268s][info][gc,phases   ] GC(3) Y: Concurrent Relocate 0.171ms
[251.268s][info][gc,alloc    ] GC(3) Y:                         Mark Start        Mark End      Relocate Start    Relocate End   
[251.268s][info][gc,alloc    ] GC(3) Y: Allocation Stalls:          0                0                0                0         
[251.268s][info][gc,load     ] GC(3) Y: Load: 0.00 (0%) / 0.00 (0%) / 0.00 (0%)
[251.268s][info][gc,mmu      ] GC(3) Y: MMU: 2ms/96.4%, 5ms/98.6%, 10ms/99.3%, 20ms/99.4%, 50ms/99.7%, 100ms/99.8%
[251.268s][info][gc,marking  ] GC(3) Y: Mark: 8 stripe(s), 1 proactive flush(es), 1 terminate flush(es), 0 completion(s), 0 continuation(s) 
[251.268s][info][gc,marking  ] GC(3) Y: Mark Stack Usage: 0M
[251.268s][info][gc,nmethod  ] GC(3) Y: NMethods: 2103 registered, 48 unregistered
[251.268s][info][gc,metaspace] GC(3) Y: Metaspace: 9M used, 9M committed, 1088M reserved
[251.268s][info][gc,heap     ] GC(3) Y: Min Capacity: 2048M(100%)
[251.268s][info][gc,heap     ] GC(3) Y: Max Capacity: 2048M(100%)
[251.268s][info][gc,heap     ] GC(3) Y: Soft Max Capacity: 2048M(100%)
[251.268s][info][gc,heap     ] GC(3) Y: Heap Statistics:
[251.268s][info][gc,heap     ] GC(3) Y:                Mark Start          Mark End        Relocate Start      Relocate End           High               Low         
[251.268s][info][gc,heap     ] GC(3) Y:  Capacity:     2048M (100%)       2048M (100%)       2048M (100%)       2048M (100%)       2048M (100%)       2048M (100%)   
[251.268s][info][gc,heap     ] GC(3) Y:      Free:     2034M (99%)        2034M (99%)        2034M (99%)        2034M (99%)        2034M (99%)        2034M (99%)    
[251.268s][info][gc,heap     ] GC(3) Y:      Used:       14M (1%)           14M (1%)           14M (1%)           14M (1%)           14M (1%)           14M (1%)     
[251.268s][info][gc,heap     ] GC(3) Y: Young Generation Statistics:
[251.268s][info][gc,heap     ] GC(3) Y:                Mark Start          Mark End        Relocate Start      Relocate End    
[251.268s][info][gc,heap     ] GC(3) Y:      Used:        0M (0%)            0M (0%)            0M (0%)            0M (0%)     
[251.268s][info][gc,heap     ] GC(3) Y:      Live:         -                 0M (0%)            0M (0%)            0M (0%)     
[251.269s][info][gc,heap     ] GC(3) Y:   Garbage:         -                 0M (0%)            0M (0%)            0M (0%)     
[251.269s][info][gc,heap     ] GC(3) Y: Allocated:         -                 0M (0%)            0M (0%)            0M (0%)     
[251.269s][info][gc,heap     ] GC(3) Y: Reclaimed:         -                  -                 0M (0%)            0M (0%)     
[251.269s][info][gc,heap     ] GC(3) Y:  Promoted:         -                  -                 0M (0%)            0M (0%)     
[251.269s][info][gc,heap     ] GC(3) Y: Compacted:         -                  -                  -                 0M (0%)     
[251.269s][info][gc,phases   ] GC(3) Y: Young Generation (Collect Roots) 14M(1%)->14M(1%) 0.013s
[251.269s][info][gc,phases   ] GC(3) O: Old Generation
[251.280s][info][gc,phases   ] GC(3) O: Concurrent Mark 10.865ms
[251.280s][info][gc,phases   ] GC(3) O: Pause Mark End 0.033ms
[251.280s][info][safepoint   ] Safepoint "ZMarkEndOld", Time since last: 11969500 ns, Reaching safepoint: 4400 ns, Cleanup: 4200 ns, At safepoint: 85500 ns, Total: 94100 ns
[251.280s][info][gc,phases   ] GC(3) O: Concurrent Mark Free 0.001ms
[251.282s][info][gc,phases   ] GC(3) O: Concurrent Process Non-Strong 2.563ms
[251.283s][info][gc,phases   ] GC(3) O: Concurrent Reset Relocation Set 0.001ms
[251.283s][info][safepoint   ] Safepoint "CleanClassLoaderDataMetaspaces", Time since last: 2919800 ns, Reaching safepoint: 4800 ns, Cleanup: 5800 ns, At safepoint: 360600 ns, Total: 371200 ns
[251.287s][info][gc,phases   ] GC(3) O: Concurrent Select Relocation Set 4.896ms
[251.288s][info][gc,task     ] GC(3) O: Using 8 Workers for Old Generation
[251.379s][info][gc,task     ] GC(3) O: Using 8 Workers for Old Generation
[251.380s][info][gc,phases   ] GC(3) O: Concurrent Remap Roots 91.963ms
[251.380s][info][gc,phases   ] GC(3) O: Pause Relocate Start 0.023ms
[251.380s][info][safepoint   ] Safepoint "ZRelocateStartOld", Time since last: 96523600 ns, Reaching safepoint: 8700 ns, Cleanup: 7700 ns, At safepoint: 76200 ns, Total: 92600 ns
[251.387s][info][gc,phases   ] GC(3) O: Concurrent Relocate 7.208ms
[251.387s][info][gc,alloc    ] GC(3) O:                         Mark Start        Mark End      Relocate Start    Relocate End   
[251.387s][info][gc,alloc    ] GC(3) O: Allocation Stalls:          0                0                0                0         
[251.387s][info][gc,load     ] GC(3) O: Load: 0.00 (0%) / 0.00 (0%) / 0.00 (0%)
[251.387s][info][gc,mmu      ] GC(3) O: MMU: 2ms/96.4%, 5ms/98.6%, 10ms/99.3%, 20ms/99.4%, 50ms/99.7%, 100ms/99.8%
[251.387s][info][gc,marking  ] GC(3) O: Mark: 8 stripe(s), 1 proactive flush(es), 1 terminate flush(es), 0 completion(s), 0 continuation(s) 
[251.387s][info][gc,marking  ] GC(3) O: Mark Stack Usage: 32M
[251.387s][info][gc,nmethod  ] GC(3) O: NMethods: 2097 registered, 54 unregistered
[251.387s][info][gc,metaspace] GC(3) O: Metaspace: 9M used, 9M committed, 1088M reserved
[251.387s][info][gc,ref      ] GC(3) O:                       Encountered   Discovered     Enqueued 
[251.387s][info][gc,ref      ] GC(3) O: Soft References:              769            0            0 
[251.387s][info][gc,ref      ] GC(3) O: Weak References:             1408          670            0 
[251.387s][info][gc,ref      ] GC(3) O: Final References:               0            0            0 
[251.387s][info][gc,ref      ] GC(3) O: Phantom References:            15            4            0 
[251.388s][info][gc,reloc    ] GC(3) O:                        Candidates     Selected     In-Place         Size        Empty    Relocated 
[251.388s][info][gc,reloc    ] GC(3) O: Small Pages:                    7            3            0          14M           0M           2M 
[251.388s][info][gc,reloc    ] GC(3) O: Medium Pages:                   0            0            0           0M           0M           0M 
[251.388s][info][gc,reloc    ] GC(3) O: Large Pages:                    0            0            0           0M           0M           0M 
[251.388s][info][gc,reloc    ] GC(3) O: Forwarding Usage: 1M
[251.388s][info][gc,heap     ] GC(3) O: Min Capacity: 2048M(100%)
[251.388s][info][gc,heap     ] GC(3) O: Max Capacity: 2048M(100%)
[251.388s][info][gc,heap     ] GC(3) O: Soft Max Capacity: 2048M(100%)
[251.388s][info][gc,heap     ] GC(3) O: Heap Statistics:
[251.388s][info][gc,heap     ] GC(3) O:                Mark Start          Mark End        Relocate Start      Relocate End           High               Low         
[251.388s][info][gc,heap     ] GC(3) O:  Capacity:     2048M (100%)       2048M (100%)       2048M (100%)       2048M (100%)       2048M (100%)       2048M (100%)   
[251.388s][info][gc,heap     ] GC(3) O:      Free:     2034M (99%)        2034M (99%)        2034M (99%)        2034M (99%)        2034M (99%)        2024M (99%)    
[251.388s][info][gc,heap     ] GC(3) O:      Used:       14M (1%)           14M (1%)           14M (1%)           14M (1%)           24M (1%)           14M (1%)     
[251.388s][info][gc,heap     ] GC(3) O: Old Generation Statistics:
[251.388s][info][gc,heap     ] GC(3) O:                Mark Start          Mark End        Relocate Start      Relocate End    
[251.388s][info][gc,heap     ] GC(3) O:      Used:       14M (1%)           14M (1%)           14M (1%)           14M (1%)     
[251.388s][info][gc,heap     ] GC(3) O:      Live:         -                 7M (0%)            7M (0%)            7M (0%)     
[251.388s][info][gc,heap     ] GC(3) O:   Garbage:         -                 6M (0%)            6M (0%)            0M (0%)     
[251.388s][info][gc,heap     ] GC(3) O: Allocated:         -                 0M (0%)            0M (0%)            6M (0%)     
[251.388s][info][gc,heap     ] GC(3) O: Reclaimed:         -                  -                 0M (0%)            6M (0%)     
[251.388s][info][gc,heap     ] GC(3) O: Compacted:         -                  -                  -                 3M (0%)     
[251.388s][info][gc,phases   ] GC(3) O: Old Generation 14M(1%)->14M(1%) 0.118s
[251.388s][info][gc          ] GC(3) Major Collection (System.gc()) 26M(1%)->14M(1%) 0.144s
[252.022s][info][safepoint   ] Safepoint "GC_HeapInspection", Time since last: 580168900 ns, Reaching safepoint: 9800 ns, Cleanup: 887700 ns, At safepoint: 61234600 ns, Total: 62132100 ns
[252.072s][info][safepoint   ] Safepoint "ThreadDump", Time since last: 49749600 ns, Reaching safepoint: 9900 ns, Cleanup: 10600 ns, At safepoint: 91800 ns, Total: 112300 ns
[253.011s][info][safepoint   ] Safepoint "GC_HeapInspection", Time since last: 887571600 ns, Reaching safepoint: 14000 ns, Cleanup: 43700 ns, At safepoint: 51645000 ns, Total: 51702700 ns
[253.072s][info][safepoint   ] Safepoint "ThreadDump", Time since last: 60377200 ns, Reaching safepoint: 9600 ns, Cleanup: 9600 ns, At safepoint: 87400 ns, Total: 106600 ns
[254.006s][info][safepoint   ] Safepoint "GC_HeapInspection", Time since last: 888904500 ns, Reaching safepoint: 9500 ns, Cleanup: 36900 ns, At safepoint: 45280900 ns, Total: 45327300 ns
[254.071s][info][safepoint   ] Safepoint "ThreadDump", Time since last: 65003200 ns, Reaching safepoint: 4800 ns, Cleanup: 8300 ns, At safepoint: 62700 ns, Total: 75800 ns
[255.012s][info][safepoint   ] Safepoint "GC_HeapInspection", Time since last: 889383400 ns, Reaching safepoint: 8100 ns, Cleanup: 10900 ns, At safepoint: 51471500 ns, Total: 51490500 ns
[255.073s][info][safepoint   ] Safepoint "ThreadDump", Time since last: 61439800 ns, Reaching safepoint: 7700 ns, Cleanup: 28700 ns, At safepoint: 80400 ns, Total: 116800 ns
[256.010s][info][safepoint   ] Safepoint "GC_HeapInspection", Time since last: 888189300 ns, Reaching safepoint: 9100 ns, Cleanup: 21400 ns, At safepoint: 48246700 ns, Total: 48277200 ns
[256.075s][info][safepoint   ] Safepoint "ThreadDump", Time since last: 64905100 ns, Reaching safepoint: 9700 ns, Cleanup: 10400 ns, At safepoint: 84900 ns, Total: 105000 ns
[256.078s][info][safepoint   ] Safepoint "FindDeadlocks", Time since last: 2812200 ns, Reaching safepoint: 6000 ns, Cleanup: 8500 ns, At safepoint: 8100 ns, Total: 22600 ns
[257.018s][info][safepoint   ] Safepoint "GC_HeapInspection", Time since last: 891663100 ns, Reaching safepoint: 7900 ns, Cleanup: 18900 ns, At safepoint: 48443200 ns, Total: 48470000 ns
[257.075s][info][safepoint   ] Safepoint "ThreadDump", Time since last: 57275200 ns, Reaching safepoint: 7800 ns, Cleanup: 170000 ns, At safepoint: 113200 ns, Total: 291000 ns
[257.356s][info][gc          ] GC(4) Major Collection (Heap Dump Initiated GC)
[257.356s][info][gc,task     ] GC(4) Using 8 Workers for Young Generation
[257.356s][info][gc,task     ] GC(4) Using 8 Workers for Old Generation
[257.356s][info][gc,phases   ] GC(4) Y: Young Generation (Promote All)
[257.356s][info][gc,phases   ] GC(4) Y: Pause Mark Start 0.031ms
[257.356s][info][safepoint   ] Safepoint "ZMarkStartYoung", Time since last: 280470400 ns, Reaching safepoint: 8400 ns, Cleanup: 7400 ns, At safepoint: 108500 ns, Total: 124300 ns
[257.360s][info][gc,phases   ] GC(4) Y: Concurrent Mark 3.638ms
[257.360s][info][gc,phases   ] GC(4) Y: Pause Mark End 0.019ms
[257.360s][info][safepoint   ] Safepoint "ZMarkEndYoung", Time since last: 3799400 ns, Reaching safepoint: 3800 ns, Cleanup: 4100 ns, At safepoint: 64700 ns, Total: 72600 ns
[257.360s][info][gc,phases   ] GC(4) Y: Concurrent Mark Free 0.001ms
[257.360s][info][gc,phases   ] GC(4) Y: Concurrent Reset Relocation Set 0.001ms
[257.365s][info][gc,reloc    ] GC(4) Y: Using tenuring threshold: 0 (Promote All)
[257.365s][info][gc,phases   ] GC(4) Y: Concurrent Select Relocation Set 5.062ms
[257.365s][info][gc,phases   ] GC(4) Y: Pause Relocate Start 0.008ms
[257.365s][info][safepoint   ] Safepoint "ZRelocateStartYoung", Time since last: 5362300 ns, Reaching safepoint: 3400 ns, Cleanup: 2200 ns, At safepoint: 22700 ns, Total: 28300 ns
[257.365s][info][gc,phases   ] GC(4) Y: Concurrent Relocate 0.145ms
[257.365s][info][gc,alloc    ] GC(4) Y:                         Mark Start        Mark End      Relocate Start    Relocate End   
[257.365s][info][gc,alloc    ] GC(4) Y: Allocation Stalls:          0                0                0                0         
[257.366s][info][gc,load     ] GC(4) Y: Load: 0.00 (0%) / 0.00 (0%) / 0.00 (0%)
[257.366s][info][gc,mmu      ] GC(4) Y: MMU: 2ms/96.4%, 5ms/98.6%, 10ms/99.3%, 20ms/99.4%, 50ms/99.7%, 100ms/99.8%
[257.366s][info][gc,marking  ] GC(4) Y: Mark: 8 stripe(s), 1 proactive flush(es), 1 terminate flush(es), 0 completion(s), 0 continuation(s) 
[257.366s][info][gc,marking  ] GC(4) Y: Mark Stack Usage: 32M
[257.366s][info][gc,nmethod  ] GC(4) Y: NMethods: 2101 registered, 54 unregistered
[257.366s][info][gc,metaspace] GC(4) Y: Metaspace: 9M used, 9M committed, 1088M reserved
[257.366s][info][gc,reloc    ] GC(4) Y:                        Candidates     Selected     In-Place         Size        Empty    Relocated 
[257.366s][info][gc,reloc    ] GC(4) Y: Small Pages:                    3            0            0           6M           4M           0M 
[257.366s][info][gc,reloc    ] GC(4) Y: Medium Pages:                   0            0            0           0M           0M           0M 
[257.366s][info][gc,reloc    ] GC(4) Y: Large Pages:                    0            0            0           0M           0M           0M 
[257.366s][info][gc,reloc    ] GC(4) Y: Forwarding Usage: 0M
[257.366s][info][gc,reloc    ] GC(4) Y: Age Table:
[257.366s][info][gc,reloc    ] GC(4) Y:                    Live             Garbage             Small              Medium             Large        
[257.366s][info][gc,reloc    ] GC(4) Y: Eden               0M (0%)            5M (0%)           3 / 0              0 / 0              0 / 0        
[257.366s][info][gc,heap     ] GC(4) Y: Min Capacity: 2048M(100%)
[257.366s][info][gc,heap     ] GC(4) Y: Max Capacity: 2048M(100%)
[257.366s][info][gc,heap     ] GC(4) Y: Soft Max Capacity: 2048M(100%)
[257.366s][info][gc,heap     ] GC(4) Y: Heap Statistics:
[257.366s][info][gc,heap     ] GC(4) Y:                Mark Start          Mark End        Relocate Start      Relocate End           High               Low         
[257.366s][info][gc,heap     ] GC(4) Y:  Capacity:     2048M (100%)       2048M (100%)       2048M (100%)       2048M (100%)       2048M (100%)       2048M (100%)   
[257.366s][info][gc,heap     ] GC(4) Y:      Free:     2028M (99%)        2028M (99%)        2032M (99%)        2032M (99%)        2032M (99%)        2028M (99%)    
[257.366s][info][gc,heap     ] GC(4) Y:      Used:       20M (1%)           20M (1%)           16M (1%)           16M (1%)           20M (1%)           16M (1%)     
[257.366s][info][gc,heap     ] GC(4) Y: Young Generation Statistics:
[257.366s][info][gc,heap     ] GC(4) Y:                Mark Start          Mark End        Relocate Start      Relocate End    
[257.366s][info][gc,heap     ] GC(4) Y:      Used:        6M (0%)            6M (0%)            0M (0%)            0M (0%)     
[257.366s][info][gc,heap     ] GC(4) Y:      Live:         -                 0M (0%)            0M (0%)            0M (0%)     
[257.366s][info][gc,heap     ] GC(4) Y:   Garbage:         -                 5M (0%)            0M (0%)            0M (0%)     
[257.366s][info][gc,heap     ] GC(4) Y: Allocated:         -                 0M (0%)            0M (0%)            0M (0%)     
[257.366s][info][gc,heap     ] GC(4) Y: Reclaimed:         -                  -                 5M (0%)            5M (0%)     
[257.366s][info][gc,heap     ] GC(4) Y:  Promoted:         -                  -                 0M (0%)            0M (0%)     
[257.367s][info][gc,heap     ] GC(4) Y: Compacted:         -                  -                  -                 0M (0%)     
[257.367s][info][gc,phases   ] GC(4) Y: Young Generation (Promote All) 20M(1%)->16M(1%) 0.010s
[257.367s][info][gc,phases   ] GC(4) Y: Young Generation (Collect Roots)
[257.367s][info][gc,phases   ] GC(4) Y: Pause Mark Start (Major) 0.095ms
[257.367s][info][safepoint   ] Safepoint "ZMarkStartYoungAndOld", Time since last: 1453300 ns, Reaching safepoint: 3200 ns, Cleanup: 2700 ns, At safepoint: 143100 ns, Total: 149000 ns
[257.372s][info][gc,phases   ] GC(4) Y: Concurrent Mark 4.918ms
[257.372s][info][gc,phases   ] GC(4) Y: Pause Mark End 0.017ms
[257.372s][info][safepoint   ] Safepoint "ZMarkEndYoung", Time since last: 5048600 ns, Reaching safepoint: 3300 ns, Cleanup: 3200 ns, At safepoint: 64100 ns, Total: 70600 ns
[257.373s][info][gc,phases   ] GC(4) Y: Concurrent Mark Free 0.632ms
[257.373s][info][gc,phases   ] GC(4) Y: Concurrent Reset Relocation Set 0.020ms
[257.377s][info][gc,reloc    ] GC(4) Y: Using tenuring threshold: 0 (Computed)
[257.378s][info][gc,phases   ] GC(4) Y: Concurrent Select Relocation Set 4.933ms
[257.378s][info][gc,phases   ] GC(4) Y: Pause Relocate Start 0.009ms
[257.378s][info][safepoint   ] Safepoint "ZRelocateStartYoung", Time since last: 5779100 ns, Reaching safepoint: 4000 ns, Cleanup: 3600 ns, At safepoint: 50400 ns, Total: 58000 ns
[257.378s][info][gc,phases   ] GC(4) Y: Concurrent Relocate 0.228ms
[257.378s][info][gc,alloc    ] GC(4) Y:                         Mark Start        Mark End      Relocate Start    Relocate End   
[257.378s][info][gc,alloc    ] GC(4) Y: Allocation Stalls:          0                0                0                0         
[257.378s][info][gc,load     ] GC(4) Y: Load: 0.00 (0%) / 0.00 (0%) / 0.00 (0%)
[257.378s][info][gc,mmu      ] GC(4) Y: MMU: 2ms/94.8%, 5ms/97.9%, 10ms/98.8%, 20ms/99.1%, 50ms/99.6%, 100ms/99.8%
[257.378s][info][gc,marking  ] GC(4) Y: Mark: 8 stripe(s), 1 proactive flush(es), 1 terminate flush(es), 0 completion(s), 0 continuation(s) 
[257.378s][info][gc,marking  ] GC(4) Y: Mark Stack Usage: 0M
[257.378s][info][gc,nmethod  ] GC(4) Y: NMethods: 2101 registered, 54 unregistered
[257.378s][info][gc,metaspace] GC(4) Y: Metaspace: 9M used, 9M committed, 1088M reserved
[257.378s][info][gc,heap     ] GC(4) Y: Min Capacity: 2048M(100%)
[257.378s][info][gc,heap     ] GC(4) Y: Max Capacity: 2048M(100%)
[257.378s][info][gc,heap     ] GC(4) Y: Soft Max Capacity: 2048M(100%)
[257.378s][info][gc,heap     ] GC(4) Y: Heap Statistics:
[257.379s][info][gc,heap     ] GC(4) Y:                Mark Start          Mark End        Relocate Start      Relocate End           High               Low         
[257.379s][info][gc,heap     ] GC(4) Y:  Capacity:     2048M (100%)       2048M (100%)       2048M (100%)       2048M (100%)       2048M (100%)       2048M (100%)   
[257.379s][info][gc,heap     ] GC(4) Y:      Free:     2032M (99%)        2032M (99%)        2032M (99%)        2032M (99%)        2032M (99%)        2032M (99%)    
[257.379s][info][gc,heap     ] GC(4) Y:      Used:       16M (1%)           16M (1%)           16M (1%)           16M (1%)           16M (1%)           16M (1%)     
[257.379s][info][gc,heap     ] GC(4) Y: Young Generation Statistics:
[257.379s][info][gc,heap     ] GC(4) Y:                Mark Start          Mark End        Relocate Start      Relocate End    
[257.379s][info][gc,heap     ] GC(4) Y:      Used:        0M (0%)            0M (0%)            0M (0%)            0M (0%)     
[257.379s][info][gc,heap     ] GC(4) Y:      Live:         -                 0M (0%)            0M (0%)            0M (0%)     
[257.379s][info][gc,heap     ] GC(4) Y:   Garbage:         -                 0M (0%)            0M (0%)            0M (0%)     
[257.379s][info][gc,heap     ] GC(4) Y: Allocated:         -                 0M (0%)            0M (0%)            0M (0%)     
[257.379s][info][gc,heap     ] GC(4) Y: Reclaimed:         -                  -                 0M (0%)            0M (0%)     
[257.379s][info][gc,heap     ] GC(4) Y:  Promoted:         -                  -                 0M (0%)            0M (0%)     
[257.379s][info][gc,heap     ] GC(4) Y: Compacted:         -                  -                  -                 0M (0%)     
[257.379s][info][gc,phases   ] GC(4) Y: Young Generation (Collect Roots) 16M(1%)->16M(1%) 0.011s
[257.379s][info][gc,phases   ] GC(4) O: Old Generation
[257.392s][info][gc,phases   ] GC(4) O: Concurrent Mark 13.157ms
[257.393s][info][gc,phases   ] GC(4) O: Pause Mark End 0.023ms
[257.393s][info][safepoint   ] Safepoint "ZMarkEndOld", Time since last: 14820000 ns, Reaching safepoint: 5000 ns, Cleanup: 4900 ns, At safepoint: 128400 ns, Total: 138300 ns
[257.393s][info][gc,phases   ] GC(4) O: Concurrent Mark Free 0.001ms
[257.401s][info][gc,phases   ] GC(4) O: Concurrent Process Non-Strong 7.763ms
[257.401s][info][gc,phases   ] GC(4) O: Concurrent Reset Relocation Set 0.002ms
[257.406s][info][gc,phases   ] GC(4) O: Concurrent Select Relocation Set 4.936ms
[257.406s][info][gc,task     ] GC(4) O: Using 8 Workers for Old Generation
[257.406s][info][safepoint   ] Safepoint "CleanClassLoaderDataMetaspaces", Time since last: 12967900 ns, Reaching safepoint: 6900 ns, Cleanup: 7700 ns, At safepoint: 482500 ns, Total: 497100 ns
[257.501s][info][gc,task     ] GC(4) O: Using 8 Workers for Old Generation
[257.501s][info][gc,phases   ] GC(4) O: Concurrent Remap Roots 95.706ms
[257.502s][info][gc,phases   ] GC(4) O: Pause Relocate Start 0.029ms
[257.502s][info][safepoint   ] Safepoint "ZRelocateStartOld", Time since last: 95338200 ns, Reaching safepoint: 8700 ns, Cleanup: 8500 ns, At safepoint: 109800 ns, Total: 127000 ns
[257.510s][info][gc,phases   ] GC(4) O: Concurrent Relocate 8.066ms
[257.510s][info][gc,alloc    ] GC(4) O:                         Mark Start        Mark End      Relocate Start    Relocate End   
[257.510s][info][gc,alloc    ] GC(4) O: Allocation Stalls:          0                0                0                0         
[257.510s][info][gc,load     ] GC(4) O: Load: 0.00 (0%) / 0.00 (0%) / 0.00 (0%)
[257.510s][info][gc,mmu      ] GC(4) O: MMU: 2ms/94.8%, 5ms/97.9%, 10ms/98.8%, 20ms/99.1%, 50ms/99.6%, 100ms/99.8%
[257.510s][info][gc,marking  ] GC(4) O: Mark: 8 stripe(s), 3 proactive flush(es), 1 terminate flush(es), 0 completion(s), 0 continuation(s) 
[257.510s][info][gc,marking  ] GC(4) O: Mark Stack Usage: 32M
[257.510s][info][gc,nmethod  ] GC(4) O: NMethods: 2101 registered, 54 unregistered
[257.510s][info][gc,metaspace] GC(4) O: Metaspace: 9M used, 9M committed, 1088M reserved
[257.510s][info][gc,ref      ] GC(4) O:                       Encountered   Discovered     Enqueued 
[257.510s][info][gc,ref      ] GC(4) O: Soft References:              769            0            0 
[257.510s][info][gc,ref      ] GC(4) O: Weak References:             1403          794            0 
[257.510s][info][gc,ref      ] GC(4) O: Final References:               0            0            0 
[257.510s][info][gc,ref      ] GC(4) O: Phantom References:            14            8            0 
[257.510s][info][gc,reloc    ] GC(4) O:                        Candidates     Selected     In-Place         Size        Empty    Relocated 
[257.510s][info][gc,reloc    ] GC(4) O: Small Pages:                    8            3            0          16M           2M           2M 
[257.510s][info][gc,reloc    ] GC(4) O: Medium Pages:                   0            0            0           0M           0M           0M 
[257.510s][info][gc,reloc    ] GC(4) O: Large Pages:                    0            0            0           0M           0M           0M 
[257.510s][info][gc,reloc    ] GC(4) O: Forwarding Usage: 1M
[257.511s][info][gc,heap     ] GC(4) O: Min Capacity: 2048M(100%)
[257.511s][info][gc,heap     ] GC(4) O: Max Capacity: 2048M(100%)
[257.511s][info][gc,heap     ] GC(4) O: Soft Max Capacity: 2048M(100%)
[257.511s][info][gc,heap     ] GC(4) O: Heap Statistics:
[257.511s][info][gc,heap     ] GC(4) O:                Mark Start          Mark End        Relocate Start      Relocate End           High               Low         
[257.511s][info][gc,heap     ] GC(4) O:  Capacity:     2048M (100%)       2048M (100%)       2048M (100%)       2048M (100%)       2048M (100%)       2048M (100%)   
[257.511s][info][gc,heap     ] GC(4) O:      Free:     2032M (99%)        2032M (99%)        2034M (99%)        2036M (99%)        2036M (99%)        2026M (99%)    
[257.511s][info][gc,heap     ] GC(4) O:      Used:       16M (1%)           16M (1%)           14M (1%)           12M (1%)           22M (1%)           12M (1%)     
[257.511s][info][gc,heap     ] GC(4) O: Old Generation Statistics:
[257.511s][info][gc,heap     ] GC(4) O:                Mark Start          Mark End        Relocate Start      Relocate End    
[257.511s][info][gc,heap     ] GC(4) O:      Used:       16M (1%)           16M (1%)           14M (1%)           12M (1%)     
[257.511s][info][gc,heap     ] GC(4) O:      Live:         -                 7M (0%)            7M (0%)            7M (0%)     
[257.511s][info][gc,heap     ] GC(4) O:   Garbage:         -                 8M (0%)            6M (0%)            0M (0%)     
[257.511s][info][gc,heap     ] GC(4) O: Allocated:         -                 0M (0%)            0M (0%)            4M (0%)     
[257.511s][info][gc,heap     ] GC(4) O: Reclaimed:         -                  -                 2M (0%)            8M (0%)     
[257.511s][info][gc,heap     ] GC(4) O: Compacted:         -                  -                  -                 3M (0%)     
[257.511s][info][gc,phases   ] GC(4) O: Old Generation 16M(1%)->12M(1%) 0.131s
[257.511s][info][gc          ] GC(4) Major Collection (Heap Dump Initiated GC) 20M(1%)->12M(1%) 0.156s
[258.045s][info][safepoint   ] Safepoint "HeapDumper", Time since last: 9577600 ns, Reaching safepoint: 6100 ns, Cleanup: 792300 ns, At safepoint: 532679300 ns, Total: 533477700 ns
[258.089s][info][safepoint   ] Safepoint "GC_HeapInspection", Time since last: 3287000 ns, Reaching safepoint: 5300 ns, Cleanup: 14600 ns, At safepoint: 41320100 ns, Total: 41340000 ns
[258.092s][info][safepoint   ] Safepoint "ThreadDump", Time since last: 2585600 ns, Reaching safepoint: 18000 ns, Cleanup: 9700 ns, At safepoint: 185300 ns, Total: 213000 ns
[259.078s][info][safepoint   ] Safepoint "ThreadDump", Time since last: 985162600 ns, Reaching safepoint: 8100 ns, Cleanup: 32300 ns, At safepoint: 159100 ns, Total: 199500 ns
[260.078s][info][safepoint   ] Safepoint "ThreadDump", Time since last: 1000492600 ns, Reaching safepoint: 12000 ns, Cleanup: 33200 ns, At safepoint: 79900 ns, Total: 125100 ns
[261.076s][info][safepoint   ] Safepoint "ThreadDump", Time since last: 997544800 ns, Reaching safepoint: 5300 ns, Cleanup: 14300 ns, At safepoint: 75100 ns, Total: 94700 ns
[262.080s][info][safepoint   ] Safepoint "ThreadDump", Time since last: 1003728800 ns, Reaching safepoint: 7000 ns, Cleanup: 14800 ns, At safepoint: 166300 ns, Total: 188100 ns
[263.082s][info][safepoint   ] Safepoint "ThreadDump", Time since last: 1002123900 ns, Reaching safepoint: 6800 ns, Cleanup: 20700 ns, At safepoint: 624500 ns, Total: 652000 ns
[264.084s][info][safepoint   ] Safepoint "ThreadDump", Time since last: 1001911000 ns, Reaching safepoint: 5200 ns, Cleanup: 13600 ns, At safepoint: 105600 ns, Total: 124400 ns
[265.086s][info][safepoint   ] Safepoint "ThreadDump", Time since last: 1001707900 ns, Reaching safepoint: 6100 ns, Cleanup: 47000 ns, At safepoint: 89400 ns, Total: 142500 ns
[266.084s][info][safepoint   ] Safepoint "ThreadDump", Time since last: 997083500 ns, Reaching safepoint: 7500 ns, Cleanup: 30000 ns, At safepoint: 61200 ns, Total: 98700 ns
[266.084s][info][safepoint   ] Safepoint "FindDeadlocks", Time since last: 968200 ns, Reaching safepoint: 1400 ns, Cleanup: 1900 ns, At safepoint: 3100 ns, Total: 6400 ns
[267.102s][info][safepoint   ] Safepoint "ThreadDump", Time since last: 1003827400 ns, Reaching safepoint: 13085300 ns, Cleanup: 25900 ns, At safepoint: 875600 ns, Total: 13986800 ns
[268.087s][info][safepoint   ] Safepoint "ThreadDump", Time since last: 983440200 ns, Reaching safepoint: 6300 ns, Cleanup: 43900 ns, At safepoint: 1297000 ns, Total: 1347200 ns
[269.086s][info][safepoint   ] Safepoint "ThreadDump", Time since last: 998769300 ns, Reaching safepoint: 5500 ns, Cleanup: 16300 ns, At safepoint: 76000 ns, Total: 97800 ns
[270.090s][info][safepoint   ] Safepoint "ThreadDump", Time since last: 1003242600 ns, Reaching safepoint: 8000 ns, Cleanup: 133300 ns, At safepoint: 166300 ns, Total: 307600 ns
[271.091s][info][safepoint   ] Safepoint "ThreadDump", Time since last: 1001462300 ns, Reaching safepoint: 4900 ns, Cleanup: 11100 ns, At safepoint: 156900 ns, Total: 172900 ns
[272.090s][info][safepoint   ] Safepoint "ThreadDump", Time since last: 998486000 ns, Reaching safepoint: 5400 ns, Cleanup: 11800 ns, At safepoint: 71700 ns, Total: 88900 ns
[273.090s][info][safepoint   ] Safepoint "ThreadDump", Time since last: 1000394500 ns, Reaching safepoint: 6200 ns, Cleanup: 6100 ns, At safepoint: 82700 ns, Total: 95000 ns
[274.094s][info][safepoint   ] Safepoint "ThreadDump", Time since last: 1000997900 ns, Reaching safepoint: 7500 ns, Cleanup: 15200 ns, At safepoint: 2901100 ns, Total: 2923800 ns
[275.093s][info][safepoint   ] Safepoint "ThreadDump", Time since last: 998469800 ns, Reaching safepoint: 8300 ns, Cleanup: 26100 ns, At safepoint: 74500 ns, Total: 108900 ns
[276.094s][info][safepoint   ] Safepoint "ThreadDump", Time since last: 1001509000 ns, Reaching safepoint: 8000 ns, Cleanup: 17200 ns, At safepoint: 114100 ns, Total: 139300 ns
[276.097s][info][safepoint   ] Safepoint "FindDeadlocks", Time since last: 2791900 ns, Reaching safepoint: 4500 ns, Cleanup: 5600 ns, At safepoint: 8700 ns, Total: 18800 ns
[277.095s][info][safepoint   ] Safepoint "ThreadDump", Time since last: 997736200 ns, Reaching safepoint: 8000 ns, Cleanup: 10400 ns, At safepoint: 82900 ns, Total: 101300 ns
[278.093s][info][safepoint   ] Safepoint "ThreadDump", Time since last: 997774600 ns, Reaching safepoint: 3300 ns, Cleanup: 7200 ns, At safepoint: 42400 ns, Total: 52900 ns
[279.094s][info][safepoint   ] Safepoint "ThreadDump", Time since last: 1001414500 ns, Reaching safepoint: 10500 ns, Cleanup: 22600 ns, At safepoint: 120200 ns, Total: 153300 ns
[280.096s][info][safepoint   ] Safepoint "ThreadDump", Time since last: 1001666200 ns, Reaching safepoint: 4700 ns, Cleanup: 13400 ns, At safepoint: 67400 ns, Total: 85500 ns
[281.096s][info][safepoint   ] Safepoint "ThreadDump", Time since last: 999353100 ns, Reaching safepoint: 13000 ns, Cleanup: 22900 ns, At safepoint: 198200 ns, Total: 234100 ns
[282.097s][info][safepoint   ] Safepoint "ThreadDump", Time since last: 1001067600 ns, Reaching safepoint: 9000 ns, Cleanup: 21700 ns, At safepoint: 109200 ns, Total: 139900 ns
[283.097s][info][safepoint   ] Safepoint "ThreadDump", Time since last: 1000226400 ns, Reaching safepoint: 6900 ns, Cleanup: 30600 ns, At safepoint: 123400 ns, Total: 160900 ns
[284.098s][info][safepoint   ] Safepoint "ThreadDump", Time since last: 1000699300 ns, Reaching safepoint: 12300 ns, Cleanup: 22200 ns, At safepoint: 166100 ns, Total: 200600 ns
[285.098s][info][safepoint   ] Safepoint "ThreadDump", Time since last: 999542700 ns, Reaching safepoint: 4000 ns, Cleanup: 12800 ns, At safepoint: 78200 ns, Total: 95000 ns
[286.098s][info][safepoint   ] Safepoint "ThreadDump", Time since last: 1000344300 ns, Reaching safepoint: 5500 ns, Cleanup: 13000 ns, At safepoint: 59400 ns, Total: 77900 ns
[286.101s][info][safepoint   ] Safepoint "FindDeadlocks", Time since last: 2408400 ns, Reaching safepoint: 5300 ns, Cleanup: 7000 ns, At safepoint: 7000 ns, Total: 19300 ns
[287.099s][info][safepoint   ] Safepoint "ThreadDump", Time since last: 997714700 ns, Reaching safepoint: 7300 ns, Cleanup: 20600 ns, At safepoint: 165700 ns, Total: 193600 ns
[288.109s][info][safepoint   ] Safepoint "ThreadDump", Time since last: 1010091500 ns, Reaching safepoint: 6100 ns, Cleanup: 22900 ns, At safepoint: 85400 ns, Total: 114400 ns
[289.102s][info][safepoint   ] Safepoint "ThreadDump", Time since last: 992692700 ns, Reaching safepoint: 5200 ns, Cleanup: 18600 ns, At safepoint: 116800 ns, Total: 140600 ns
[290.103s][info][safepoint   ] Safepoint "ThreadDump", Time since last: 1001150300 ns, Reaching safepoint: 5100 ns, Cleanup: 14200 ns, At safepoint: 72500 ns, Total: 91800 ns
[291.104s][info][safepoint   ] Safepoint "ThreadDump", Time since last: 1000509100 ns, Reaching safepoint: 6500 ns, Cleanup: 8400 ns, At safepoint: 90700 ns, Total: 105600 ns
[292.105s][info][safepoint   ] Safepoint "ThreadDump", Time since last: 1001047100 ns, Reaching safepoint: 6800 ns, Cleanup: 16800 ns, At safepoint: 72600 ns, Total: 96200 ns
[293.106s][info][safepoint   ] Safepoint "ThreadDump", Time since last: 1001053300 ns, Reaching safepoint: 8500 ns, Cleanup: 32000 ns, At safepoint: 101800 ns, Total: 142300 ns
[294.106s][info][safepoint   ] Safepoint "ThreadDump", Time since last: 999742300 ns, Reaching safepoint: 5100 ns, Cleanup: 15200 ns, At safepoint: 80400 ns, Total: 100700 ns
[295.109s][info][safepoint   ] Safepoint "ThreadDump", Time since last: 1003259400 ns, Reaching safepoint: 5900 ns, Cleanup: 22000 ns, At safepoint: 80800 ns, Total: 108700 ns
[296.109s][info][safepoint   ] Safepoint "ThreadDump", Time since last: 999661700 ns, Reaching safepoint: 8900 ns, Cleanup: 17100 ns, At safepoint: 127900 ns, Total: 153900 ns
[296.111s][info][safepoint   ] Safepoint "FindDeadlocks", Time since last: 2101700 ns, Reaching safepoint: 5300 ns, Cleanup: 6600 ns, At safepoint: 6800 ns, Total: 18700 ns
[297.108s][info][safepoint   ] Safepoint "ThreadDump", Time since last: 996948400 ns, Reaching safepoint: 8700 ns, Cleanup: 26100 ns, At safepoint: 100900 ns, Total: 135700 ns
[298.109s][info][safepoint   ] Safepoint "ThreadDump", Time since last: 1000530300 ns, Reaching safepoint: 4900 ns, Cleanup: 12000 ns, At safepoint: 162100 ns, Total: 179000 ns
[299.113s][info][safepoint   ] Safepoint "ThreadDump", Time since last: 1003690100 ns, Reaching safepoint: 4400 ns, Cleanup: 10100 ns, At safepoint: 51200 ns, Total: 65700 ns
[300.110s][info][safepoint   ] Safepoint "ThreadDump", Time since last: 997032500 ns, Reaching safepoint: 8800 ns, Cleanup: 12000 ns, At safepoint: 194900 ns, Total: 215700 ns
[301.115s][info][safepoint   ] Safepoint "ThreadDump", Time since last: 1005156500 ns, Reaching safepoint: 6700 ns, Cleanup: 60800 ns, At safepoint: 95100 ns, Total: 162600 ns
[302.111s][info][safepoint   ] Safepoint "ThreadDump", Time since last: 995935400 ns, Reaching safepoint: 7500 ns, Cleanup: 115700 ns, At safepoint: 107100 ns, Total: 230300 ns
[303.126s][info][safepoint   ] Safepoint "ThreadDump", Time since last: 1014759500 ns, Reaching safepoint: 6800 ns, Cleanup: 66500 ns, At safepoint: 109800 ns, Total: 183100 ns
[304.114s][info][safepoint   ] Safepoint "ThreadDump", Time since last: 987471700 ns, Reaching safepoint: 8700 ns, Cleanup: 10500 ns, At safepoint: 205700 ns, Total: 224900 ns
[305.114s][info][safepoint   ] Safepoint "ThreadDump", Time since last: 999885300 ns, Reaching safepoint: 7200 ns, Cleanup: 19900 ns, At safepoint: 103700 ns, Total: 130800 ns
[306.115s][info][safepoint   ] Safepoint "ThreadDump", Time since last: 1001334700 ns, Reaching safepoint: 8300 ns, Cleanup: 11700 ns, At safepoint: 116700 ns, Total: 136700 ns
[306.118s][info][safepoint   ] Safepoint "FindDeadlocks", Time since last: 2843700 ns, Reaching safepoint: 6500 ns, Cleanup: 18300 ns, At safepoint: 12000 ns, Total: 36800 ns
[307.116s][info][safepoint   ] Safepoint "ThreadDump", Time since last: 997947800 ns, Reaching safepoint: 8100 ns, Cleanup: 11200 ns, At safepoint: 106300 ns, Total: 125600 ns
[308.116s][info][safepoint   ] Safepoint "ThreadDump", Time since last: 999082500 ns, Reaching safepoint: 7300 ns, Cleanup: 19600 ns, At safepoint: 118700 ns, Total: 145600 ns
[309.116s][info][safepoint   ] Safepoint "ThreadDump", Time since last: 1000729700 ns, Reaching safepoint: 6400 ns, Cleanup: 8900 ns, At safepoint: 98200 ns, Total: 113500 ns
[310.118s][info][safepoint   ] Safepoint "ThreadDump", Time since last: 1000913600 ns, Reaching safepoint: 8100 ns, Cleanup: 19200 ns, At safepoint: 836000 ns, Total: 863300 ns
[311.118s][info][safepoint   ] Safepoint "ThreadDump", Time since last: 999843400 ns, Reaching safepoint: 5000 ns, Cleanup: 21500 ns, At safepoint: 96100 ns, Total: 122600 ns
[312.119s][info][safepoint   ] Safepoint "ThreadDump", Time since last: 1000804600 ns, Reaching safepoint: 12600 ns, Cleanup: 20600 ns, At safepoint: 166600 ns, Total: 199800 ns
[313.119s][info][safepoint   ] Safepoint "ThreadDump", Time since last: 999828000 ns, Reaching safepoint: 10600 ns, Cleanup: 26200 ns, At safepoint: 105900 ns, Total: 142700 ns
[314.118s][info][safepoint   ] Safepoint "ThreadDump", Time since last: 998331300 ns, Reaching safepoint: 2400 ns, Cleanup: 6000 ns, At safepoint: 31100 ns, Total: 39500 ns
[315.120s][info][safepoint   ] Safepoint "ThreadDump", Time since last: 1001872600 ns, Reaching safepoint: 6100 ns, Cleanup: 791800 ns, At safepoint: 79600 ns, Total: 877500 ns
[316.120s][info][safepoint   ] Safepoint "ThreadDump", Time since last: 999453500 ns, Reaching safepoint: 5600 ns, Cleanup: 17100 ns, At safepoint: 130100 ns, Total: 152800 ns
[316.123s][info][safepoint   ] Safepoint "FindDeadlocks", Time since last: 3276400 ns, Reaching safepoint: 2700 ns, Cleanup: 3300 ns, At safepoint: 3600 ns, Total: 9600 ns
[317.120s][info][safepoint   ] Safepoint "ThreadDump", Time since last: 996330000 ns, Reaching safepoint: 3000 ns, Cleanup: 7700 ns, At safepoint: 32000 ns, Total: 42700 ns
[318.123s][info][safepoint   ] Safepoint "ThreadDump", Time since last: 1003439900 ns, Reaching safepoint: 4200 ns, Cleanup: 8000 ns, At safepoint: 59200 ns, Total: 71400 ns
[319.129s][info][safepoint   ] Safepoint "ThreadDump", Time since last: 1005582600 ns, Reaching safepoint: 4700 ns, Cleanup: 14300 ns, At safepoint: 98100 ns, Total: 117100 ns
[320.125s][info][safepoint   ] Safepoint "ThreadDump", Time since last: 995680300 ns, Reaching safepoint: 84800 ns, Cleanup: 7700 ns, At safepoint: 778800 ns, Total: 871300 ns
[321.125s][info][safepoint   ] Safepoint "ThreadDump", Time since last: 999260900 ns, Reaching safepoint: 5300 ns, Cleanup: 13600 ns, At safepoint: 69700 ns, Total: 88600 ns
[322.125s][info][safepoint   ] Safepoint "ThreadDump", Time since last: 999985800 ns, Reaching safepoint: 3700 ns, Cleanup: 4400 ns, At safepoint: 117000 ns, Total: 125100 ns
[323.127s][info][safepoint   ] Safepoint "ThreadDump", Time since last: 1002288600 ns, Reaching safepoint: 7900 ns, Cleanup: 18700 ns, At safepoint: 118400 ns, Total: 145000 ns
[324.130s][info][safepoint   ] Safepoint "ThreadDump", Time since last: 1002669800 ns, Reaching safepoint: 15500 ns, Cleanup: 35100 ns, At safepoint: 404800 ns, Total: 455400 ns
[325.130s][info][safepoint   ] Safepoint "ThreadDump", Time since last: 999170000 ns, Reaching safepoint: 5300 ns, Cleanup: 48400 ns, At safepoint: 96800 ns, Total: 150500 ns
[326.129s][info][safepoint   ] Safepoint "ThreadDump", Time since last: 999685300 ns, Reaching safepoint: 6700 ns, Cleanup: 20100 ns, At safepoint: 100200 ns, Total: 127000 ns
[326.131s][info][safepoint   ] Safepoint "FindDeadlocks", Time since last: 1967800 ns, Reaching safepoint: 4900 ns, Cleanup: 6600 ns, At safepoint: 8400 ns, Total: 19900 ns
[327.130s][info][safepoint   ] Safepoint "ThreadDump", Time since last: 998132000 ns, Reaching safepoint: 5400 ns, Cleanup: 7800 ns, At safepoint: 71700 ns, Total: 84900 ns
[328.130s][info][safepoint   ] Safepoint "ThreadDump", Time since last: 1000372800 ns, Reaching safepoint: 6100 ns, Cleanup: 16600 ns, At safepoint: 95800 ns, Total: 118500 ns
[329.131s][info][safepoint   ] Safepoint "ThreadDump", Time since last: 1000963500 ns, Reaching safepoint: 8100 ns, Cleanup: 11000 ns, At safepoint: 81800 ns, Total: 100900 ns
[330.133s][info][safepoint   ] Safepoint "ThreadDump", Time since last: 1001159300 ns, Reaching safepoint: 6700 ns, Cleanup: 24400 ns, At safepoint: 102900 ns, Total: 134000 ns
[331.133s][info][safepoint   ] Safepoint "ThreadDump", Time since last: 1000624600 ns, Reaching safepoint: 6600 ns, Cleanup: 18400 ns, At safepoint: 78800 ns, Total: 103800 ns
[332.134s][info][safepoint   ] Safepoint "ThreadDump", Time since last: 1000494100 ns, Reaching safepoint: 5700 ns, Cleanup: 8300 ns, At safepoint: 73600 ns, Total: 87600 ns
[333.134s][info][safepoint   ] Safepoint "ThreadDump", Time since last: 1000444600 ns, Reaching safepoint: 10700 ns, Cleanup: 27900 ns, At safepoint: 67700 ns, Total: 106300 ns
[334.135s][info][safepoint   ] Safepoint "ThreadDump", Time since last: 1000477200 ns, Reaching safepoint: 3800 ns, Cleanup: 10700 ns, At safepoint: 78100 ns, Total: 92600 ns
[335.137s][info][safepoint   ] Safepoint "ThreadDump", Time since last: 1002211500 ns, Reaching safepoint: 4200 ns, Cleanup: 13700 ns, At safepoint: 143700 ns, Total: 161600 ns
[336.139s][info][safepoint   ] Safepoint "ThreadDump", Time since last: 1001540600 ns, Reaching safepoint: 5300 ns, Cleanup: 9800 ns, At safepoint: 112100 ns, Total: 127200 ns
[336.142s][info][safepoint   ] Safepoint "FindDeadlocks", Time since last: 3010800 ns, Reaching safepoint: 5200 ns, Cleanup: 11400 ns, At safepoint: 7700 ns, Total: 24300 ns
[337.139s][info][safepoint   ] Safepoint "ThreadDump", Time since last: 997015400 ns, Reaching safepoint: 4700 ns, Cleanup: 9100 ns, At safepoint: 70700 ns, Total: 84500 ns
[338.139s][info][safepoint   ] Safepoint "ThreadDump", Time since last: 999550600 ns, Reaching safepoint: 6500 ns, Cleanup: 23400 ns, At safepoint: 80600 ns, Total: 110500 ns
[339.139s][info][safepoint   ] Safepoint "ThreadDump", Time since last: 1000251000 ns, Reaching safepoint: 7800 ns, Cleanup: 27800 ns, At safepoint: 122600 ns, Total: 158200 ns
[340.139s][info][safepoint   ] Safepoint "ThreadDump", Time since last: 1000093400 ns, Reaching safepoint: 4400 ns, Cleanup: 13500 ns, At safepoint: 83400 ns, Total: 101300 ns
[341.143s][info][safepoint   ] Safepoint "ThreadDump", Time since last: 1003598100 ns, Reaching safepoint: 5100 ns, Cleanup: 41400 ns, At safepoint: 59200 ns, Total: 105700 ns
[342.143s][info][safepoint   ] Safepoint "ThreadDump", Time since last: 999867300 ns, Reaching safepoint: 5000 ns, Cleanup: 5400 ns, At safepoint: 82800 ns, Total: 93200 ns
[343.145s][info][safepoint   ] Safepoint "ThreadDump", Time since last: 1002087800 ns, Reaching safepoint: 9700 ns, Cleanup: 21400 ns, At safepoint: 94900 ns, Total: 126000 ns
[344.146s][info][safepoint   ] Safepoint "ThreadDump", Time since last: 1000294500 ns, Reaching safepoint: 9400 ns, Cleanup: 159300 ns, At safepoint: 119700 ns, Total: 288400 ns
[345.147s][info][safepoint   ] Safepoint "ThreadDump", Time since last: 1000902600 ns, Reaching safepoint: 7500 ns, Cleanup: 20300 ns, At safepoint: 90900 ns, Total: 118700 ns
[346.146s][info][safepoint   ] Safepoint "ThreadDump", Time since last: 999216300 ns, Reaching safepoint: 6900 ns, Cleanup: 23200 ns, At safepoint: 95000 ns, Total: 125100 ns
[346.148s][info][safepoint   ] Safepoint "FindDeadlocks", Time since last: 1941000 ns, Reaching safepoint: 3800 ns, Cleanup: 29700 ns, At safepoint: 7200 ns, Total: 40700 ns
[347.149s][info][safepoint   ] Safepoint "ThreadDump", Time since last: 1000863900 ns, Reaching safepoint: 5900 ns, Cleanup: 20800 ns, At safepoint: 81700 ns, Total: 108400 ns
[348.151s][info][safepoint   ] Safepoint "ThreadDump", Time since last: 1001410000 ns, Reaching safepoint: 9800 ns, Cleanup: 25000 ns, At safepoint: 275700 ns, Total: 310500 ns
[349.152s][info][safepoint   ] Safepoint "ThreadDump", Time since last: 1000554500 ns, Reaching safepoint: 5500 ns, Cleanup: 15400 ns, At safepoint: 229200 ns, Total: 250100 ns
[350.151s][info][safepoint   ] Safepoint "ThreadDump", Time since last: 998707300 ns, Reaching safepoint: 7200 ns, Cleanup: 17000 ns, At safepoint: 100300 ns, Total: 124500 ns
[351.152s][info][safepoint   ] Safepoint "ThreadDump", Time since last: 1001267000 ns, Reaching safepoint: 6300 ns, Cleanup: 8000 ns, At safepoint: 82900 ns, Total: 97200 ns
[352.152s][info][safepoint   ] Safepoint "ThreadDump", Time since last: 1000098700 ns, Reaching safepoint: 6700 ns, Cleanup: 27100 ns, At safepoint: 76000 ns, Total: 109800 ns
[353.153s][info][safepoint   ] Safepoint "ThreadDump", Time since last: 1000838500 ns, Reaching safepoint: 6700 ns, Cleanup: 24800 ns, At safepoint: 80300 ns, Total: 111800 ns
[354.155s][info][safepoint   ] Safepoint "ThreadDump", Time since last: 1002149600 ns, Reaching safepoint: 6700 ns, Cleanup: 25400 ns, At safepoint: 83300 ns, Total: 115400 ns
[355.158s][info][safepoint   ] Safepoint "ThreadDump", Time since last: 1002072400 ns, Reaching safepoint: 7800 ns, Cleanup: 20200 ns, At safepoint: 102900 ns, Total: 130900 ns
[356.163s][info][safepoint   ] Safepoint "ThreadDump", Time since last: 997134600 ns, Reaching safepoint: 5500 ns, Cleanup: 6500 ns, At safepoint: 7852200 ns, Total: 7864200 ns
[356.165s][info][safepoint   ] Safepoint "FindDeadlocks", Time since last: 2669900 ns, Reaching safepoint: 4200 ns, Cleanup: 58700 ns, At safepoint: 126500 ns, Total: 189400 ns
[357.158s][info][safepoint   ] Safepoint "ThreadDump", Time since last: 992458500 ns, Reaching safepoint: 5300 ns, Cleanup: 36300 ns, At safepoint: 132200 ns, Total: 173800 ns
[358.160s][info][safepoint   ] Safepoint "ThreadDump", Time since last: 1001643400 ns, Reaching safepoint: 6300 ns, Cleanup: 13700 ns, At safepoint: 74500 ns, Total: 94500 ns
[359.160s][info][safepoint   ] Safepoint "ThreadDump", Time since last: 1000018500 ns, Reaching safepoint: 7000 ns, Cleanup: 198500 ns, At safepoint: 97000 ns, Total: 302500 ns
[360.167s][info][safepoint   ] Safepoint "ThreadDump", Time since last: 1002860000 ns, Reaching safepoint: 3200 ns, Cleanup: 7200 ns, At safepoint: 3839000 ns, Total: 3849400 ns
[361.162s][info][safepoint   ] Safepoint "ThreadDump", Time since last: 994709200 ns, Reaching safepoint: 5400 ns, Cleanup: 22400 ns, At safepoint: 139900 ns, Total: 167700 ns
[362.164s][info][safepoint   ] Safepoint "ThreadDump", Time since last: 1002678700 ns, Reaching safepoint: 6500 ns, Cleanup: 7800 ns, At safepoint: 111700 ns, Total: 126000 ns
[363.164s][info][safepoint   ] Safepoint "ThreadDump", Time since last: 999534100 ns, Reaching safepoint: 11900 ns, Cleanup: 17300 ns, At safepoint: 84700 ns, Total: 113900 ns
[364.164s][info][safepoint   ] Safepoint "ThreadDump", Time since last: 999845900 ns, Reaching safepoint: 6500 ns, Cleanup: 20500 ns, At safepoint: 102200 ns, Total: 129200 ns
[365.164s][info][safepoint   ] Safepoint "ThreadDump", Time since last: 1000122400 ns, Reaching safepoint: 6000 ns, Cleanup: 15700 ns, At safepoint: 130000 ns, Total: 151700 ns
[366.167s][info][safepoint   ] Safepoint "ThreadDump", Time since last: 1002901000 ns, Reaching safepoint: 8500 ns, Cleanup: 12000 ns, At safepoint: 117700 ns, Total: 138200 ns
[366.170s][info][safepoint   ] Safepoint "FindDeadlocks", Time since last: 2848400 ns, Reaching safepoint: 5900 ns, Cleanup: 15200 ns, At safepoint: 10200 ns, Total: 31300 ns
[367.168s][info][safepoint   ] Safepoint "ThreadDump", Time since last: 997795000 ns, Reaching safepoint: 8300 ns, Cleanup: 11500 ns, At safepoint: 119400 ns, Total: 139200 ns
[368.169s][info][safepoint   ] Safepoint "ThreadDump", Time since last: 1000792300 ns, Reaching safepoint: 8500 ns, Cleanup: 22800 ns, At safepoint: 117000 ns, Total: 148300 ns
[369.169s][info][safepoint   ] Safepoint "ThreadDump", Time since last: 999698500 ns, Reaching safepoint: 7600 ns, Cleanup: 12500 ns, At safepoint: 123100 ns, Total: 143200 ns
[370.171s][info][safepoint   ] Safepoint "ThreadDump", Time since last: 1001530300 ns, Reaching safepoint: 13200 ns, Cleanup: 38600 ns, At safepoint: 169000 ns, Total: 220800 ns
[371.170s][info][safepoint   ] Safepoint "ThreadDump", Time since last: 999418800 ns, Reaching safepoint: 7400 ns, Cleanup: 20600 ns, At safepoint: 112700 ns, Total: 140700 ns
[372.172s][info][safepoint   ] Safepoint "ThreadDump", Time since last: 1001302900 ns, Reaching safepoint: 7100 ns, Cleanup: 8000 ns, At safepoint: 62900 ns, Total: 78000 ns
[373.172s][info][safepoint   ] Safepoint "ThreadDump", Time since last: 1000020400 ns, Reaching safepoint: 7800 ns, Cleanup: 26000 ns, At safepoint: 87400 ns, Total: 121200 ns
[374.173s][info][safepoint   ] Safepoint "ThreadDump", Time since last: 1000779700 ns, Reaching safepoint: 5400 ns, Cleanup: 17100 ns, At safepoint: 154400 ns, Total: 176900 ns
[375.199s][info][safepoint   ] Safepoint "ThreadDump", Time since last: 1025907700 ns, Reaching safepoint: 7100 ns, Cleanup: 22000 ns, At safepoint: 108000 ns, Total: 137100 ns
[376.174s][info][safepoint   ] Safepoint "ThreadDump", Time since last: 975274500 ns, Reaching safepoint: 11600 ns, Cleanup: 70600 ns, At safepoint: 85100 ns, Total: 167300 ns
[376.178s][info][safepoint   ] Safepoint "FindDeadlocks", Time since last: 3382900 ns, Reaching safepoint: 4900 ns, Cleanup: 12700 ns, At safepoint: 60600 ns, Total: 78200 ns
[377.175s][info][safepoint   ] Safepoint "ThreadDump", Time since last: 996993300 ns, Reaching safepoint: 6300 ns, Cleanup: 9700 ns, At safepoint: 79100 ns, Total: 95100 ns
[378.174s][info][safepoint   ] Safepoint "ThreadDump", Time since last: 999393300 ns, Reaching safepoint: 17900 ns, Cleanup: 13300 ns, At safepoint: 148600 ns, Total: 179800 ns
[379.177s][info][safepoint   ] Safepoint "ThreadDump", Time since last: 1002422100 ns, Reaching safepoint: 7100 ns, Cleanup: 19100 ns, At safepoint: 112500 ns, Total: 138700 ns
[380.178s][info][safepoint   ] Safepoint "ThreadDump", Time since last: 1001126500 ns, Reaching safepoint: 7200 ns, Cleanup: 16900 ns, At safepoint: 118300 ns, Total: 142400 ns
[381.178s][info][safepoint   ] Safepoint "ThreadDump", Time since last: 1000154600 ns, Reaching safepoint: 4700 ns, Cleanup: 12000 ns, At safepoint: 64100 ns, Total: 80800 ns
[382.178s][info][safepoint   ] Safepoint "ThreadDump", Time since last: 999523500 ns, Reaching safepoint: 3800 ns, Cleanup: 7600 ns, At safepoint: 51600 ns, Total: 63000 ns
[383.179s][info][safepoint   ] Safepoint "ThreadDump", Time since last: 1001140200 ns, Reaching safepoint: 5500 ns, Cleanup: 14800 ns, At safepoint: 96400 ns, Total: 116700 ns
[384.179s][info][safepoint   ] Safepoint "ThreadDump", Time since last: 1000080800 ns, Reaching safepoint: 4200 ns, Cleanup: 6900 ns, At safepoint: 105400 ns, Total: 116500 ns
[385.180s][info][safepoint   ] Safepoint "Cleanup", Time since last: 1000072100 ns, Reaching safepoint: 72100 ns, Cleanup: 19000 ns, At safepoint: 9500 ns, Total: 100600 ns
[385.181s][info][safepoint   ] Safepoint "ThreadDump", Time since last: 1491900 ns, Reaching safepoint: 5100 ns, Cleanup: 11200 ns, At safepoint: 113900 ns, Total: 130200 ns
[386.181s][info][safepoint   ] Safepoint "ThreadDump", Time since last: 999368700 ns, Reaching safepoint: 6400 ns, Cleanup: 17100 ns, At safepoint: 127200 ns, Total: 150700 ns
[386.183s][info][safepoint   ] Safepoint "FindDeadlocks", Time since last: 2156000 ns, Reaching safepoint: 5300 ns, Cleanup: 6000 ns, At safepoint: 8800 ns, Total: 20100 ns
[387.182s][info][safepoint   ] Safepoint "ThreadDump", Time since last: 998551300 ns, Reaching safepoint: 9100 ns, Cleanup: 11400 ns, At safepoint: 119400 ns, Total: 139900 ns
[388.181s][info][safepoint   ] Safepoint "ThreadDump", Time since last: 999674200 ns, Reaching safepoint: 7600 ns, Cleanup: 21000 ns, At safepoint: 104500 ns, Total: 133100 ns
[389.183s][info][safepoint   ] Safepoint "ThreadDump", Time since last: 1001237300 ns, Reaching safepoint: 5300 ns, Cleanup: 9300 ns, At safepoint: 72300 ns, Total: 86900 ns
[390.185s][info][safepoint   ] Safepoint "ThreadDump", Time since last: 1001691200 ns, Reaching safepoint: 42400 ns, Cleanup: 17500 ns, At safepoint: 147300 ns, Total: 207200 ns
[391.187s][info][safepoint   ] Safepoint "ThreadDump", Time since last: 1002227900 ns, Reaching safepoint: 11700 ns, Cleanup: 24400 ns, At safepoint: 137800 ns, Total: 173900 ns
[392.186s][info][safepoint   ] Safepoint "ThreadDump", Time since last: 998867900 ns, Reaching safepoint: 18700 ns, Cleanup: 20000 ns, At safepoint: 97900 ns, Total: 136600 ns
[393.188s][info][safepoint   ] Safepoint "ThreadDump", Time since last: 1001995000 ns, Reaching safepoint: 6200 ns, Cleanup: 28100 ns, At safepoint: 124300 ns, Total: 158600 ns
[394.188s][info][safepoint   ] Safepoint "ThreadDump", Time since last: 999471600 ns, Reaching safepoint: 145200 ns, Cleanup: 18300 ns, At safepoint: 105700 ns, Total: 269200 ns
[395.188s][info][safepoint   ] Safepoint "ThreadDump", Time since last: 999204100 ns, Reaching safepoint: 115100 ns, Cleanup: 17200 ns, At safepoint: 843800 ns, Total: 976100 ns
[396.190s][info][safepoint   ] Safepoint "ThreadDump", Time since last: 1001312900 ns, Reaching safepoint: 6300 ns, Cleanup: 53300 ns, At safepoint: 94000 ns, Total: 153600 ns
[396.191s][info][safepoint   ] Safepoint "FindDeadlocks", Time since last: 1714200 ns, Reaching safepoint: 2200 ns, Cleanup: 2500 ns, At safepoint: 3300 ns, Total: 8000 ns
[397.190s][info][safepoint   ] Safepoint "ThreadDump", Time since last: 998773200 ns, Reaching safepoint: 6400 ns, Cleanup: 19200 ns, At safepoint: 118500 ns, Total: 144100 ns
[398.190s][info][safepoint   ] Safepoint "ThreadDump", Time since last: 999621100 ns, Reaching safepoint: 14700 ns, Cleanup: 12100 ns, At safepoint: 126100 ns, Total: 152900 ns
[399.192s][info][safepoint   ] Safepoint "ThreadDump", Time since last: 1001200900 ns, Reaching safepoint: 5800 ns, Cleanup: 12700 ns, At safepoint: 681300 ns, Total: 699800 ns
[400.192s][info][safepoint   ] Safepoint "ThreadDump", Time since last: 1000043700 ns, Reaching safepoint: 7500 ns, Cleanup: 27800 ns, At safepoint: 105800 ns, Total: 141100 ns
[401.194s][info][safepoint   ] Safepoint "ThreadDump", Time since last: 1001459800 ns, Reaching safepoint: 8900 ns, Cleanup: 31900 ns, At safepoint: 95200 ns, Total: 136000 ns
[402.194s][info][safepoint   ] Safepoint "ThreadDump", Time since last: 999817600 ns, Reaching safepoint: 5300 ns, Cleanup: 6600 ns, At safepoint: 70500 ns, Total: 82400 ns
[403.194s][info][safepoint   ] Safepoint "ThreadDump", Time since last: 1000041300 ns, Reaching safepoint: 6500 ns, Cleanup: 7400 ns, At safepoint: 75500 ns, Total: 89400 ns
[404.198s][info][safepoint   ] Safepoint "ThreadDump", Time since last: 1003789200 ns, Reaching safepoint: 5800 ns, Cleanup: 25800 ns, At safepoint: 109800 ns, Total: 141400 ns
[405.197s][info][safepoint   ] Safepoint "ThreadDump", Time since last: 999460600 ns, Reaching safepoint: 6000 ns, Cleanup: 13900 ns, At safepoint: 170700 ns, Total: 190600 ns
[406.199s][info][safepoint   ] Safepoint "ThreadDump", Time since last: 1001412500 ns, Reaching safepoint: 5000 ns, Cleanup: 12200 ns, At safepoint: 77500 ns, Total: 94700 ns
[406.202s][info][safepoint   ] Safepoint "FindDeadlocks", Time since last: 2752300 ns, Reaching safepoint: 8500 ns, Cleanup: 14900 ns, At safepoint: 14100 ns, Total: 37500 ns
[407.200s][info][safepoint   ] Safepoint "ThreadDump", Time since last: 997768200 ns, Reaching safepoint: 5100 ns, Cleanup: 6500 ns, At safepoint: 62300 ns, Total: 73900 ns
[408.200s][info][safepoint   ] Safepoint "ThreadDump", Time since last: 1000706400 ns, Reaching safepoint: 7700 ns, Cleanup: 26200 ns, At safepoint: 96800 ns, Total: 130700 ns
[409.202s][info][safepoint   ] Safepoint "ThreadDump", Time since last: 1001339300 ns, Reaching safepoint: 7800 ns, Cleanup: 28700 ns, At safepoint: 197600 ns, Total: 234100 ns
[410.202s][info][safepoint   ] Safepoint "ThreadDump", Time since last: 999881400 ns, Reaching safepoint: 6500 ns, Cleanup: 24200 ns, At safepoint: 107100 ns, Total: 137800 ns
[411.203s][info][safepoint   ] Safepoint "ThreadDump", Time since last: 1000720100 ns, Reaching safepoint: 3600 ns, Cleanup: 12800 ns, At safepoint: 68000 ns, Total: 84400 ns
[412.203s][info][safepoint   ] Safepoint "ThreadDump", Time since last: 1000033400 ns, Reaching safepoint: 8600 ns, Cleanup: 30400 ns, At safepoint: 111400 ns, Total: 150400 ns
[413.205s][info][safepoint   ] Safepoint "ThreadDump", Time since last: 1001801300 ns, Reaching safepoint: 5800 ns, Cleanup: 15300 ns, At safepoint: 67400 ns, Total: 88500 ns
[414.206s][info][safepoint   ] Safepoint "ThreadDump", Time since last: 1001019800 ns, Reaching safepoint: 6300 ns, Cleanup: 13100 ns, At safepoint: 258800 ns, Total: 278200 ns
[415.204s][info][safepoint   ] Safepoint "ThreadDump", Time since last: 997424700 ns, Reaching safepoint: 4300 ns, Cleanup: 132300 ns, At safepoint: 97300 ns, Total: 233900 ns
[416.206s][info][safepoint   ] Safepoint "ThreadDump", Time since last: 1002227600 ns, Reaching safepoint: 8800 ns, Cleanup: 9900 ns, At safepoint: 83400 ns, Total: 102100 ns
[416.208s][info][safepoint   ] Safepoint "FindDeadlocks", Time since last: 2130200 ns, Reaching safepoint: 4700 ns, Cleanup: 13600 ns, At safepoint: 7200 ns, Total: 25500 ns
[417.208s][info][safepoint   ] Safepoint "ThreadDump", Time since last: 999142300 ns, Reaching safepoint: 8100 ns, Cleanup: 10700 ns, At safepoint: 86200 ns, Total: 105000 ns
[418.210s][info][safepoint   ] Safepoint "ThreadDump", Time since last: 1002179500 ns, Reaching safepoint: 9700 ns, Cleanup: 21900 ns, At safepoint: 578100 ns, Total: 609700 ns
[419.212s][info][safepoint   ] Safepoint "ThreadDump", Time since last: 1001086500 ns, Reaching safepoint: 4600 ns, Cleanup: 16600 ns, At safepoint: 103300 ns, Total: 124500 ns
[420.211s][info][safepoint   ] Safepoint "ThreadDump", Time since last: 998853700 ns, Reaching safepoint: 5000 ns, Cleanup: 16400 ns, At safepoint: 155100 ns, Total: 176500 ns
[421.212s][info][safepoint   ] Safepoint "ThreadDump", Time since last: 1001602200 ns, Reaching safepoint: 5300 ns, Cleanup: 49600 ns, At safepoint: 83400 ns, Total: 138300 ns
[422.214s][info][safepoint   ] Safepoint "ThreadDump", Time since last: 1001524200 ns, Reaching safepoint: 6400 ns, Cleanup: 16200 ns, At safepoint: 82200 ns, Total: 104800 ns
[423.216s][info][safepoint   ] Safepoint "ThreadDump", Time since last: 1002140300 ns, Reaching safepoint: 31900 ns, Cleanup: 10400 ns, At safepoint: 79600 ns, Total: 121900 ns
[424.222s][info][safepoint   ] Safepoint "ThreadDump", Time since last: 1004975500 ns, Reaching safepoint: 4600 ns, Cleanup: 14100 ns, At safepoint: 391400 ns, Total: 410100 ns
[425.218s][info][safepoint   ] Safepoint "ThreadDump", Time since last: 996055000 ns, Reaching safepoint: 12400 ns, Cleanup: 11400 ns, At safepoint: 59800 ns, Total: 83600 ns
[426.220s][info][safepoint   ] Safepoint "ThreadDump", Time since last: 1001833400 ns, Reaching safepoint: 5600 ns, Cleanup: 30200 ns, At safepoint: 738000 ns, Total: 773800 ns
[426.222s][info][safepoint   ] Safepoint "FindDeadlocks", Time since last: 1596200 ns, Reaching safepoint: 3900 ns, Cleanup: 5200 ns, At safepoint: 5400 ns, Total: 14500 ns
[427.221s][info][safepoint   ] Safepoint "ThreadDump", Time since last: 999022400 ns, Reaching safepoint: 5300 ns, Cleanup: 12000 ns, At safepoint: 62700 ns, Total: 80000 ns
[428.221s][info][safepoint   ] Safepoint "ThreadDump", Time since last: 999775400 ns, Reaching safepoint: 4800 ns, Cleanup: 6200 ns, At safepoint: 61900 ns, Total: 72900 ns
[429.222s][info][safepoint   ] Safepoint "ThreadDump", Time since last: 1001372900 ns, Reaching safepoint: 4700 ns, Cleanup: 17400 ns, At safepoint: 82200 ns, Total: 104300 ns
[430.227s][info][safepoint   ] Safepoint "ThreadDump", Time since last: 1005032300 ns, Reaching safepoint: 2600 ns, Cleanup: 7100 ns, At safepoint: 39400 ns, Total: 49100 ns
[431.223s][info][safepoint   ] Safepoint "ThreadDump", Time since last: 995625900 ns, Reaching safepoint: 6300 ns, Cleanup: 8100 ns, At safepoint: 182000 ns, Total: 196400 ns
[432.224s][info][safepoint   ] Safepoint "ThreadDump", Time since last: 1001126700 ns, Reaching safepoint: 4500 ns, Cleanup: 12400 ns, At safepoint: 59600 ns, Total: 76500 ns
[433.224s][info][safepoint   ] Safepoint "ThreadDump", Time since last: 999589400 ns, Reaching safepoint: 5400 ns, Cleanup: 5900 ns, At safepoint: 66900 ns, Total: 78200 ns
[434.225s][info][safepoint   ] Safepoint "ThreadDump", Time since last: 1000973900 ns, Reaching safepoint: 2300 ns, Cleanup: 6000 ns, At safepoint: 69300 ns, Total: 77600 ns
[435.227s][info][safepoint   ] Safepoint "ThreadDump", Time since last: 1001506700 ns, Reaching safepoint: 5200 ns, Cleanup: 13400 ns, At safepoint: 111700 ns, Total: 130300 ns
[436.229s][info][safepoint   ] Safepoint "ThreadDump", Time since last: 1002559900 ns, Reaching safepoint: 5000 ns, Cleanup: 7100 ns, At safepoint: 75100 ns, Total: 87200 ns
[436.231s][info][safepoint   ] Safepoint "FindDeadlocks", Time since last: 1571100 ns, Reaching safepoint: 2100 ns, Cleanup: 6700 ns, At safepoint: 3800 ns, Total: 12600 ns
[437.231s][info][safepoint   ] Safepoint "ThreadDump", Time since last: 999219800 ns, Reaching safepoint: 5600 ns, Cleanup: 10900 ns, At safepoint: 449100 ns, Total: 465600 ns
[438.232s][info][safepoint   ] Safepoint "ThreadDump", Time since last: 1001032600 ns, Reaching safepoint: 5100 ns, Cleanup: 13800 ns, At safepoint: 78000 ns, Total: 96900 ns
[439.233s][info][safepoint   ] Safepoint "ThreadDump", Time since last: 1001552900 ns, Reaching safepoint: 5500 ns, Cleanup: 7400 ns, At safepoint: 63400 ns, Total: 76300 ns
[440.234s][info][safepoint   ] Safepoint "ThreadDump", Time since last: 1000370100 ns, Reaching safepoint: 2300 ns, Cleanup: 5700 ns, At safepoint: 27300 ns, Total: 35300 ns
[441.237s][info][safepoint   ] Safepoint "ThreadDump", Time since last: 1002816500 ns, Reaching safepoint: 8500 ns, Cleanup: 11000 ns, At safepoint: 115600 ns, Total: 135100 ns
[442.235s][info][safepoint   ] Safepoint "ThreadDump", Time since last: 997725100 ns, Reaching safepoint: 3700 ns, Cleanup: 6500 ns, At safepoint: 33900 ns, Total: 44100 ns
[443.238s][info][safepoint   ] Safepoint "ThreadDump", Time since last: 1002768900 ns, Reaching safepoint: 12500 ns, Cleanup: 15600 ns, At safepoint: 145200 ns, Total: 173300 ns
[444.237s][info][safepoint   ] Safepoint "ThreadDump", Time since last: 999536500 ns, Reaching safepoint: 8200 ns, Cleanup: 19300 ns, At safepoint: 117100 ns, Total: 144600 ns
[445.238s][info][safepoint   ] Safepoint "ThreadDump", Time since last: 1000916500 ns, Reaching safepoint: 6800 ns, Cleanup: 11400 ns, At safepoint: 145800 ns, Total: 164000 ns
[446.240s][info][safepoint   ] Safepoint "ThreadDump", Time since last: 1001877000 ns, Reaching safepoint: 8100 ns, Cleanup: 20100 ns, At safepoint: 113600 ns, Total: 141800 ns
[446.243s][info][safepoint   ] Safepoint "FindDeadlocks", Time since last: 2591200 ns, Reaching safepoint: 6200 ns, Cleanup: 7500 ns, At safepoint: 9900 ns, Total: 23600 ns
[447.240s][info][safepoint   ] Safepoint "ThreadDump", Time since last: 997327000 ns, Reaching safepoint: 8200 ns, Cleanup: 11500 ns, At safepoint: 118500 ns, Total: 138200 ns
[448.241s][info][safepoint   ] Safepoint "ThreadDump", Time since last: 1000217300 ns, Reaching safepoint: 8500 ns, Cleanup: 22600 ns, At safepoint: 118000 ns, Total: 149100 ns
[449.240s][info][safepoint   ] Safepoint "ThreadDump", Time since last: 999595200 ns, Reaching safepoint: 6700 ns, Cleanup: 9500 ns, At safepoint: 73700 ns, Total: 89900 ns
[450.240s][info][safepoint   ] Safepoint "ThreadDump", Time since last: 999606700 ns, Reaching safepoint: 4900 ns, Cleanup: 14500 ns, At safepoint: 94800 ns, Total: 114200 ns
[451.241s][info][safepoint   ] Safepoint "ThreadDump", Time since last: 1001110800 ns, Reaching safepoint: 4900 ns, Cleanup: 16000 ns, At safepoint: 56400 ns, Total: 77300 ns
[452.243s][info][safepoint   ] Safepoint "ThreadDump", Time since last: 1001685600 ns, Reaching safepoint: 4200 ns, Cleanup: 14300 ns, At safepoint: 43400 ns, Total: 61900 ns
[453.243s][info][safepoint   ] Safepoint "ThreadDump", Time since last: 999389200 ns, Reaching safepoint: 15000 ns, Cleanup: 25400 ns, At safepoint: 94200 ns, Total: 134600 ns
[454.242s][info][safepoint   ] Safepoint "ThreadDump", Time since last: 998987200 ns, Reaching safepoint: 5800 ns, Cleanup: 15300 ns, At safepoint: 67600 ns, Total: 88700 ns
[455.244s][info][safepoint   ] Safepoint "ThreadDump", Time since last: 1002165300 ns, Reaching safepoint: 10000 ns, Cleanup: 32100 ns, At safepoint: 108800 ns, Total: 150900 ns
[456.248s][info][safepoint   ] Safepoint "ThreadDump", Time since last: 1003790400 ns, Reaching safepoint: 6400 ns, Cleanup: 25700 ns, At safepoint: 100100 ns, Total: 132200 ns
[456.250s][info][safepoint   ] Safepoint "FindDeadlocks", Time since last: 2045200 ns, Reaching safepoint: 3800 ns, Cleanup: 5500 ns, At safepoint: 7200 ns, Total: 16500 ns
[457.249s][info][safepoint   ] Safepoint "ThreadDump", Time since last: 998670700 ns, Reaching safepoint: 4400 ns, Cleanup: 16300 ns, At safepoint: 48100 ns, Total: 68800 ns
[458.248s][info][safepoint   ] Safepoint "ThreadDump", Time since last: 999351800 ns, Reaching safepoint: 7000 ns, Cleanup: 15200 ns, At safepoint: 100700 ns, Total: 122900 ns
[459.250s][info][safepoint   ] Safepoint "ThreadDump", Time since last: 1001579000 ns, Reaching safepoint: 5800 ns, Cleanup: 24200 ns, At safepoint: 102900 ns, Total: 132900 ns
[460.251s][info][safepoint   ] Safepoint "ThreadDump", Time since last: 1001255500 ns, Reaching safepoint: 5500 ns, Cleanup: 7000 ns, At safepoint: 254600 ns, Total: 267100 ns
[461.252s][info][safepoint   ] Safepoint "ThreadDump", Time since last: 1000049600 ns, Reaching safepoint: 7900 ns, Cleanup: 17400 ns, At safepoint: 114600 ns, Total: 139900 ns
[462.252s][info][safepoint   ] Safepoint "ThreadDump", Time since last: 1000077300 ns, Reaching safepoint: 7500 ns, Cleanup: 8200 ns, At safepoint: 106200 ns, Total: 121900 ns
[463.253s][info][safepoint   ] Safepoint "ThreadDump", Time since last: 1001195500 ns, Reaching safepoint: 6300 ns, Cleanup: 24000 ns, At safepoint: 127300 ns, Total: 157600 ns
[464.254s][info][safepoint   ] Safepoint "ThreadDump", Time since last: 1000286600 ns, Reaching safepoint: 9500 ns, Cleanup: 24400 ns, At safepoint: 121500 ns, Total: 155400 ns
[465.254s][info][safepoint   ] Safepoint "ThreadDump", Time since last: 1000019900 ns, Reaching safepoint: 3400 ns, Cleanup: 8000 ns, At safepoint: 45900 ns, Total: 57300 ns
[466.255s][info][safepoint   ] Safepoint "ThreadDump", Time since last: 1001026500 ns, Reaching safepoint: 7200 ns, Cleanup: 19900 ns, At safepoint: 169900 ns, Total: 197000 ns
[466.259s][info][safepoint   ] Safepoint "FindDeadlocks", Time since last: 3791200 ns, Reaching safepoint: 5500 ns, Cleanup: 7100 ns, At safepoint: 8600 ns, Total: 21200 ns
[467.256s][info][safepoint   ] Safepoint "ThreadDump", Time since last: 997018400 ns, Reaching safepoint: 7000 ns, Cleanup: 25200 ns, At safepoint: 83700 ns, Total: 115900 ns
[468.257s][info][safepoint   ] Safepoint "ThreadDump", Time since last: 1000806800 ns, Reaching safepoint: 4800 ns, Cleanup: 17600 ns, At safepoint: 82700 ns, Total: 105100 ns
[469.258s][info][safepoint   ] Safepoint "ThreadDump", Time since last: 1001622500 ns, Reaching safepoint: 3700 ns, Cleanup: 9500 ns, At safepoint: 51700 ns, Total: 64900 ns
[470.258s][info][safepoint   ] Safepoint "ThreadDump", Time since last: 999846200 ns, Reaching safepoint: 8400 ns, Cleanup: 20800 ns, At safepoint: 83700 ns, Total: 112900 ns
[471.259s][info][safepoint   ] Safepoint "ThreadDump", Time since last: 1000047300 ns, Reaching safepoint: 4700 ns, Cleanup: 7200 ns, At safepoint: 64900 ns, Total: 76800 ns
[472.260s][info][safepoint   ] Safepoint "ThreadDump", Time since last: 1001184600 ns, Reaching safepoint: 4400 ns, Cleanup: 15800 ns, At safepoint: 77400 ns, Total: 97600 ns
[473.262s][info][safepoint   ] Safepoint "ThreadDump", Time since last: 1001600300 ns, Reaching safepoint: 11700 ns, Cleanup: 17300 ns, At safepoint: 117400 ns, Total: 146400 ns
[474.261s][info][safepoint   ] Safepoint "ThreadDump", Time since last: 999802400 ns, Reaching safepoint: 4800 ns, Cleanup: 6100 ns, At safepoint: 70800 ns, Total: 81700 ns
[475.261s][info][safepoint   ] Safepoint "ThreadDump", Time since last: 999643900 ns, Reaching safepoint: 4300 ns, Cleanup: 12100 ns, At safepoint: 172300 ns, Total: 188700 ns
[476.263s][info][safepoint   ] Safepoint "ThreadDump", Time since last: 1001699200 ns, Reaching safepoint: 10300 ns, Cleanup: 21100 ns, At safepoint: 50700 ns, Total: 82100 ns
[476.265s][info][safepoint   ] Safepoint "FindDeadlocks", Time since last: 2018100 ns, Reaching safepoint: 2700 ns, Cleanup: 3400 ns, At safepoint: 4700 ns, Total: 10800 ns
[477.261s][info][safepoint   ] Safepoint "ThreadDump", Time since last: 996123800 ns, Reaching safepoint: 4500 ns, Cleanup: 11700 ns, At safepoint: 75300 ns, Total: 91500 ns
[478.264s][info][safepoint   ] Safepoint "ThreadDump", Time since last: 1001977100 ns, Reaching safepoint: 10300 ns, Cleanup: 34100 ns, At safepoint: 189300 ns, Total: 233700 ns
[479.280s][info][safepoint   ] Safepoint "ThreadDump", Time since last: 1016857200 ns, Reaching safepoint: 2800 ns, Cleanup: 7500 ns, At safepoint: 44400 ns, Total: 54700 ns
[480.294s][info][safepoint   ] Safepoint "ThreadDump", Time since last: 986657200 ns, Reaching safepoint: 9400 ns, Cleanup: 26000 ns, At safepoint: 27034000 ns, Total: 27069400 ns
[481.266s][info][safepoint   ] Safepoint "ThreadDump", Time since last: 971532400 ns, Reaching safepoint: 4100 ns, Cleanup: 28000 ns, At safepoint: 275900 ns, Total: 308000 ns
[482.269s][info][safepoint   ] Safepoint "ThreadDump", Time since last: 1002509600 ns, Reaching safepoint: 3600 ns, Cleanup: 8200 ns, At safepoint: 64800 ns, Total: 76600 ns
[483.268s][info][safepoint   ] Safepoint "ThreadDump", Time since last: 999242500 ns, Reaching safepoint: 4600 ns, Cleanup: 11700 ns, At safepoint: 78400 ns, Total: 94700 ns
[484.270s][info][safepoint   ] Safepoint "ThreadDump", Time since last: 1002029300 ns, Reaching safepoint: 4500 ns, Cleanup: 10400 ns, At safepoint: 70800 ns, Total: 85700 ns
[485.272s][info][safepoint   ] Safepoint "ThreadDump", Time since last: 1002062200 ns, Reaching safepoint: 4500 ns, Cleanup: 11100 ns, At safepoint: 62600 ns, Total: 78200 ns
[486.273s][info][safepoint   ] Safepoint "ThreadDump", Time since last: 1000442800 ns, Reaching safepoint: 6700 ns, Cleanup: 13200 ns, At safepoint: 80200 ns, Total: 100100 ns
[486.275s][info][safepoint   ] Safepoint "FindDeadlocks", Time since last: 2051900 ns, Reaching safepoint: 4200 ns, Cleanup: 14400 ns, At safepoint: 6100 ns, Total: 24700 ns
[487.275s][info][safepoint   ] Safepoint "ThreadDump", Time since last: 1000478900 ns, Reaching safepoint: 4400 ns, Cleanup: 7400 ns, At safepoint: 73100 ns, Total: 84900 ns
[488.277s][info][safepoint   ] Safepoint "ThreadDump", Time since last: 1001129600 ns, Reaching safepoint: 5500 ns, Cleanup: 13800 ns, At safepoint: 48000 ns, Total: 67300 ns
[489.278s][info][safepoint   ] Safepoint "ThreadDump", Time since last: 1001033800 ns, Reaching safepoint: 6600 ns, Cleanup: 14900 ns, At safepoint: 250500 ns, Total: 272000 ns
[490.277s][info][safepoint   ] Safepoint "ThreadDump", Time since last: 998781700 ns, Reaching safepoint: 3900 ns, Cleanup: 13500 ns, At safepoint: 39400 ns, Total: 56800 ns
[491.278s][info][safepoint   ] Safepoint "ThreadDump", Time since last: 1001002500 ns, Reaching safepoint: 7100 ns, Cleanup: 55400 ns, At safepoint: 86600 ns, Total: 149100 ns
[492.279s][info][safepoint   ] Safepoint "ThreadDump", Time since last: 1001071300 ns, Reaching safepoint: 7600 ns, Cleanup: 28500 ns, At safepoint: 89000 ns, Total: 125100 ns
[493.279s][info][safepoint   ] Safepoint "ThreadDump", Time since last: 999228100 ns, Reaching safepoint: 5600 ns, Cleanup: 30000 ns, At safepoint: 175400 ns, Total: 211000 ns
[494.281s][info][safepoint   ] Safepoint "ThreadDump", Time since last: 1001442100 ns, Reaching safepoint: 4900 ns, Cleanup: 19100 ns, At safepoint: 881900 ns, Total: 905900 ns
[495.281s][info][safepoint   ] Safepoint "ThreadDump", Time since last: 999718200 ns, Reaching safepoint: 9700 ns, Cleanup: 40400 ns, At safepoint: 133100 ns, Total: 183200 ns
[496.281s][info][safepoint   ] Safepoint "ThreadDump", Time since last: 1000062600 ns, Reaching safepoint: 5300 ns, Cleanup: 389100 ns, At safepoint: 51800 ns, Total: 446200 ns
[496.283s][info][safepoint   ] Safepoint "FindDeadlocks", Time since last: 1843800 ns, Reaching safepoint: 3000 ns, Cleanup: 3300 ns, At safepoint: 4900 ns, Total: 11200 ns
[497.283s][info][safepoint   ] Safepoint "ThreadDump", Time since last: 999603200 ns, Reaching safepoint: 5400 ns, Cleanup: 8100 ns, At safepoint: 63600 ns, Total: 77100 ns
[498.282s][info][safepoint   ] Safepoint "ThreadDump", Time since last: 999123900 ns, Reaching safepoint: 5400 ns, Cleanup: 26000 ns, At safepoint: 112700 ns, Total: 144100 ns
[499.285s][info][safepoint   ] Safepoint "ThreadDump", Time since last: 1002661800 ns, Reaching safepoint: 5500 ns, Cleanup: 16900 ns, At safepoint: 71100 ns, Total: 93500 ns
[500.284s][info][safepoint   ] Safepoint "ThreadDump", Time since last: 998777500 ns, Reaching safepoint: 2300 ns, Cleanup: 6400 ns, At safepoint: 31900 ns, Total: 40600 ns
[501.285s][info][safepoint   ] Safepoint "ThreadDump", Time since last: 1001630700 ns, Reaching safepoint: 6500 ns, Cleanup: 8300 ns, At safepoint: 96600 ns, Total: 111400 ns
[502.287s][info][safepoint   ] Safepoint "ThreadDump", Time since last: 1001084100 ns, Reaching safepoint: 9700 ns, Cleanup: 36800 ns, At safepoint: 204500 ns, Total: 251000 ns
[503.285s][info][safepoint   ] Safepoint "ThreadDump", Time since last: 997963300 ns, Reaching safepoint: 5400 ns, Cleanup: 13700 ns, At safepoint: 93900 ns, Total: 113000 ns
[504.287s][info][safepoint   ] Safepoint "ThreadDump", Time since last: 1001574300 ns, Reaching safepoint: 6500 ns, Cleanup: 9500 ns, At safepoint: 106800 ns, Total: 122800 ns
[505.288s][info][safepoint   ] Safepoint "ThreadDump", Time since last: 1001463500 ns, Reaching safepoint: 8600 ns, Cleanup: 23100 ns, At safepoint: 282900 ns, Total: 314600 ns
[506.288s][info][safepoint   ] Safepoint "ThreadDump", Time since last: 999622600 ns, Reaching safepoint: 7700 ns, Cleanup: 11200 ns, At safepoint: 145200 ns, Total: 164100 ns
[506.290s][info][safepoint   ] Safepoint "FindDeadlocks", Time since last: 2157200 ns, Reaching safepoint: 5600 ns, Cleanup: 22800 ns, At safepoint: 10800 ns, Total: 39200 ns
[507.289s][info][safepoint   ] Safepoint "ThreadDump", Time since last: 998592400 ns, Reaching safepoint: 7600 ns, Cleanup: 11000 ns, At safepoint: 121700 ns, Total: 140300 ns
[508.289s][info][safepoint   ] Safepoint "ThreadDump", Time since last: 1000087400 ns, Reaching safepoint: 8400 ns, Cleanup: 32800 ns, At safepoint: 141700 ns, Total: 182900 ns
[509.289s][info][safepoint   ] Safepoint "ThreadDump", Time since last: 999702500 ns, Reaching safepoint: 7600 ns, Cleanup: 35800 ns, At safepoint: 145200 ns, Total: 188600 ns
[510.289s][info][safepoint   ] Safepoint "ThreadDump", Time since last: 999806300 ns, Reaching safepoint: 6700 ns, Cleanup: 30700 ns, At safepoint: 108000 ns, Total: 145400 ns
[511.291s][info][safepoint   ] Safepoint "ThreadDump", Time since last: 1001875900 ns, Reaching safepoint: 6600 ns, Cleanup: 14800 ns, At safepoint: 73800 ns, Total: 95200 ns
[512.290s][info][safepoint   ] Safepoint "ThreadDump", Time since last: 998777900 ns, Reaching safepoint: 9700 ns, Cleanup: 33800 ns, At safepoint: 143600 ns, Total: 187100 ns
[513.290s][info][safepoint   ] Safepoint "ThreadDump", Time since last: 1000297400 ns, Reaching safepoint: 5100 ns, Cleanup: 16100 ns, At safepoint: 76700 ns, Total: 97900 ns
[514.291s][info][safepoint   ] Safepoint "ThreadDump", Time since last: 1000312700 ns, Reaching safepoint: 6200 ns, Cleanup: 19900 ns, At safepoint: 176600 ns, Total: 202700 ns
[515.293s][info][safepoint   ] Safepoint "ThreadDump", Time since last: 1001615300 ns, Reaching safepoint: 6900 ns, Cleanup: 25300 ns, At safepoint: 112400 ns, Total: 144600 ns
[516.294s][info][safepoint   ] Safepoint "ThreadDump", Time since last: 1001298000 ns, Reaching safepoint: 6300 ns, Cleanup: 14200 ns, At safepoint: 112300 ns, Total: 132800 ns
[516.296s][info][safepoint   ] Safepoint "FindDeadlocks", Time since last: 1620300 ns, Reaching safepoint: 5000 ns, Cleanup: 31900 ns, At safepoint: 5900 ns, Total: 42800 ns
[517.295s][info][safepoint   ] Safepoint "ThreadDump", Time since last: 999239700 ns, Reaching safepoint: 7600 ns, Cleanup: 32600 ns, At safepoint: 83700 ns, Total: 123900 ns
[518.293s][info][safepoint   ] Safepoint "ThreadDump", Time since last: 998109800 ns, Reaching safepoint: 4600 ns, Cleanup: 11800 ns, At safepoint: 68800 ns, Total: 85200 ns
[519.295s][info][safepoint   ] Safepoint "ThreadDump", Time since last: 1001598600 ns, Reaching safepoint: 8100 ns, Cleanup: 16200 ns, At safepoint: 79400 ns, Total: 103700 ns
[520.296s][info][safepoint   ] Safepoint "ThreadDump", Time since last: 1001102400 ns, Reaching safepoint: 4500 ns, Cleanup: 7600 ns, At safepoint: 61200 ns, Total: 73300 ns
[521.296s][info][safepoint   ] Safepoint "ThreadDump", Time since last: 999235700 ns, Reaching safepoint: 4300 ns, Cleanup: 23800 ns, At safepoint: 123800 ns, Total: 151900 ns
[522.298s][info][safepoint   ] Safepoint "ThreadDump", Time since last: 1001849800 ns, Reaching safepoint: 8600 ns, Cleanup: 19000 ns, At safepoint: 72000 ns, Total: 99600 ns
[523.299s][info][safepoint   ] Safepoint "ThreadDump", Time since last: 1001001200 ns, Reaching safepoint: 10800 ns, Cleanup: 64000 ns, At safepoint: 437900 ns, Total: 512700 ns
[524.299s][info][safepoint   ] Safepoint "ThreadDump", Time since last: 999623200 ns, Reaching safepoint: 6300 ns, Cleanup: 16100 ns, At safepoint: 103600 ns, Total: 126000 ns
[525.300s][info][safepoint   ] Safepoint "ThreadDump", Time since last: 1000882100 ns, Reaching safepoint: 5000 ns, Cleanup: 6100 ns, At safepoint: 59600 ns, Total: 70700 ns
[526.300s][info][safepoint   ] Safepoint "ThreadDump", Time since last: 1000001900 ns, Reaching safepoint: 5700 ns, Cleanup: 16100 ns, At safepoint: 114000 ns, Total: 135800 ns
[526.302s][info][safepoint   ] Safepoint "FindDeadlocks", Time since last: 1677800 ns, Reaching safepoint: 2400 ns, Cleanup: 2600 ns, At safepoint: 4900 ns, Total: 9900 ns
[527.301s][info][safepoint   ] Safepoint "ThreadDump", Time since last: 999779500 ns, Reaching safepoint: 3900 ns, Cleanup: 4500 ns, At safepoint: 33400 ns, Total: 41800 ns
[528.302s][info][safepoint   ] Safepoint "ThreadDump", Time since last: 1000772200 ns, Reaching safepoint: 3500 ns, Cleanup: 11700 ns, At safepoint: 115400 ns, Total: 130600 ns
[529.303s][info][safepoint   ] Safepoint "ThreadDump", Time since last: 1000196300 ns, Reaching safepoint: 6000 ns, Cleanup: 14100 ns, At safepoint: 95000 ns, Total: 115100 ns
[530.304s][info][safepoint   ] Safepoint "ThreadDump", Time since last: 1000828900 ns, Reaching safepoint: 81600 ns, Cleanup: 27300 ns, At safepoint: 164000 ns, Total: 272900 ns
[531.304s][info][safepoint   ] Safepoint "ThreadDump", Time since last: 1000161700 ns, Reaching safepoint: 4200 ns, Cleanup: 8700 ns, At safepoint: 47000 ns, Total: 59900 ns
[532.303s][info][safepoint   ] Safepoint "ThreadDump", Time since last: 999322000 ns, Reaching safepoint: 4600 ns, Cleanup: 8100 ns, At safepoint: 40100 ns, Total: 52800 ns
[533.303s][info][safepoint   ] Safepoint "ThreadDump", Time since last: 999717000 ns, Reaching safepoint: 2900 ns, Cleanup: 8100 ns, At safepoint: 56500 ns, Total: 67500 ns
[534.304s][info][safepoint   ] Safepoint "ThreadDump", Time since last: 1000766600 ns, Reaching safepoint: 4400 ns, Cleanup: 8600 ns, At safepoint: 41400 ns, Total: 54400 ns
[535.306s][info][safepoint   ] Safepoint "ThreadDump", Time since last: 1001787700 ns, Reaching safepoint: 4000 ns, Cleanup: 9300 ns, At safepoint: 134600 ns, Total: 147900 ns
[536.306s][info][safepoint   ] Safepoint "ThreadDump", Time since last: 999621500 ns, Reaching safepoint: 4500 ns, Cleanup: 6700 ns, At safepoint: 31200 ns, Total: 42400 ns
[536.307s][info][safepoint   ] Safepoint "FindDeadlocks", Time since last: 1146100 ns, Reaching safepoint: 2300 ns, Cleanup: 2200 ns, At safepoint: 2300 ns, Total: 6800 ns
[537.308s][info][safepoint   ] Safepoint "ThreadDump", Time since last: 1001421300 ns, Reaching safepoint: 6600 ns, Cleanup: 10600 ns, At safepoint: 102600 ns, Total: 119800 ns
[538.309s][info][safepoint   ] Safepoint "ThreadDump", Time since last: 999937700 ns, Reaching safepoint: 3200 ns, Cleanup: 5500 ns, At safepoint: 322900 ns, Total: 331600 ns
[539.309s][info][safepoint   ] Safepoint "ThreadDump", Time since last: 1000733400 ns, Reaching safepoint: 3500 ns, Cleanup: 7800 ns, At safepoint: 46600 ns, Total: 57900 ns
[540.310s][info][safepoint   ] Safepoint "ThreadDump", Time since last: 1001020800 ns, Reaching safepoint: 3200 ns, Cleanup: 7700 ns, At safepoint: 48100 ns, Total: 59000 ns
[541.313s][info][safepoint   ] Safepoint "ThreadDump", Time since last: 1002272100 ns, Reaching safepoint: 3100 ns, Cleanup: 9700 ns, At safepoint: 64300 ns, Total: 77100 ns
[542.313s][info][safepoint   ] Safepoint "ThreadDump", Time since last: 1000295600 ns, Reaching safepoint: 3300 ns, Cleanup: 16900 ns, At safepoint: 45800 ns, Total: 66000 ns
[543.314s][info][safepoint   ] Safepoint "ThreadDump", Time since last: 1001199400 ns, Reaching safepoint: 3400 ns, Cleanup: 4300 ns, At safepoint: 104500 ns, Total: 112200 ns
[544.316s][info][safepoint   ] Safepoint "ThreadDump", Time since last: 1001497900 ns, Reaching safepoint: 3400 ns, Cleanup: 7500 ns, At safepoint: 44600 ns, Total: 55500 ns
[545.317s][info][safepoint   ] Safepoint "ThreadDump", Time since last: 1000253800 ns, Reaching safepoint: 25200 ns, Cleanup: 6600 ns, At safepoint: 1098800 ns, Total: 1130600 ns
[546.318s][info][safepoint   ] Safepoint "ThreadDump", Time since last: 1000133900 ns, Reaching safepoint: 23300 ns, Cleanup: 6700 ns, At safepoint: 466700 ns, Total: 496700 ns
[546.320s][info][safepoint   ] Safepoint "FindDeadlocks", Time since last: 1783200 ns, Reaching safepoint: 5300 ns, Cleanup: 7200 ns, At safepoint: 42200 ns, Total: 54700 ns
[547.319s][info][safepoint   ] Safepoint "ThreadDump", Time since last: 998761900 ns, Reaching safepoint: 6600 ns, Cleanup: 29800 ns, At safepoint: 119100 ns, Total: 155500 ns
[548.319s][info][safepoint   ] Safepoint "ThreadDump", Time since last: 999939700 ns, Reaching safepoint: 6400 ns, Cleanup: 29400 ns, At safepoint: 120600 ns, Total: 156400 ns
[549.320s][info][safepoint   ] Safepoint "ThreadDump", Time since last: 1000662900 ns, Reaching safepoint: 6200 ns, Cleanup: 30400 ns, At safepoint: 123000 ns, Total: 159600 ns
[550.322s][info][safepoint   ] Safepoint "ThreadDump", Time since last: 1002535400 ns, Reaching safepoint: 6300 ns, Cleanup: 30600 ns, At safepoint: 135400 ns, Total: 172300 ns
[551.322s][info][safepoint   ] Safepoint "ThreadDump", Time since last: 999646100 ns, Reaching safepoint: 4100 ns, Cleanup: 10000 ns, At safepoint: 124000 ns, Total: 138100 ns
[552.327s][info][safepoint   ] Safepoint "ThreadDump", Time since last: 1004414800 ns, Reaching safepoint: 4500 ns, Cleanup: 13100 ns, At safepoint: 154800 ns, Total: 172400 ns
[553.323s][info][safepoint   ] Safepoint "ThreadDump", Time since last: 996400500 ns, Reaching safepoint: 6600 ns, Cleanup: 9100 ns, At safepoint: 132000 ns, Total: 147700 ns
[554.324s][info][safepoint   ] Safepoint "ThreadDump", Time since last: 1000928300 ns, Reaching safepoint: 6200 ns, Cleanup: 23100 ns, At safepoint: 109900 ns, Total: 139200 ns
[555.324s][info][safepoint   ] Safepoint "ThreadDump", Time since last: 999244800 ns, Reaching safepoint: 2500 ns, Cleanup: 5500 ns, At safepoint: 26100 ns, Total: 34100 ns
[556.327s][info][safepoint   ] Safepoint "ThreadDump", Time since last: 1002937900 ns, Reaching safepoint: 5600 ns, Cleanup: 8100 ns, At safepoint: 151100 ns, Total: 164800 ns
[556.328s][info][safepoint   ] Safepoint "FindDeadlocks", Time since last: 1709700 ns, Reaching safepoint: 4800 ns, Cleanup: 20700 ns, At safepoint: 9800 ns, Total: 35300 ns
[557.327s][info][safepoint   ] Safepoint "ThreadDump", Time since last: 998715400 ns, Reaching safepoint: 3300 ns, Cleanup: 4000 ns, At safepoint: 51900 ns, Total: 59200 ns
[558.327s][info][safepoint   ] Safepoint "ThreadDump", Time since last: 999524100 ns, Reaching safepoint: 3300 ns, Cleanup: 12700 ns, At safepoint: 34200 ns, Total: 50200 ns
[559.329s][info][safepoint   ] Safepoint "ThreadDump", Time since last: 1002150500 ns, Reaching safepoint: 6700 ns, Cleanup: 27500 ns, At safepoint: 100300 ns, Total: 134500 ns
[560.331s][info][safepoint   ] Safepoint "ThreadDump", Time since last: 1001266200 ns, Reaching safepoint: 12100 ns, Cleanup: 31500 ns, At safepoint: 179100 ns, Total: 222700 ns
[561.330s][info][safepoint   ] Safepoint "ThreadDump", Time since last: 999462200 ns, Reaching safepoint: 2800 ns, Cleanup: 6200 ns, At safepoint: 28600 ns, Total: 37600 ns
[562.333s][info][safepoint   ] Safepoint "ThreadDump", Time since last: 1002502200 ns, Reaching safepoint: 3000 ns, Cleanup: 6000 ns, At safepoint: 26000 ns, Total: 35000 ns
[563.334s][info][safepoint   ] Safepoint "ThreadDump", Time since last: 1000884800 ns, Reaching safepoint: 6600 ns, Cleanup: 28500 ns, At safepoint: 119200 ns, Total: 154300 ns
[564.334s][info][safepoint   ] Safepoint "ThreadDump", Time since last: 1000411700 ns, Reaching safepoint: 6800 ns, Cleanup: 28300 ns, At safepoint: 119800 ns, Total: 154900 ns
[565.336s][info][safepoint   ] Safepoint "ThreadDump", Time since last: 1001990700 ns, Reaching safepoint: 8700 ns, Cleanup: 32800 ns, At safepoint: 142000 ns, Total: 183500 ns
[566.336s][info][safepoint   ] Safepoint "ThreadDump", Time since last: 999241400 ns, Reaching safepoint: 6600 ns, Cleanup: 23500 ns, At safepoint: 169500 ns, Total: 199600 ns
[566.338s][info][safepoint   ] Safepoint "FindDeadlocks", Time since last: 1930800 ns, Reaching safepoint: 5000 ns, Cleanup: 6700 ns, At safepoint: 8800 ns, Total: 20500 ns
[567.338s][info][safepoint   ] Safepoint "ThreadDump", Time since last: 1000154100 ns, Reaching safepoint: 6200 ns, Cleanup: 29200 ns, At safepoint: 135300 ns, Total: 170700 ns
[568.338s][info][safepoint   ] Safepoint "ThreadDump", Time since last: 999542700 ns, Reaching safepoint: 6500 ns, Cleanup: 29400 ns, At safepoint: 117900 ns, Total: 153800 ns
[569.337s][info][safepoint   ] Safepoint "ThreadDump", Time since last: 999101300 ns, Reaching safepoint: 3500 ns, Cleanup: 7000 ns, At safepoint: 91200 ns, Total: 101700 ns
[570.339s][info][safepoint   ] Safepoint "ThreadDump", Time since last: 1001662300 ns, Reaching safepoint: 7200 ns, Cleanup: 214500 ns, At safepoint: 159600 ns, Total: 381300 ns
[571.341s][info][safepoint   ] Safepoint "ThreadDump", Time since last: 1001201500 ns, Reaching safepoint: 6700 ns, Cleanup: 28000 ns, At safepoint: 182000 ns, Total: 216700 ns
[572.341s][info][safepoint   ] Safepoint "ThreadDump", Time since last: 1000367300 ns, Reaching safepoint: 5500 ns, Cleanup: 18200 ns, At safepoint: 79900 ns, Total: 103600 ns
[573.342s][info][safepoint   ] Safepoint "ThreadDump", Time since last: 1000471500 ns, Reaching safepoint: 3900 ns, Cleanup: 9500 ns, At safepoint: 107000 ns, Total: 120400 ns
[574.343s][info][safepoint   ] Safepoint "ThreadDump", Time since last: 1000724600 ns, Reaching safepoint: 10300 ns, Cleanup: 10000 ns, At safepoint: 286100 ns, Total: 306400 ns
[575.343s][info][safepoint   ] Safepoint "ThreadDump", Time since last: 1000204300 ns, Reaching safepoint: 13200 ns, Cleanup: 43000 ns, At safepoint: 99000 ns, Total: 155200 ns
[576.344s][info][safepoint   ] Safepoint "ThreadDump", Time since last: 1000989800 ns, Reaching safepoint: 6300 ns, Cleanup: 130600 ns, At safepoint: 162800 ns, Total: 299700 ns
[576.346s][info][safepoint   ] Safepoint "FindDeadlocks", Time since last: 2152900 ns, Reaching safepoint: 4500 ns, Cleanup: 4200 ns, At safepoint: 4600 ns, Total: 13300 ns
[577.345s][info][safepoint   ] Safepoint "ThreadDump", Time since last: 998117600 ns, Reaching safepoint: 7200 ns, Cleanup: 31700 ns, At safepoint: 195400 ns, Total: 234300 ns
[578.344s][info][safepoint   ] Safepoint "ThreadDump", Time since last: 999302000 ns, Reaching safepoint: 12500 ns, Cleanup: 36400 ns, At safepoint: 249400 ns, Total: 298300 ns
[579.345s][info][safepoint   ] Safepoint "ThreadDump", Time since last: 1000121700 ns, Reaching safepoint: 2800 ns, Cleanup: 7300 ns, At safepoint: 35100 ns, Total: 45200 ns
[580.346s][info][safepoint   ] Safepoint "ThreadDump", Time since last: 1001516700 ns, Reaching safepoint: 3200 ns, Cleanup: 121100 ns, At safepoint: 56600 ns, Total: 180900 ns
[581.348s][info][safepoint   ] Safepoint "ThreadDump", Time since last: 1001746200 ns, Reaching safepoint: 4500 ns, Cleanup: 15300 ns, At safepoint: 142600 ns, Total: 162400 ns
[582.347s][info][safepoint   ] Safepoint "ThreadDump", Time since last: 999185700 ns, Reaching safepoint: 2600 ns, Cleanup: 6000 ns, At safepoint: 28100 ns, Total: 36700 ns
[583.349s][info][safepoint   ] Safepoint "ThreadDump", Time since last: 1001509400 ns, Reaching safepoint: 4300 ns, Cleanup: 12900 ns, At safepoint: 38800 ns, Total: 56000 ns
[584.349s][info][safepoint   ] Safepoint "ThreadDump", Time since last: 999586700 ns, Reaching safepoint: 4500 ns, Cleanup: 18700 ns, At safepoint: 67000 ns, Total: 90200 ns
[585.349s][info][safepoint   ] Safepoint "ThreadDump", Time since last: 999966800 ns, Reaching safepoint: 4800 ns, Cleanup: 10900 ns, At safepoint: 80700 ns, Total: 96400 ns
[586.350s][info][safepoint   ] Safepoint "ThreadDump", Time since last: 1000793200 ns, Reaching safepoint: 10900 ns, Cleanup: 20600 ns, At safepoint: 192500 ns, Total: 224000 ns
[586.352s][info][safepoint   ] Safepoint "FindDeadlocks", Time since last: 1922500 ns, Reaching safepoint: 4700 ns, Cleanup: 6000 ns, At safepoint: 6100 ns, Total: 16800 ns
[587.351s][info][safepoint   ] Safepoint "ThreadDump", Time since last: 998829100 ns, Reaching safepoint: 2900 ns, Cleanup: 6700 ns, At safepoint: 41200 ns, Total: 50800 ns
[588.352s][info][safepoint   ] Safepoint "ThreadDump", Time since last: 1001291700 ns, Reaching safepoint: 11100 ns, Cleanup: 25100 ns, At safepoint: 228900 ns, Total: 265100 ns
[589.352s][info][safepoint   ] Safepoint "ThreadDump", Time since last: 999821400 ns, Reaching safepoint: 3000 ns, Cleanup: 6500 ns, At safepoint: 55800 ns, Total: 65300 ns
[590.352s][info][safepoint   ] Safepoint "ThreadDump", Time since last: 999606700 ns, Reaching safepoint: 3000 ns, Cleanup: 8000 ns, At safepoint: 39300 ns, Total: 50300 ns
[591.354s][info][safepoint   ] Safepoint "ThreadDump", Time since last: 1002182100 ns, Reaching safepoint: 3500 ns, Cleanup: 8500 ns, At safepoint: 73400 ns, Total: 85400 ns
[592.353s][info][safepoint   ] Safepoint "ThreadDump", Time since last: 999256900 ns, Reaching safepoint: 5200 ns, Cleanup: 15900 ns, At safepoint: 118300 ns, Total: 139400 ns
[593.355s][info][safepoint   ] Safepoint "ThreadDump", Time since last: 1001547800 ns, Reaching safepoint: 7000 ns, Cleanup: 24600 ns, At safepoint: 141200 ns, Total: 172800 ns
[594.355s][info][safepoint   ] Safepoint "ThreadDump", Time since last: 1000218000 ns, Reaching safepoint: 3200 ns, Cleanup: 6900 ns, At safepoint: 39600 ns, Total: 49700 ns
[595.356s][info][safepoint   ] Safepoint "ThreadDump", Time since last: 1000227800 ns, Reaching safepoint: 5800 ns, Cleanup: 18400 ns, At safepoint: 86800 ns, Total: 111000 ns
[596.357s][info][safepoint   ] Safepoint "ThreadDump", Time since last: 1001083400 ns, Reaching safepoint: 6400 ns, Cleanup: 23000 ns, At safepoint: 70200 ns, Total: 99600 ns
[596.358s][info][safepoint   ] Safepoint "FindDeadlocks", Time since last: 1462700 ns, Reaching safepoint: 7900 ns, Cleanup: 9100 ns, At safepoint: 7400 ns, Total: 24400 ns
[597.358s][info][safepoint   ] Safepoint "ThreadDump", Time since last: 999671300 ns, Reaching safepoint: 3500 ns, Cleanup: 11700 ns, At safepoint: 45100 ns, Total: 60300 ns
[598.358s][info][safepoint   ] Safepoint "ThreadDump", Time since last: 999650300 ns, Reaching safepoint: 3500 ns, Cleanup: 7900 ns, At safepoint: 44900 ns, Total: 56300 ns
[599.360s][info][safepoint   ] Safepoint "ThreadDump", Time since last: 1002223300 ns, Reaching safepoint: 9900 ns, Cleanup: 31700 ns, At safepoint: 105800 ns, Total: 147400 ns
[600.359s][info][safepoint   ] Safepoint "ThreadDump", Time since last: 999247800 ns, Reaching safepoint: 3600 ns, Cleanup: 10600 ns, At safepoint: 47300 ns, Total: 61500 ns
[601.361s][info][safepoint   ] Safepoint "ThreadDump", Time since last: 1001325800 ns, Reaching safepoint: 9400 ns, Cleanup: 30600 ns, At safepoint: 105700 ns, Total: 145700 ns
[602.360s][info][safepoint   ] Safepoint "ThreadDump", Time since last: 999273800 ns, Reaching safepoint: 5400 ns, Cleanup: 11300 ns, At safepoint: 101200 ns, Total: 117900 ns
[603.361s][info][safepoint   ] Safepoint "ThreadDump", Time since last: 1001069600 ns, Reaching safepoint: 3500 ns, Cleanup: 6800 ns, At safepoint: 35700 ns, Total: 46000 ns
[604.363s][info][safepoint   ] Safepoint "ThreadDump", Time since last: 1001626200 ns, Reaching safepoint: 8800 ns, Cleanup: 15900 ns, At safepoint: 184900 ns, Total: 209600 ns
[605.365s][info][safepoint   ] Safepoint "ThreadDump", Time since last: 1001232500 ns, Reaching safepoint: 6800 ns, Cleanup: 23400 ns, At safepoint: 102600 ns, Total: 132800 ns
[606.365s][info][safepoint   ] Safepoint "Cleanup", Time since last: 1000116400 ns, Reaching safepoint: 11200 ns, Cleanup: 31500 ns, At safepoint: 18900 ns, Total: 61600 ns
[606.368s][info][safepoint   ] Safepoint "ThreadDump", Time since last: 2788800 ns, Reaching safepoint: 7600 ns, Cleanup: 10900 ns, At safepoint: 84200 ns, Total: 102700 ns
[606.370s][info][safepoint   ] Safepoint "FindDeadlocks", Time since last: 2024000 ns, Reaching safepoint: 5900 ns, Cleanup: 8300 ns, At safepoint: 6600 ns, Total: 20800 ns
[607.366s][info][safepoint   ] Safepoint "ThreadDump", Time since last: 996178500 ns, Reaching safepoint: 3600 ns, Cleanup: 29200 ns, At safepoint: 92200 ns, Total: 125000 ns
[608.367s][info][safepoint   ] Safepoint "ThreadDump", Time since last: 1000573000 ns, Reaching safepoint: 5700 ns, Cleanup: 13000 ns, At safepoint: 92200 ns, Total: 110900 ns
[609.369s][info][safepoint   ] Safepoint "ThreadDump", Time since last: 1001808500 ns, Reaching safepoint: 6600 ns, Cleanup: 11600 ns, At safepoint: 112100 ns, Total: 130300 ns
[610.370s][info][safepoint   ] Safepoint "ThreadDump", Time since last: 1000709100 ns, Reaching safepoint: 4900 ns, Cleanup: 16500 ns, At safepoint: 177900 ns, Total: 199300 ns
[611.370s][info][safepoint   ] Safepoint "ThreadDump", Time since last: 1000250800 ns, Reaching safepoint: 5200 ns, Cleanup: 18500 ns, At safepoint: 85100 ns, Total: 108800 ns
[612.371s][info][safepoint   ] Safepoint "ThreadDump", Time since last: 1000799500 ns, Reaching safepoint: 8000 ns, Cleanup: 32300 ns, At safepoint: 201700 ns, Total: 242000 ns
[613.371s][info][safepoint   ] Safepoint "ThreadDump", Time since last: 999632700 ns, Reaching safepoint: 5700 ns, Cleanup: 22500 ns, At safepoint: 103900 ns, Total: 132100 ns
[614.373s][info][safepoint   ] Safepoint "ThreadDump", Time since last: 1002265700 ns, Reaching safepoint: 9100 ns, Cleanup: 32900 ns, At safepoint: 153900 ns, Total: 195900 ns
[615.374s][info][safepoint   ] Safepoint "ThreadDump", Time since last: 1001082000 ns, Reaching safepoint: 8900 ns, Cleanup: 32500 ns, At safepoint: 130300 ns, Total: 171700 ns
[616.374s][info][safepoint   ] Safepoint "ThreadDump", Time since last: 999203300 ns, Reaching safepoint: 6900 ns, Cleanup: 23900 ns, At safepoint: 92300 ns, Total: 123100 ns
[616.376s][info][safepoint   ] Safepoint "FindDeadlocks", Time since last: 1815100 ns, Reaching safepoint: 3500 ns, Cleanup: 8100 ns, At safepoint: 4700 ns, Total: 16300 ns
[617.376s][info][safepoint   ] Safepoint "ThreadDump", Time since last: 999930700 ns, Reaching safepoint: 5600 ns, Cleanup: 51700 ns, At safepoint: 64000 ns, Total: 121300 ns
[618.375s][info][safepoint   ] Safepoint "ThreadDump", Time since last: 998867300 ns, Reaching safepoint: 10600 ns, Cleanup: 11200 ns, At safepoint: 81500 ns, Total: 103300 ns
[619.375s][info][safepoint   ] Safepoint "ThreadDump", Time since last: 1000383200 ns, Reaching safepoint: 10600 ns, Cleanup: 28100 ns, At safepoint: 241300 ns, Total: 280000 ns
[620.376s][info][safepoint   ] Safepoint "ThreadDump", Time since last: 1000925700 ns, Reaching safepoint: 7500 ns, Cleanup: 130700 ns, At safepoint: 184700 ns, Total: 322900 ns
[621.376s][info][safepoint   ] Safepoint "ThreadDump", Time since last: 998945000 ns, Reaching safepoint: 9200 ns, Cleanup: 12500 ns, At safepoint: 121100 ns, Total: 142800 ns
[622.377s][info][safepoint   ] Safepoint "ThreadDump", Time since last: 1000870500 ns, Reaching safepoint: 3900 ns, Cleanup: 7500 ns, At safepoint: 64100 ns, Total: 75500 ns
[623.378s][info][safepoint   ] Safepoint "ThreadDump", Time since last: 1001565400 ns, Reaching safepoint: 6300 ns, Cleanup: 29300 ns, At safepoint: 117600 ns, Total: 153200 ns
[624.380s][info][safepoint   ] Safepoint "ThreadDump", Time since last: 1001499100 ns, Reaching safepoint: 7700 ns, Cleanup: 31100 ns, At safepoint: 128400 ns, Total: 167200 ns
[625.381s][info][safepoint   ] Safepoint "ThreadDump", Time since last: 1000788500 ns, Reaching safepoint: 8800 ns, Cleanup: 35800 ns, At safepoint: 129500 ns, Total: 174100 ns
[626.380s][info][safepoint   ] Safepoint "ThreadDump", Time since last: 999245300 ns, Reaching safepoint: 7300 ns, Cleanup: 25900 ns, At safepoint: 178400 ns, Total: 211600 ns
[626.382s][info][safepoint   ] Safepoint "FindDeadlocks", Time since last: 2018400 ns, Reaching safepoint: 5400 ns, Cleanup: 7200 ns, At safepoint: 9700 ns, Total: 22300 ns
[627.386s][info][safepoint   ] Safepoint "ThreadDump", Time since last: 1003570800 ns, Reaching safepoint: 6600 ns, Cleanup: 19300 ns, At safepoint: 224600 ns, Total: 250500 ns
[628.383s][info][safepoint   ] Safepoint "ThreadDump", Time since last: 996534200 ns, Reaching safepoint: 7100 ns, Cleanup: 18300 ns, At safepoint: 133200 ns, Total: 158600 ns
[629.382s][info][safepoint   ] Safepoint "ThreadDump", Time since last: 999267900 ns, Reaching safepoint: 10700 ns, Cleanup: 19900 ns, At safepoint: 106300 ns, Total: 136900 ns
[630.383s][info][safepoint   ] Safepoint "ThreadDump", Time since last: 1000372700 ns, Reaching safepoint: 23000 ns, Cleanup: 6500 ns, At safepoint: 166100 ns, Total: 195600 ns
[631.382s][info][safepoint   ] Safepoint "ThreadDump", Time since last: 999277500 ns, Reaching safepoint: 6000 ns, Cleanup: 49100 ns, At safepoint: 101500 ns, Total: 156600 ns
[632.386s][info][safepoint   ] Safepoint "ThreadDump", Time since last: 1003331500 ns, Reaching safepoint: 10600 ns, Cleanup: 12400 ns, At safepoint: 94000 ns, Total: 117000 ns
[633.386s][info][safepoint   ] Safepoint "ThreadDump", Time since last: 1000317200 ns, Reaching safepoint: 9900 ns, Cleanup: 26100 ns, At safepoint: 144100 ns, Total: 180100 ns
[634.387s][info][safepoint   ] Safepoint "ThreadDump", Time since last: 1000632400 ns, Reaching safepoint: 8600 ns, Cleanup: 9700 ns, At safepoint: 78000 ns, Total: 96300 ns
[635.386s][info][safepoint   ] Safepoint "ThreadDump", Time since last: 999177100 ns, Reaching safepoint: 7000 ns, Cleanup: 42300 ns, At safepoint: 150700 ns, Total: 200000 ns
[636.389s][info][safepoint   ] Safepoint "ThreadDump", Time since last: 1002979800 ns, Reaching safepoint: 12700 ns, Cleanup: 23900 ns, At safepoint: 125700 ns, Total: 162300 ns
[636.392s][info][safepoint   ] Safepoint "FindDeadlocks", Time since last: 2596600 ns, Reaching safepoint: 6700 ns, Cleanup: 8200 ns, At safepoint: 9500 ns, Total: 24400 ns
[637.391s][info][safepoint   ] Safepoint "ThreadDump", Time since last: 998970800 ns, Reaching safepoint: 12000 ns, Cleanup: 36500 ns, At safepoint: 135500 ns, Total: 184000 ns
[638.391s][info][safepoint   ] Safepoint "ThreadDump", Time since last: 999340800 ns, Reaching safepoint: 7600 ns, Cleanup: 20200 ns, At safepoint: 228100 ns, Total: 255900 ns
[639.391s][info][safepoint   ] Safepoint "ThreadDump", Time since last: 999889400 ns, Reaching safepoint: 8100 ns, Cleanup: 24600 ns, At safepoint: 77400 ns, Total: 110100 ns
[640.390s][info][safepoint   ] Safepoint "ThreadDump", Time since last: 999268500 ns, Reaching safepoint: 9400 ns, Cleanup: 10100 ns, At safepoint: 175800 ns, Total: 195300 ns
[641.393s][info][safepoint   ] Safepoint "ThreadDump", Time since last: 1002502800 ns, Reaching safepoint: 6300 ns, Cleanup: 22500 ns, At safepoint: 72200 ns, Total: 101000 ns
[642.393s][info][safepoint   ] Safepoint "ThreadDump", Time since last: 999709800 ns, Reaching safepoint: 6900 ns, Cleanup: 8200 ns, At safepoint: 68400 ns, Total: 83500 ns
[643.394s][info][safepoint   ] Safepoint "ThreadDump", Time since last: 1001221900 ns, Reaching safepoint: 10500 ns, Cleanup: 23800 ns, At safepoint: 82500 ns, Total: 116800 ns
[644.395s][info][safepoint   ] Safepoint "ThreadDump", Time since last: 1000641500 ns, Reaching safepoint: 6500 ns, Cleanup: 21600 ns, At safepoint: 172500 ns, Total: 200600 ns
[645.396s][info][safepoint   ] Safepoint "ThreadDump", Time since last: 1000988500 ns, Reaching safepoint: 9200 ns, Cleanup: 29500 ns, At safepoint: 77400 ns, Total: 116100 ns
[646.397s][info][safepoint   ] Safepoint "ThreadDump", Time since last: 1000714400 ns, Reaching safepoint: 5700 ns, Cleanup: 11700 ns, At safepoint: 54300 ns, Total: 71700 ns
[646.398s][info][safepoint   ] Safepoint "FindDeadlocks", Time since last: 1546800 ns, Reaching safepoint: 5300 ns, Cleanup: 6100 ns, At safepoint: 8100 ns, Total: 19500 ns
[647.397s][info][safepoint   ] Safepoint "ThreadDump", Time since last: 999035300 ns, Reaching safepoint: 7700 ns, Cleanup: 18300 ns, At safepoint: 79200 ns, Total: 105200 ns
[648.398s][info][safepoint   ] Safepoint "ThreadDump", Time since last: 1000743800 ns, Reaching safepoint: 7900 ns, Cleanup: 22300 ns, At safepoint: 94400 ns, Total: 124600 ns
[649.400s][info][safepoint   ] Safepoint "ThreadDump", Time since last: 1001212400 ns, Reaching safepoint: 7900 ns, Cleanup: 29400 ns, At safepoint: 78800 ns, Total: 116100 ns
[650.400s][info][safepoint   ] Safepoint "ThreadDump", Time since last: 1000021800 ns, Reaching safepoint: 5200 ns, Cleanup: 12400 ns, At safepoint: 63300 ns, Total: 80900 ns
[651.402s][info][safepoint   ] Safepoint "ThreadDump", Time since last: 1001675200 ns, Reaching safepoint: 7900 ns, Cleanup: 10500 ns, At safepoint: 82200 ns, Total: 100600 ns
[652.402s][info][safepoint   ] Safepoint "ThreadDump", Time since last: 1000276900 ns, Reaching safepoint: 8400 ns, Cleanup: 30300 ns, At safepoint: 115700 ns, Total: 154400 ns
[653.402s][info][safepoint   ] Safepoint "ThreadDump", Time since last: 999501700 ns, Reaching safepoint: 6500 ns, Cleanup: 22500 ns, At safepoint: 84600 ns, Total: 113600 ns
[654.402s][info][safepoint   ] Safepoint "ThreadDump", Time since last: 1000203500 ns, Reaching safepoint: 8200 ns, Cleanup: 17700 ns, At safepoint: 117700 ns, Total: 143600 ns
[655.404s][info][safepoint   ] Safepoint "ThreadDump", Time since last: 1001436300 ns, Reaching safepoint: 7900 ns, Cleanup: 11000 ns, At safepoint: 82900 ns, Total: 101800 ns
[656.404s][info][safepoint   ] Safepoint "ThreadDump", Time since last: 1000065900 ns, Reaching safepoint: 7800 ns, Cleanup: 34400 ns, At safepoint: 74900 ns, Total: 117100 ns
[656.406s][info][safepoint   ] Safepoint "FindDeadlocks", Time since last: 2032600 ns, Reaching safepoint: 5600 ns, Cleanup: 7500 ns, At safepoint: 7800 ns, Total: 20900 ns
[657.406s][info][safepoint   ] Safepoint "ThreadDump", Time since last: 999830800 ns, Reaching safepoint: 7300 ns, Cleanup: 21400 ns, At safepoint: 80700 ns, Total: 109400 ns
[658.408s][info][safepoint   ] Safepoint "ThreadDump", Time since last: 1001805600 ns, Reaching safepoint: 4700 ns, Cleanup: 8700 ns, At safepoint: 59600 ns, Total: 73000 ns
[659.406s][info][safepoint   ] Safepoint "ThreadDump", Time since last: 998337400 ns, Reaching safepoint: 7200 ns, Cleanup: 29200 ns, At safepoint: 115900 ns, Total: 152300 ns
[660.408s][info][safepoint   ] Safepoint "ThreadDump", Time since last: 1001813200 ns, Reaching safepoint: 7900 ns, Cleanup: 28700 ns, At safepoint: 78700 ns, Total: 115300 ns
[661.422s][info][safepoint   ] Safepoint "ThreadDump", Time since last: 1013435300 ns, Reaching safepoint: 6200 ns, Cleanup: 92300 ns, At safepoint: 87600 ns, Total: 186100 ns
[662.409s][info][safepoint   ] Safepoint "ThreadDump", Time since last: 987737600 ns, Reaching safepoint: 8100 ns, Cleanup: 12500 ns, At safepoint: 127600 ns, Total: 148200 ns
[663.410s][info][safepoint   ] Safepoint "ThreadDump", Time since last: 1000542600 ns, Reaching safepoint: 7500 ns, Cleanup: 18800 ns, At safepoint: 72200 ns, Total: 98500 ns
[664.411s][info][safepoint   ] Safepoint "ThreadDump", Time since last: 1001225900 ns, Reaching safepoint: 5500 ns, Cleanup: 14600 ns, At safepoint: 69100 ns, Total: 89200 ns
[665.421s][info][safepoint   ] Safepoint "ThreadDump", Time since last: 1007015600 ns, Reaching safepoint: 5600 ns, Cleanup: 8300 ns, At safepoint: 3028200 ns, Total: 3042100 ns
[666.414s][info][safepoint   ] Safepoint "ThreadDump", Time since last: 992711100 ns, Reaching safepoint: 6300 ns, Cleanup: 26300 ns, At safepoint: 204100 ns, Total: 236700 ns
[666.417s][info][safepoint   ] Safepoint "FindDeadlocks", Time since last: 2123400 ns, Reaching safepoint: 4200 ns, Cleanup: 6200 ns, At safepoint: 8000 ns, Total: 18400 ns
[667.414s][info][safepoint   ] Safepoint "ThreadDump", Time since last: 997508600 ns, Reaching safepoint: 9100 ns, Cleanup: 37200 ns, At safepoint: 120600 ns, Total: 166900 ns
[668.415s][info][safepoint   ] Safepoint "ThreadDump", Time since last: 1000195400 ns, Reaching safepoint: 5400 ns, Cleanup: 14700 ns, At safepoint: 153200 ns, Total: 173300 ns
[669.416s][info][safepoint   ] Safepoint "ThreadDump", Time since last: 1001068100 ns, Reaching safepoint: 9600 ns, Cleanup: 18800 ns, At safepoint: 107300 ns, Total: 135700 ns
[670.416s][info][safepoint   ] Safepoint "ThreadDump", Time since last: 999733600 ns, Reaching safepoint: 6100 ns, Cleanup: 11300 ns, At safepoint: 87500 ns, Total: 104900 ns
[671.429s][info][safepoint   ] Safepoint "ThreadDump", Time since last: 1003324800 ns, Reaching safepoint: 6000 ns, Cleanup: 55500 ns, At safepoint: 9628400 ns, Total: 9689900 ns
[672.418s][info][safepoint   ] Safepoint "ThreadDump", Time since last: 988977000 ns, Reaching safepoint: 7600 ns, Cleanup: 15900 ns, At safepoint: 281200 ns, Total: 304700 ns
[673.418s][info][safepoint   ] Safepoint "ThreadDump", Time since last: 999615600 ns, Reaching safepoint: 3400 ns, Cleanup: 5100 ns, At safepoint: 39900 ns, Total: 48400 ns
[674.418s][info][safepoint   ] Safepoint "ThreadDump", Time since last: 1000363300 ns, Reaching safepoint: 4500 ns, Cleanup: 11100 ns, At safepoint: 61300 ns, Total: 76900 ns
[675.419s][info][safepoint   ] Safepoint "ThreadDump", Time since last: 1001000600 ns, Reaching safepoint: 11900 ns, Cleanup: 25400 ns, At safepoint: 178300 ns, Total: 215600 ns
[676.421s][info][safepoint   ] Safepoint "ThreadDump", Time since last: 1001224300 ns, Reaching safepoint: 7500 ns, Cleanup: 29500 ns, At safepoint: 77000 ns, Total: 114000 ns
[676.423s][info][safepoint   ] Safepoint "FindDeadlocks", Time since last: 2230400 ns, Reaching safepoint: 25300 ns, Cleanup: 7600 ns, At safepoint: 8200 ns, Total: 41100 ns
[677.422s][info][safepoint   ] Safepoint "ThreadDump", Time since last: 998794200 ns, Reaching safepoint: 7100 ns, Cleanup: 14700 ns, At safepoint: 74300 ns, Total: 96100 ns
[678.420s][info][safepoint   ] Safepoint "ThreadDump", Time since last: 998325800 ns, Reaching safepoint: 7700 ns, Cleanup: 8400 ns, At safepoint: 85100 ns, Total: 101200 ns
[679.422s][info][safepoint   ] Safepoint "ThreadDump", Time since last: 1001719300 ns, Reaching safepoint: 7700 ns, Cleanup: 16700 ns, At safepoint: 84600 ns, Total: 109000 ns
[680.421s][info][safepoint   ] Safepoint "ThreadDump", Time since last: 998406100 ns, Reaching safepoint: 6100 ns, Cleanup: 21100 ns, At safepoint: 111900 ns, Total: 139100 ns
[681.421s][info][safepoint   ] Safepoint "ThreadDump", Time since last: 999808800 ns, Reaching safepoint: 5900 ns, Cleanup: 13200 ns, At safepoint: 103400 ns, Total: 122500 ns
[682.423s][info][safepoint   ] Safepoint "ThreadDump", Time since last: 1002393000 ns, Reaching safepoint: 6200 ns, Cleanup: 11800 ns, At safepoint: 169100 ns, Total: 187100 ns
[683.424s][info][safepoint   ] Safepoint "ThreadDump", Time since last: 1000523100 ns, Reaching safepoint: 7500 ns, Cleanup: 11200 ns, At safepoint: 121000 ns, Total: 139700 ns
[684.427s][info][safepoint   ] Safepoint "ThreadDump", Time since last: 1002670500 ns, Reaching safepoint: 5900 ns, Cleanup: 15100 ns, At safepoint: 98100 ns, Total: 119100 ns
[685.425s][info][safepoint   ] Safepoint "ThreadDump", Time since last: 998168300 ns, Reaching safepoint: 7800 ns, Cleanup: 11000 ns, At safepoint: 123700 ns, Total: 142500 ns
[686.426s][info][safepoint   ] Safepoint "ThreadDump", Time since last: 1001093600 ns, Reaching safepoint: 5800 ns, Cleanup: 14000 ns, At safepoint: 98400 ns, Total: 118200 ns
[686.428s][info][safepoint   ] Safepoint "FindDeadlocks", Time since last: 1824300 ns, Reaching safepoint: 4300 ns, Cleanup: 5400 ns, At safepoint: 8000 ns, Total: 17700 ns
[687.425s][info][safepoint   ] Safepoint "ThreadDump", Time since last: 997313500 ns, Reaching safepoint: 7500 ns, Cleanup: 9800 ns, At safepoint: 116700 ns, Total: 134000 ns
[688.455s][info][safepoint   ] Safepoint "ThreadDump", Time since last: 1029450400 ns, Reaching safepoint: 3700 ns, Cleanup: 8800 ns, At safepoint: 47400 ns, Total: 59900 ns
[689.427s][info][safepoint   ] Safepoint "ThreadDump", Time since last: 971664200 ns, Reaching safepoint: 9500 ns, Cleanup: 38200 ns, At safepoint: 110800 ns, Total: 158500 ns
[690.429s][info][safepoint   ] Safepoint "ThreadDump", Time since last: 1002216400 ns, Reaching safepoint: 5900 ns, Cleanup: 14100 ns, At safepoint: 64100 ns, Total: 84100 ns
[691.428s][info][safepoint   ] Safepoint "ThreadDump", Time since last: 998772700 ns, Reaching safepoint: 7500 ns, Cleanup: 9800 ns, At safepoint: 105500 ns, Total: 122800 ns
[692.430s][info][safepoint   ] Safepoint "ThreadDump", Time since last: 1002148600 ns, Reaching safepoint: 7200 ns, Cleanup: 25400 ns, At safepoint: 127500 ns, Total: 160100 ns
[693.431s][info][safepoint   ] Safepoint "ThreadDump", Time since last: 1001170500 ns, Reaching safepoint: 5300 ns, Cleanup: 20600 ns, At safepoint: 80500 ns, Total: 106400 ns
[694.433s][info][safepoint   ] Safepoint "ThreadDump", Time since last: 1001014600 ns, Reaching safepoint: 5400 ns, Cleanup: 19700 ns, At safepoint: 111600 ns, Total: 136700 ns
[695.432s][info][safepoint   ] Safepoint "ThreadDump", Time since last: 999043100 ns, Reaching safepoint: 11100 ns, Cleanup: 40200 ns, At safepoint: 65200 ns, Total: 116500 ns
[696.432s][info][safepoint   ] Safepoint "ThreadDump", Time since last: 1000047300 ns, Reaching safepoint: 6500 ns, Cleanup: 17500 ns, At safepoint: 123200 ns, Total: 147200 ns
[696.434s][info][safepoint   ] Safepoint "FindDeadlocks", Time since last: 1921100 ns, Reaching safepoint: 4300 ns, Cleanup: 7400 ns, At safepoint: 6300 ns, Total: 18000 ns
[697.432s][info][safepoint   ] Safepoint "ThreadDump", Time since last: 998077300 ns, Reaching safepoint: 5800 ns, Cleanup: 13200 ns, At safepoint: 96900 ns, Total: 115900 ns
[698.434s][info][safepoint   ] Safepoint "ThreadDump", Time since last: 1001374600 ns, Reaching safepoint: 5400 ns, Cleanup: 28000 ns, At safepoint: 123200 ns, Total: 156600 ns
[699.435s][info][safepoint   ] Safepoint "ThreadDump", Time since last: 1001528800 ns, Reaching safepoint: 6600 ns, Cleanup: 31100 ns, At safepoint: 208900 ns, Total: 246600 ns
[700.435s][info][safepoint   ] Safepoint "ThreadDump", Time since last: 999845700 ns, Reaching safepoint: 7000 ns, Cleanup: 15900 ns, At safepoint: 182100 ns, Total: 205000 ns
[701.436s][info][safepoint   ] Safepoint "ThreadDump", Time since last: 999982100 ns, Reaching safepoint: 4500 ns, Cleanup: 12600 ns, At safepoint: 60700 ns, Total: 77800 ns
[702.437s][info][safepoint   ] Safepoint "ThreadDump", Time since last: 1000847200 ns, Reaching safepoint: 9400 ns, Cleanup: 33800 ns, At safepoint: 127000 ns, Total: 170200 ns
[703.439s][info][safepoint   ] Safepoint "ThreadDump", Time since last: 1002017200 ns, Reaching safepoint: 7800 ns, Cleanup: 27300 ns, At safepoint: 106800 ns, Total: 141900 ns
[704.439s][info][safepoint   ] Safepoint "ThreadDump", Time since last: 1000462100 ns, Reaching safepoint: 6400 ns, Cleanup: 13400 ns, At safepoint: 68100 ns, Total: 87900 ns
[705.440s][info][safepoint   ] Safepoint "ThreadDump", Time since last: 1000435300 ns, Reaching safepoint: 10700 ns, Cleanup: 22800 ns, At safepoint: 122800 ns, Total: 156300 ns
[706.441s][info][safepoint   ] Safepoint "ThreadDump", Time since last: 1001466300 ns, Reaching safepoint: 5900 ns, Cleanup: 22200 ns, At safepoint: 83500 ns, Total: 111600 ns
[706.443s][info][safepoint   ] Safepoint "FindDeadlocks", Time since last: 1341100 ns, Reaching safepoint: 1700 ns, Cleanup: 2200 ns, At safepoint: 2600 ns, Total: 6500 ns
[707.444s][info][safepoint   ] Safepoint "ThreadDump", Time since last: 1001227800 ns, Reaching safepoint: 8300 ns, Cleanup: 24100 ns, At safepoint: 122600 ns, Total: 155000 ns
[708.444s][info][safepoint   ] Safepoint "ThreadDump", Time since last: 999295400 ns, Reaching safepoint: 5600 ns, Cleanup: 11900 ns, At safepoint: 159900 ns, Total: 177400 ns
[709.444s][info][safepoint   ] Safepoint "ThreadDump", Time since last: 1000516400 ns, Reaching safepoint: 5300 ns, Cleanup: 17700 ns, At safepoint: 72800 ns, Total: 95800 ns
[710.445s][info][safepoint   ] Safepoint "ThreadDump", Time since last: 1000645500 ns, Reaching safepoint: 9400 ns, Cleanup: 33200 ns, At safepoint: 114800 ns, Total: 157400 ns
[711.446s][info][safepoint   ] Safepoint "ThreadDump", Time since last: 1000765300 ns, Reaching safepoint: 10200 ns, Cleanup: 22600 ns, At safepoint: 221900 ns, Total: 254700 ns
[712.448s][info][safepoint   ] Safepoint "ThreadDump", Time since last: 1001648800 ns, Reaching safepoint: 5400 ns, Cleanup: 13600 ns, At safepoint: 113300 ns, Total: 132300 ns
[713.448s][info][safepoint   ] Safepoint "ThreadDump", Time since last: 999916700 ns, Reaching safepoint: 4500 ns, Cleanup: 6900 ns, At safepoint: 69000 ns, Total: 80400 ns
[714.450s][info][safepoint   ] Safepoint "ThreadDump", Time since last: 1001872600 ns, Reaching safepoint: 12400 ns, Cleanup: 15100 ns, At safepoint: 166400 ns, Total: 193900 ns
[715.448s][info][safepoint   ] Safepoint "ThreadDump", Time since last: 998462600 ns, Reaching safepoint: 3900 ns, Cleanup: 10800 ns, At safepoint: 49800 ns, Total: 64500 ns
[716.449s][info][safepoint   ] Safepoint "ThreadDump", Time since last: 1000718400 ns, Reaching safepoint: 3200 ns, Cleanup: 6400 ns, At safepoint: 32700 ns, Total: 42300 ns
[716.450s][info][safepoint   ] Safepoint "FindDeadlocks", Time since last: 1131100 ns, Reaching safepoint: 4400 ns, Cleanup: 5600 ns, At safepoint: 6700 ns, Total: 16700 ns
[717.452s][info][safepoint   ] Safepoint "ThreadDump", Time since last: 1001324400 ns, Reaching safepoint: 5300 ns, Cleanup: 9500 ns, At safepoint: 83100 ns, Total: 97900 ns
[718.452s][info][safepoint   ] Safepoint "ThreadDump", Time since last: 1000332300 ns, Reaching safepoint: 5200 ns, Cleanup: 18000 ns, At safepoint: 74800 ns, Total: 98000 ns
[719.453s][info][safepoint   ] Safepoint "ThreadDump", Time since last: 1001051000 ns, Reaching safepoint: 9800 ns, Cleanup: 29900 ns, At safepoint: 205000 ns, Total: 244700 ns
[720.455s][info][safepoint   ] Safepoint "ThreadDump", Time since last: 1001597300 ns, Reaching safepoint: 7000 ns, Cleanup: 18100 ns, At safepoint: 107300 ns, Total: 132400 ns
[721.453s][info][safepoint   ] Safepoint "ThreadDump", Time since last: 998117200 ns, Reaching safepoint: 5100 ns, Cleanup: 7300 ns, At safepoint: 73400 ns, Total: 85800 ns
[722.454s][info][safepoint   ] Safepoint "ThreadDump", Time since last: 1000732100 ns, Reaching safepoint: 7000 ns, Cleanup: 13400 ns, At safepoint: 143500 ns, Total: 163900 ns
[723.456s][info][safepoint   ] Safepoint "ThreadDump", Time since last: 1001649800 ns, Reaching safepoint: 4500 ns, Cleanup: 11600 ns, At safepoint: 162200 ns, Total: 178300 ns
[724.458s][info][safepoint   ] Safepoint "ThreadDump", Time since last: 1001784500 ns, Reaching safepoint: 6600 ns, Cleanup: 22200 ns, At safepoint: 64500 ns, Total: 93300 ns
[725.459s][info][safepoint   ] Safepoint "ThreadDump", Time since last: 1001254600 ns, Reaching safepoint: 5700 ns, Cleanup: 16300 ns, At safepoint: 72100 ns, Total: 94100 ns
[726.460s][info][safepoint   ] Safepoint "ThreadDump", Time since last: 1000641800 ns, Reaching safepoint: 8300 ns, Cleanup: 22300 ns, At safepoint: 73300 ns, Total: 103900 ns
[726.462s][info][safepoint   ] Safepoint "FindDeadlocks", Time since last: 1894200 ns, Reaching safepoint: 12200 ns, Cleanup: 7500 ns, At safepoint: 5900 ns, Total: 25600 ns
[727.458s][info][safepoint   ] Safepoint "ThreadDump", Time since last: 996255200 ns, Reaching safepoint: 3600 ns, Cleanup: 8300 ns, At safepoint: 92200 ns, Total: 104100 ns
[728.460s][info][safepoint   ] Safepoint "ThreadDump", Time since last: 1001040400 ns, Reaching safepoint: 5700 ns, Cleanup: 13300 ns, At safepoint: 806100 ns, Total: 825100 ns
[729.469s][info][safepoint   ] Safepoint "ThreadDump", Time since last: 1008294500 ns, Reaching safepoint: 4200 ns, Cleanup: 10300 ns, At safepoint: 56600 ns, Total: 71100 ns
[730.463s][info][safepoint   ] Safepoint "ThreadDump", Time since last: 994019400 ns, Reaching safepoint: 3400 ns, Cleanup: 16500 ns, At safepoint: 45500 ns, Total: 65400 ns
[731.466s][info][safepoint   ] Safepoint "ThreadDump", Time since last: 1001589600 ns, Reaching safepoint: 7400 ns, Cleanup: 19600 ns, At safepoint: 1652300 ns, Total: 1679300 ns
[732.465s][info][safepoint   ] Safepoint "ThreadDump", Time since last: 999267900 ns, Reaching safepoint: 7000 ns, Cleanup: 18600 ns, At safepoint: 124200 ns, Total: 149800 ns
[733.468s][info][safepoint   ] Safepoint "ThreadDump", Time since last: 1002380600 ns, Reaching safepoint: 6200 ns, Cleanup: 9200 ns, At safepoint: 96400 ns, Total: 111800 ns
[734.469s][info][safepoint   ] Safepoint "ThreadDump", Time since last: 1000723300 ns, Reaching safepoint: 6000 ns, Cleanup: 15600 ns, At safepoint: 98200 ns, Total: 119800 ns
[735.470s][info][safepoint   ] Safepoint "ThreadDump", Time since last: 1001375800 ns, Reaching safepoint: 9600 ns, Cleanup: 11200 ns, At safepoint: 87200 ns, Total: 108000 ns
[736.470s][info][safepoint   ] Safepoint "ThreadDump", Time since last: 999655000 ns, Reaching safepoint: 6800 ns, Cleanup: 20000 ns, At safepoint: 104100 ns, Total: 130900 ns
[736.472s][info][safepoint   ] Safepoint "FindDeadlocks", Time since last: 1904600 ns, Reaching safepoint: 2700 ns, Cleanup: 3600 ns, At safepoint: 4900 ns, Total: 11200 ns
[737.472s][info][safepoint   ] Safepoint "ThreadDump", Time since last: 1000210800 ns, Reaching safepoint: 7900 ns, Cleanup: 10100 ns, At safepoint: 150200 ns, Total: 168200 ns
[738.473s][info][safepoint   ] Safepoint "ThreadDump", Time since last: 1000765900 ns, Reaching safepoint: 6100 ns, Cleanup: 22600 ns, At safepoint: 74300 ns, Total: 103000 ns
[739.472s][info][safepoint   ] Safepoint "ThreadDump", Time since last: 999118300 ns, Reaching safepoint: 5600 ns, Cleanup: 13300 ns, At safepoint: 66600 ns, Total: 85500 ns
[740.475s][info][safepoint   ] Safepoint "ThreadDump", Time since last: 1002051200 ns, Reaching safepoint: 7700 ns, Cleanup: 27300 ns, At safepoint: 121600 ns, Total: 156600 ns
[741.473s][info][safepoint   ] Safepoint "ThreadDump", Time since last: 998142200 ns, Reaching safepoint: 4400 ns, Cleanup: 14800 ns, At safepoint: 613300 ns, Total: 632500 ns
[742.476s][info][safepoint   ] Safepoint "ThreadDump", Time since last: 1002285600 ns, Reaching safepoint: 6300 ns, Cleanup: 23400 ns, At safepoint: 210900 ns, Total: 240600 ns
[743.475s][info][safepoint   ] Safepoint "ThreadDump", Time since last: 999016400 ns, Reaching safepoint: 7500 ns, Cleanup: 17500 ns, At safepoint: 117000 ns, Total: 142000 ns
[744.477s][info][safepoint   ] Safepoint "ThreadDump", Time since last: 1001450700 ns, Reaching safepoint: 7300 ns, Cleanup: 11200 ns, At safepoint: 117800 ns, Total: 136300 ns
[745.478s][info][safepoint   ] Safepoint "ThreadDump", Time since last: 1001393800 ns, Reaching safepoint: 6200 ns, Cleanup: 16000 ns, At safepoint: 105200 ns, Total: 127400 ns
[746.481s][info][safepoint   ] Safepoint "ThreadDump", Time since last: 1002393400 ns, Reaching safepoint: 8100 ns, Cleanup: 11200 ns, At safepoint: 124000 ns, Total: 143300 ns
[746.483s][info][safepoint   ] Safepoint "FindDeadlocks", Time since last: 1984500 ns, Reaching safepoint: 1900 ns, Cleanup: 5700 ns, At safepoint: 3900 ns, Total: 11500 ns
[747.480s][info][safepoint   ] Safepoint "ThreadDump", Time since last: 997142400 ns, Reaching safepoint: 6100 ns, Cleanup: 10300 ns, At safepoint: 111100 ns, Total: 127500 ns
[748.480s][info][safepoint   ] Safepoint "ThreadDump", Time since last: 999667000 ns, Reaching safepoint: 6400 ns, Cleanup: 15600 ns, At safepoint: 104900 ns, Total: 126900 ns
[749.479s][info][safepoint   ] Safepoint "ThreadDump", Time since last: 999533500 ns, Reaching safepoint: 3000 ns, Cleanup: 6100 ns, At safepoint: 40200 ns, Total: 49300 ns
[750.479s][info][safepoint   ] Safepoint "ThreadDump", Time since last: 1000059300 ns, Reaching safepoint: 8600 ns, Cleanup: 16500 ns, At safepoint: 70500 ns, Total: 95600 ns
[751.480s][info][safepoint   ] Safepoint "ThreadDump", Time since last: 1000806300 ns, Reaching safepoint: 3300 ns, Cleanup: 11200 ns, At safepoint: 39300 ns, Total: 53800 ns
[752.482s][info][safepoint   ] Safepoint "ThreadDump", Time since last: 1001637700 ns, Reaching safepoint: 4700 ns, Cleanup: 9900 ns, At safepoint: 55000 ns, Total: 69600 ns
[753.487s][info][safepoint   ] Safepoint "ThreadDump", Time since last: 1004298300 ns, Reaching safepoint: 12800 ns, Cleanup: 89200 ns, At safepoint: 84700 ns, Total: 186700 ns
[754.499s][info][safepoint   ] Safepoint "ThreadDump", Time since last: 1012725100 ns, Reaching safepoint: 8300 ns, Cleanup: 29500 ns, At safepoint: 123000 ns, Total: 160800 ns
[755.512s][info][safepoint   ] Safepoint "ThreadDump", Time since last: 1012341900 ns, Reaching safepoint: 2400 ns, Cleanup: 6300 ns, At safepoint: 165700 ns, Total: 174400 ns
[756.520s][info][safepoint   ] Safepoint "ThreadDump", Time since last: 1008396000 ns, Reaching safepoint: 5600 ns, Cleanup: 15400 ns, At safepoint: 67400 ns, Total: 88400 ns
[756.522s][info][safepoint   ] Safepoint "FindDeadlocks", Time since last: 1753100 ns, Reaching safepoint: 3700 ns, Cleanup: 4500 ns, At safepoint: 6600 ns, Total: 14800 ns
[757.532s][info][safepoint   ] Safepoint "ThreadDump", Time since last: 1009865200 ns, Reaching safepoint: 6500 ns, Cleanup: 14900 ns, At safepoint: 72600 ns, Total: 94000 ns
[758.543s][info][safepoint   ] Safepoint "ThreadDump", Time since last: 1010623400 ns, Reaching safepoint: 9600 ns, Cleanup: 22000 ns, At safepoint: 98900 ns, Total: 130500 ns
[759.545s][info][safepoint   ] Safepoint "ThreadDump", Time since last: 1002296000 ns, Reaching safepoint: 10200 ns, Cleanup: 16800 ns, At safepoint: 108100 ns, Total: 135100 ns
[760.553s][info][safepoint   ] Safepoint "ThreadDump", Time since last: 1007714500 ns, Reaching safepoint: 7900 ns, Cleanup: 19800 ns, At safepoint: 107900 ns, Total: 135600 ns
[761.566s][info][safepoint   ] Safepoint "ThreadDump", Time since last: 1012505600 ns, Reaching safepoint: 6400 ns, Cleanup: 15900 ns, At safepoint: 169400 ns, Total: 191700 ns
[762.572s][info][safepoint   ] Safepoint "ThreadDump", Time since last: 1006097700 ns, Reaching safepoint: 6800 ns, Cleanup: 14500 ns, At safepoint: 89100 ns, Total: 110400 ns
[763.582s][info][safepoint   ] Safepoint "ThreadDump", Time since last: 1009736000 ns, Reaching safepoint: 8200 ns, Cleanup: 20600 ns, At safepoint: 118200 ns, Total: 147000 ns
[764.591s][info][safepoint   ] Safepoint "ThreadDump", Time since last: 1008918700 ns, Reaching safepoint: 9100 ns, Cleanup: 25300 ns, At safepoint: 93800 ns, Total: 128200 ns
[765.592s][info][safepoint   ] Safepoint "ThreadDump", Time since last: 1000883700 ns, Reaching safepoint: 36000 ns, Cleanup: 29500 ns, At safepoint: 191600 ns, Total: 257100 ns
[766.596s][info][safepoint   ] Safepoint "ThreadDump", Time since last: 1003707700 ns, Reaching safepoint: 4800 ns, Cleanup: 11500 ns, At safepoint: 62200 ns, Total: 78500 ns
[766.599s][info][safepoint   ] Safepoint "FindDeadlocks", Time since last: 2541700 ns, Reaching safepoint: 4500 ns, Cleanup: 4500 ns, At safepoint: 5900 ns, Total: 14900 ns
[767.606s][info][safepoint   ] Safepoint "ThreadDump", Time since last: 1007701200 ns, Reaching safepoint: 9400 ns, Cleanup: 11100 ns, At safepoint: 87300 ns, Total: 107800 ns
[768.614s][info][safepoint   ] Safepoint "ThreadDump", Time since last: 1007882600 ns, Reaching safepoint: 6600 ns, Cleanup: 18000 ns, At safepoint: 102600 ns, Total: 127200 ns
[769.622s][info][safepoint   ] Safepoint "ThreadDump", Time since last: 1007831300 ns, Reaching safepoint: 5100 ns, Cleanup: 16800 ns, At safepoint: 59700 ns, Total: 81600 ns
[770.628s][info][safepoint   ] Safepoint "ThreadDump", Time since last: 1005893500 ns, Reaching safepoint: 7500 ns, Cleanup: 17600 ns, At safepoint: 47800 ns, Total: 72900 ns
[771.640s][info][safepoint   ] Safepoint "ThreadDump", Time since last: 1011575400 ns, Reaching safepoint: 8100 ns, Cleanup: 19400 ns, At safepoint: 90300 ns, Total: 117800 ns
[772.644s][info][safepoint   ] Safepoint "ThreadDump", Time since last: 1004512100 ns, Reaching safepoint: 8200 ns, Cleanup: 7800 ns, At safepoint: 32700 ns, Total: 48700 ns
[773.654s][info][safepoint   ] Safepoint "ThreadDump", Time since last: 1009509600 ns, Reaching safepoint: 5000 ns, Cleanup: 14200 ns, At safepoint: 148000 ns, Total: 167200 ns
[774.658s][info][safepoint   ] Safepoint "ThreadDump", Time since last: 1003719500 ns, Reaching safepoint: 5400 ns, Cleanup: 14000 ns, At safepoint: 74900 ns, Total: 94300 ns
[775.667s][info][safepoint   ] Safepoint "ThreadDump", Time since last: 1009152800 ns, Reaching safepoint: 6600 ns, Cleanup: 9200 ns, At safepoint: 79700 ns, Total: 95500 ns
[776.680s][info][safepoint   ] Safepoint "ThreadDump", Time since last: 1012756000 ns, Reaching safepoint: 3800 ns, Cleanup: 9800 ns, At safepoint: 71600 ns, Total: 85200 ns
[776.682s][info][safepoint   ] Safepoint "FindDeadlocks", Time since last: 1461400 ns, Reaching safepoint: 3100 ns, Cleanup: 3500 ns, At safepoint: 3800 ns, Total: 10400 ns
[777.685s][info][safepoint   ] Safepoint "ThreadDump", Time since last: 1003563700 ns, Reaching safepoint: 6800 ns, Cleanup: 15600 ns, At safepoint: 80400 ns, Total: 102800 ns
[778.686s][info][safepoint   ] Safepoint "ThreadDump", Time since last: 1000828400 ns, Reaching safepoint: 6000 ns, Cleanup: 25800 ns, At safepoint: 75900 ns, Total: 107700 ns
[779.692s][info][safepoint   ] Safepoint "ThreadDump", Time since last: 1005801800 ns, Reaching safepoint: 4000 ns, Cleanup: 9300 ns, At safepoint: 44900 ns, Total: 58200 ns
[780.702s][info][safepoint   ] Safepoint "ThreadDump", Time since last: 1009508400 ns, Reaching safepoint: 5500 ns, Cleanup: 6700 ns, At safepoint: 57800 ns, Total: 70000 ns
[781.710s][info][safepoint   ] Safepoint "ThreadDump", Time since last: 1008166800 ns, Reaching safepoint: 3800 ns, Cleanup: 10000 ns, At safepoint: 47700 ns, Total: 61500 ns
[782.715s][info][safepoint   ] Safepoint "ThreadDump", Time since last: 1004783600 ns, Reaching safepoint: 10100 ns, Cleanup: 13100 ns, At safepoint: 95400 ns, Total: 118600 ns
[783.716s][info][safepoint   ] Safepoint "ThreadDump", Time since last: 1000817300 ns, Reaching safepoint: 5500 ns, Cleanup: 17800 ns, At safepoint: 83400 ns, Total: 106700 ns
[784.718s][info][safepoint   ] Safepoint "ThreadDump", Time since last: 1002425000 ns, Reaching safepoint: 6500 ns, Cleanup: 28700 ns, At safepoint: 80000 ns, Total: 115200 ns
[785.720s][info][safepoint   ] Safepoint "ThreadDump", Time since last: 1001584600 ns, Reaching safepoint: 6800 ns, Cleanup: 25100 ns, At safepoint: 75100 ns, Total: 107000 ns
[786.720s][info][safepoint   ] Safepoint "ThreadDump", Time since last: 1000528500 ns, Reaching safepoint: 8200 ns, Cleanup: 22400 ns, At safepoint: 94200 ns, Total: 124800 ns
[786.723s][info][safepoint   ] Safepoint "FindDeadlocks", Time since last: 2087100 ns, Reaching safepoint: 6000 ns, Cleanup: 6300 ns, At safepoint: 7000 ns, Total: 19300 ns
[787.720s][info][safepoint   ] Safepoint "ThreadDump", Time since last: 997421700 ns, Reaching safepoint: 6200 ns, Cleanup: 12900 ns, At safepoint: 120300 ns, Total: 139400 ns
[788.724s][info][safepoint   ] Safepoint "ThreadDump", Time since last: 1003676300 ns, Reaching safepoint: 5900 ns, Cleanup: 13200 ns, At safepoint: 89300 ns, Total: 108400 ns
[789.724s][info][safepoint   ] Safepoint "ThreadDump", Time since last: 999803800 ns, Reaching safepoint: 5200 ns, Cleanup: 7300 ns, At safepoint: 66600 ns, Total: 79100 ns
[790.727s][info][safepoint   ] Safepoint "ThreadDump", Time since last: 1002713100 ns, Reaching safepoint: 4700 ns, Cleanup: 15900 ns, At safepoint: 83000 ns, Total: 103600 ns
[791.726s][info][safepoint   ] Safepoint "ThreadDump", Time since last: 999722300 ns, Reaching safepoint: 4900 ns, Cleanup: 18100 ns, At safepoint: 90500 ns, Total: 113500 ns
[792.726s][info][safepoint   ] Safepoint "ThreadDump", Time since last: 999520800 ns, Reaching safepoint: 10200 ns, Cleanup: 36600 ns, At safepoint: 92500 ns, Total: 139300 ns
[793.735s][info][safepoint   ] Safepoint "ThreadDump", Time since last: 1009159300 ns, Reaching safepoint: 8500 ns, Cleanup: 26500 ns, At safepoint: 97900 ns, Total: 132900 ns
[794.751s][info][safepoint   ] Safepoint "ThreadDump", Time since last: 1015035600 ns, Reaching safepoint: 7400 ns, Cleanup: 18500 ns, At safepoint: 114900 ns, Total: 140800 ns
[795.763s][info][safepoint   ] Safepoint "ThreadDump", Time since last: 1012596000 ns, Reaching safepoint: 7100 ns, Cleanup: 7700 ns, At safepoint: 75700 ns, Total: 90500 ns
[796.767s][info][safepoint   ] Safepoint "ThreadDump", Time since last: 1003202000 ns, Reaching safepoint: 7800 ns, Cleanup: 18400 ns, At safepoint: 117900 ns, Total: 144100 ns
[796.770s][info][safepoint   ] Safepoint "FindDeadlocks", Time since last: 3819600 ns, Reaching safepoint: 5700 ns, Cleanup: 7400 ns, At safepoint: 10100 ns, Total: 23200 ns
[797.779s][info][safepoint   ] Safepoint "ThreadDump", Time since last: 1008082300 ns, Reaching safepoint: 4600 ns, Cleanup: 5500 ns, At safepoint: 71400 ns, Total: 81500 ns
[798.793s][info][safepoint   ] Safepoint "ThreadDump", Time since last: 1013579500 ns, Reaching safepoint: 7700 ns, Cleanup: 18200 ns, At safepoint: 360200 ns, Total: 386100 ns
[799.797s][info][safepoint   ] Safepoint "ThreadDump", Time since last: 1004071700 ns, Reaching safepoint: 7900 ns, Cleanup: 16500 ns, At safepoint: 117100 ns, Total: 141500 ns
[800.807s][info][safepoint   ] Safepoint "ThreadDump", Time since last: 1009856900 ns, Reaching safepoint: 7400 ns, Cleanup: 10800 ns, At safepoint: 116200 ns, Total: 134400 ns
[801.819s][info][safepoint   ] Safepoint "ThreadDump", Time since last: 1012435500 ns, Reaching safepoint: 8000 ns, Cleanup: 27800 ns, At safepoint: 113700 ns, Total: 149500 ns
[802.823s][info][safepoint   ] Safepoint "ThreadDump", Time since last: 1002946500 ns, Reaching safepoint: 8800 ns, Cleanup: 19300 ns, At safepoint: 118100 ns, Total: 146200 ns
[803.836s][info][safepoint   ] Safepoint "ThreadDump", Time since last: 1013102100 ns, Reaching safepoint: 7400 ns, Cleanup: 19100 ns, At safepoint: 123600 ns, Total: 150100 ns
[804.848s][info][safepoint   ] Safepoint "ThreadDump", Time since last: 1011713700 ns, Reaching safepoint: 7400 ns, Cleanup: 11200 ns, At safepoint: 114700 ns, Total: 133300 ns
[805.863s][info][safepoint   ] Safepoint "ThreadDump", Time since last: 1015050000 ns, Reaching safepoint: 8500 ns, Cleanup: 21000 ns, At safepoint: 108300 ns, Total: 137800 ns
[806.873s][info][safepoint   ] Safepoint "ThreadDump", Time since last: 1009746500 ns, Reaching safepoint: 7800 ns, Cleanup: 11900 ns, At safepoint: 117600 ns, Total: 137300 ns
[806.876s][info][safepoint   ] Safepoint "FindDeadlocks", Time since last: 3550700 ns, Reaching safepoint: 6600 ns, Cleanup: 21700 ns, At safepoint: 11500 ns, Total: 39800 ns
[807.882s][info][safepoint   ] Safepoint "ThreadDump", Time since last: 1006005400 ns, Reaching safepoint: 7900 ns, Cleanup: 11600 ns, At safepoint: 121400 ns, Total: 140900 ns
[808.898s][info][safepoint   ] Safepoint "ThreadDump", Time since last: 1015091700 ns, Reaching safepoint: 10200 ns, Cleanup: 15100 ns, At safepoint: 113200 ns, Total: 138500 ns
[809.899s][info][safepoint   ] Safepoint "ThreadDump", Time since last: 1001134800 ns, Reaching safepoint: 14400 ns, Cleanup: 17600 ns, At safepoint: 171900 ns, Total: 203900 ns
[810.912s][info][safepoint   ] Safepoint "ThreadDump", Time since last: 1012578200 ns, Reaching safepoint: 6500 ns, Cleanup: 24700 ns, At safepoint: 126600 ns, Total: 157800 ns
[811.916s][info][safepoint   ] Safepoint "ThreadDump", Time since last: 1004337800 ns, Reaching safepoint: 4200 ns, Cleanup: 8700 ns, At safepoint: 55800 ns, Total: 68700 ns
[812.918s][info][safepoint   ] Safepoint "ThreadDump", Time since last: 1002272400 ns, Reaching safepoint: 3000 ns, Cleanup: 7700 ns, At safepoint: 70000 ns, Total: 80700 ns
[813.917s][info][safepoint   ] Safepoint "ThreadDump", Time since last: 998175900 ns, Reaching safepoint: 10300 ns, Cleanup: 14700 ns, At safepoint: 83100 ns, Total: 108100 ns
[814.919s][info][safepoint   ] Safepoint "ThreadDump", Time since last: 1001774200 ns, Reaching safepoint: 7000 ns, Cleanup: 18100 ns, At safepoint: 69200 ns, Total: 94300 ns
[815.918s][info][safepoint   ] Safepoint "ThreadDump", Time since last: 999229700 ns, Reaching safepoint: 3300 ns, Cleanup: 7700 ns, At safepoint: 112700 ns, Total: 123700 ns
[816.918s][info][safepoint   ] Safepoint "ThreadDump", Time since last: 1000241900 ns, Reaching safepoint: 5400 ns, Cleanup: 10900 ns, At safepoint: 95700 ns, Total: 112000 ns
[816.920s][info][safepoint   ] Safepoint "FindDeadlocks", Time since last: 1788300 ns, Reaching safepoint: 3900 ns, Cleanup: 5200 ns, At safepoint: 12600 ns, Total: 21700 ns
[817.920s][info][safepoint   ] Safepoint "ThreadDump", Time since last: 999472800 ns, Reaching safepoint: 9100 ns, Cleanup: 24600 ns, At safepoint: 116300 ns, Total: 150000 ns
[818.920s][info][safepoint   ] Safepoint "ThreadDump", Time since last: 1000124200 ns, Reaching safepoint: 3700 ns, Cleanup: 11400 ns, At safepoint: 63500 ns, Total: 78600 ns
[819.921s][info][safepoint   ] Safepoint "ThreadDump", Time since last: 1001372700 ns, Reaching safepoint: 5100 ns, Cleanup: 10600 ns, At safepoint: 63900 ns, Total: 79600 ns
[820.923s][info][safepoint   ] Safepoint "ThreadDump", Time since last: 1001033700 ns, Reaching safepoint: 5200 ns, Cleanup: 20400 ns, At safepoint: 88200 ns, Total: 113800 ns
[821.923s][info][safepoint   ] Safepoint "ThreadDump", Time since last: 1000204400 ns, Reaching safepoint: 5200 ns, Cleanup: 13200 ns, At safepoint: 357200 ns, Total: 375600 ns
[822.923s][info][safepoint   ] Safepoint "ThreadDump", Time since last: 999434800 ns, Reaching safepoint: 3600 ns, Cleanup: 7800 ns, At safepoint: 50200 ns, Total: 61600 ns
[823.924s][info][safepoint   ] Safepoint "ThreadDump", Time since last: 1001075100 ns, Reaching safepoint: 8200 ns, Cleanup: 34900 ns, At safepoint: 137400 ns, Total: 180500 ns
[824.925s][info][safepoint   ] Safepoint "ThreadDump", Time since last: 1000912900 ns, Reaching safepoint: 4200 ns, Cleanup: 10800 ns, At safepoint: 68200 ns, Total: 83200 ns
[825.925s][info][safepoint   ] Safepoint "ThreadDump", Time since last: 999912400 ns, Reaching safepoint: 3800 ns, Cleanup: 4900 ns, At safepoint: 38400 ns, Total: 47100 ns
[826.926s][info][safepoint   ] Safepoint "ThreadDump", Time since last: 1000836200 ns, Reaching safepoint: 5600 ns, Cleanup: 12700 ns, At safepoint: 90900 ns, Total: 109200 ns
[826.928s][info][safepoint   ] Safepoint "FindDeadlocks", Time since last: 2551900 ns, Reaching safepoint: 4200 ns, Cleanup: 5800 ns, At safepoint: 5700 ns, Total: 15700 ns
[827.925s][info][safepoint   ] Safepoint "ThreadDump", Time since last: 996615400 ns, Reaching safepoint: 3900 ns, Cleanup: 13300 ns, At safepoint: 76900 ns, Total: 94100 ns
[828.926s][info][safepoint   ] Safepoint "ThreadDump", Time since last: 1001033000 ns, Reaching safepoint: 2900 ns, Cleanup: 8700 ns, At safepoint: 32000 ns, Total: 43600 ns
[829.928s][info][safepoint   ] Safepoint "ThreadDump", Time since last: 1001533300 ns, Reaching safepoint: 5600 ns, Cleanup: 13200 ns, At safepoint: 69000 ns, Total: 87800 ns
[830.930s][info][safepoint   ] Safepoint "ThreadDump", Time since last: 1002553000 ns, Reaching safepoint: 5500 ns, Cleanup: 11100 ns, At safepoint: 87200 ns, Total: 103800 ns
[831.931s][info][safepoint   ] Safepoint "ThreadDump", Time since last: 1000150800 ns, Reaching safepoint: 5400 ns, Cleanup: 20400 ns, At safepoint: 121200 ns, Total: 147000 ns
[832.947s][info][safepoint   ] Safepoint "ThreadDump", Time since last: 1016380400 ns, Reaching safepoint: 3900 ns, Cleanup: 9400 ns, At safepoint: 65900 ns, Total: 79200 ns
[833.932s][info][safepoint   ] Safepoint "ThreadDump", Time since last: 985174600 ns, Reaching safepoint: 5000 ns, Cleanup: 19500 ns, At safepoint: 83100 ns, Total: 107600 ns
[834.933s][info][safepoint   ] Safepoint "ThreadDump", Time since last: 1000260200 ns, Reaching safepoint: 11400 ns, Cleanup: 15700 ns, At safepoint: 79000 ns, Total: 106100 ns
[835.935s][info][safepoint   ] Safepoint "ThreadDump", Time since last: 1002493200 ns, Reaching safepoint: 5000 ns, Cleanup: 18300 ns, At safepoint: 103500 ns, Total: 126800 ns
[836.936s][info][safepoint   ] Safepoint "ThreadDump", Time since last: 999926200 ns, Reaching safepoint: 7100 ns, Cleanup: 19100 ns, At safepoint: 115100 ns, Total: 141300 ns
[836.938s][info][safepoint   ] Safepoint "FindDeadlocks", Time since last: 2547000 ns, Reaching safepoint: 9100 ns, Cleanup: 10600 ns, At safepoint: 12700 ns, Total: 32400 ns
[837.936s][info][safepoint   ] Safepoint "ThreadDump", Time since last: 998130800 ns, Reaching safepoint: 9100 ns, Cleanup: 10200 ns, At safepoint: 88100 ns, Total: 107400 ns
[838.934s][info][safepoint   ] Safepoint "ThreadDump", Time since last: 998014900 ns, Reaching safepoint: 2900 ns, Cleanup: 5400 ns, At safepoint: 29300 ns, Total: 37600 ns
[839.937s][info][safepoint   ] Safepoint "ThreadDump", Time since last: 1002625000 ns, Reaching safepoint: 7200 ns, Cleanup: 9800 ns, At safepoint: 81900 ns, Total: 98900 ns
[840.938s][info][safepoint   ] Safepoint "ThreadDump", Time since last: 1001113000 ns, Reaching safepoint: 6700 ns, Cleanup: 17400 ns, At safepoint: 82300 ns, Total: 106400 ns
[841.938s][info][safepoint   ] Safepoint "ThreadDump", Time since last: 999882100 ns, Reaching safepoint: 4400 ns, Cleanup: 10000 ns, At safepoint: 54000 ns, Total: 68400 ns
[842.942s][info][safepoint   ] Safepoint "ThreadDump", Time since last: 1003962000 ns, Reaching safepoint: 5600 ns, Cleanup: 10500 ns, At safepoint: 70600 ns, Total: 86700 ns
[843.943s][info][safepoint   ] Safepoint "ThreadDump", Time since last: 1000203200 ns, Reaching safepoint: 4900 ns, Cleanup: 13800 ns, At safepoint: 70800 ns, Total: 89500 ns
[844.944s][info][safepoint   ] Safepoint "ThreadDump", Time since last: 1001177400 ns, Reaching safepoint: 7500 ns, Cleanup: 34300 ns, At safepoint: 101500 ns, Total: 143300 ns
[845.945s][info][safepoint   ] Safepoint "ThreadDump", Time since last: 1000595200 ns, Reaching safepoint: 7500 ns, Cleanup: 28800 ns, At safepoint: 85700 ns, Total: 122000 ns
[846.946s][info][safepoint   ] Safepoint "ThreadDump", Time since last: 1001245600 ns, Reaching safepoint: 6900 ns, Cleanup: 31200 ns, At safepoint: 90500 ns, Total: 128600 ns
[846.948s][info][safepoint   ] Safepoint "FindDeadlocks", Time since last: 1788500 ns, Reaching safepoint: 4800 ns, Cleanup: 6100 ns, At safepoint: 7500 ns, Total: 18400 ns
[847.947s][info][safepoint   ] Safepoint "ThreadDump", Time since last: 999345800 ns, Reaching safepoint: 7900 ns, Cleanup: 125800 ns, At safepoint: 93800 ns, Total: 227500 ns
[848.947s][info][safepoint   ] Safepoint "ThreadDump", Time since last: 999434300 ns, Reaching safepoint: 6700 ns, Cleanup: 16900 ns, At safepoint: 86800 ns, Total: 110400 ns
[849.950s][info][safepoint   ] Safepoint "ThreadDump", Time since last: 1002749000 ns, Reaching safepoint: 8000 ns, Cleanup: 10900 ns, At safepoint: 81900 ns, Total: 100800 ns
[850.950s][info][safepoint   ] Safepoint "ThreadDump", Time since last: 1000342400 ns, Reaching safepoint: 6100 ns, Cleanup: 27600 ns, At safepoint: 71000 ns, Total: 104700 ns
[851.949s][info][safepoint   ] Safepoint "ThreadDump", Time since last: 999118600 ns, Reaching safepoint: 4600 ns, Cleanup: 8600 ns, At safepoint: 63200 ns, Total: 76400 ns
[852.952s][info][safepoint   ] Safepoint "ThreadDump", Time since last: 1002107100 ns, Reaching safepoint: 7800 ns, Cleanup: 31700 ns, At safepoint: 109700 ns, Total: 149200 ns
[853.952s][info][safepoint   ] Safepoint "ThreadDump", Time since last: 1000116900 ns, Reaching safepoint: 12600 ns, Cleanup: 36800 ns, At safepoint: 173300 ns, Total: 222700 ns
[854.968s][info][safepoint   ] Safepoint "ThreadDump", Time since last: 1000464000 ns, Reaching safepoint: 4700 ns, Cleanup: 10100 ns, At safepoint: 15872900 ns, Total: 15887700 ns
[855.955s][info][safepoint   ] Safepoint "ThreadDump", Time since last: 984634700 ns, Reaching safepoint: 7700 ns, Cleanup: 44800 ns, At safepoint: 1725300 ns, Total: 1777800 ns
[856.953s][info][safepoint   ] Safepoint "ThreadDump", Time since last: 997714000 ns, Reaching safepoint: 8800 ns, Cleanup: 22300 ns, At safepoint: 116300 ns, Total: 147400 ns
[856.955s][info][safepoint   ] Safepoint "FindDeadlocks", Time since last: 2328900 ns, Reaching safepoint: 5100 ns, Cleanup: 6800 ns, At safepoint: 8100 ns, Total: 20000 ns
[857.954s][info][safepoint   ] Safepoint "ThreadDump", Time since last: 999079200 ns, Reaching safepoint: 9100 ns, Cleanup: 13600 ns, At safepoint: 124200 ns, Total: 146900 ns
[858.956s][info][safepoint   ] Safepoint "ThreadDump", Time since last: 1001742700 ns, Reaching safepoint: 6800 ns, Cleanup: 54300 ns, At safepoint: 104800 ns, Total: 165900 ns
[859.960s][info][safepoint   ] Safepoint "ThreadDump", Time since last: 1003546900 ns, Reaching safepoint: 8100 ns, Cleanup: 16600 ns, At safepoint: 152300 ns, Total: 177000 ns
[860.956s][info][safepoint   ] Safepoint "ThreadDump", Time since last: 996154100 ns, Reaching safepoint: 7800 ns, Cleanup: 22100 ns, At safepoint: 99800 ns, Total: 129700 ns
[861.957s][info][safepoint   ] Safepoint "ThreadDump", Time since last: 1001016600 ns, Reaching safepoint: 6000 ns, Cleanup: 14800 ns, At safepoint: 67500 ns, Total: 88300 ns
[862.960s][info][safepoint   ] Safepoint "ThreadDump", Time since last: 1002129900 ns, Reaching safepoint: 7100 ns, Cleanup: 9300 ns, At safepoint: 128900 ns, Total: 145300 ns
[863.959s][info][safepoint   ] Safepoint "ThreadDump", Time since last: 999632200 ns, Reaching safepoint: 7200 ns, Cleanup: 17200 ns, At safepoint: 123900 ns, Total: 148300 ns
[864.960s][info][safepoint   ] Safepoint "ThreadDump", Time since last: 1000726900 ns, Reaching safepoint: 7000 ns, Cleanup: 11600 ns, At safepoint: 117600 ns, Total: 136200 ns
[865.961s][info][safepoint   ] Safepoint "ThreadDump", Time since last: 1000994000 ns, Reaching safepoint: 6300 ns, Cleanup: 15600 ns, At safepoint: 103000 ns, Total: 124900 ns
[866.963s][info][safepoint   ] Safepoint "ThreadDump", Time since last: 1001209000 ns, Reaching safepoint: 8100 ns, Cleanup: 11000 ns, At safepoint: 115900 ns, Total: 135000 ns
[866.966s][info][safepoint   ] Safepoint "FindDeadlocks", Time since last: 3223500 ns, Reaching safepoint: 5000 ns, Cleanup: 14100 ns, At safepoint: 9700 ns, Total: 28800 ns
[867.964s][info][safepoint   ] Safepoint "ThreadDump", Time since last: 998410100 ns, Reaching safepoint: 12000 ns, Cleanup: 22100 ns, At safepoint: 140000 ns, Total: 174100 ns
[868.965s][info][safepoint   ] Safepoint "ThreadDump", Time since last: 999962800 ns, Reaching safepoint: 7100 ns, Cleanup: 31000 ns, At safepoint: 105500 ns, Total: 143600 ns
[869.965s][info][safepoint   ] Safepoint "ThreadDump", Time since last: 999804500 ns, Reaching safepoint: 8000 ns, Cleanup: 28400 ns, At safepoint: 104300 ns, Total: 140700 ns
[870.965s][info][safepoint   ] Safepoint "ThreadDump", Time since last: 1000280700 ns, Reaching safepoint: 8800 ns, Cleanup: 22000 ns, At safepoint: 132000 ns, Total: 162800 ns
[871.966s][info][safepoint   ] Safepoint "ThreadDump", Time since last: 1001214200 ns, Reaching safepoint: 7700 ns, Cleanup: 33700 ns, At safepoint: 101100 ns, Total: 142500 ns
[872.967s][info][safepoint   ] Safepoint "ThreadDump", Time since last: 1000337700 ns, Reaching safepoint: 6200 ns, Cleanup: 18400 ns, At safepoint: 153800 ns, Total: 178400 ns
[873.969s][info][safepoint   ] Safepoint "ThreadDump", Time since last: 1001560300 ns, Reaching safepoint: 10600 ns, Cleanup: 22100 ns, At safepoint: 267900 ns, Total: 300600 ns
[874.970s][info][safepoint   ] Safepoint "ThreadDump", Time since last: 1000741300 ns, Reaching safepoint: 7600 ns, Cleanup: 28300 ns, At safepoint: 78400 ns, Total: 114300 ns
[875.969s][info][safepoint   ] Safepoint "ThreadDump", Time since last: 999668000 ns, Reaching safepoint: 8300 ns, Cleanup: 19400 ns, At safepoint: 185400 ns, Total: 213100 ns
[876.970s][info][safepoint   ] Safepoint "ThreadDump", Time since last: 1000729000 ns, Reaching safepoint: 18600 ns, Cleanup: 31700 ns, At safepoint: 82500 ns, Total: 132800 ns
[876.973s][info][safepoint   ] Safepoint "FindDeadlocks", Time since last: 2332500 ns, Reaching safepoint: 5200 ns, Cleanup: 7500 ns, At safepoint: 9800 ns, Total: 22500 ns
[877.971s][info][safepoint   ] Safepoint "ThreadDump", Time since last: 997863600 ns, Reaching safepoint: 40500 ns, Cleanup: 19900 ns, At safepoint: 117100 ns, Total: 177500 ns
[878.973s][info][safepoint   ] Safepoint "ThreadDump", Time since last: 1001719700 ns, Reaching safepoint: 7500 ns, Cleanup: 8500 ns, At safepoint: 73000 ns, Total: 89000 ns
[879.976s][info][safepoint   ] Safepoint "ThreadDump", Time since last: 1003767500 ns, Reaching safepoint: 2900 ns, Cleanup: 6800 ns, At safepoint: 28600 ns, Total: 38300 ns
[880.974s][info][safepoint   ] Safepoint "ThreadDump", Time since last: 997346000 ns, Reaching safepoint: 5500 ns, Cleanup: 15100 ns, At safepoint: 84000 ns, Total: 104600 ns
[881.975s][info][safepoint   ] Safepoint "ThreadDump", Time since last: 1001097700 ns, Reaching safepoint: 5400 ns, Cleanup: 19100 ns, At safepoint: 89900 ns, Total: 114400 ns
[882.976s][info][safepoint   ] Safepoint "ThreadDump", Time since last: 1001114300 ns, Reaching safepoint: 7200 ns, Cleanup: 30500 ns, At safepoint: 208100 ns, Total: 245800 ns
[883.977s][info][safepoint   ] Safepoint "ThreadDump", Time since last: 1000198200 ns, Reaching safepoint: 7500 ns, Cleanup: 126700 ns, At safepoint: 99600 ns, Total: 233800 ns
[884.979s][info][safepoint   ] Safepoint "ThreadDump", Time since last: 1001758900 ns, Reaching safepoint: 8200 ns, Cleanup: 21400 ns, At safepoint: 101500 ns, Total: 131100 ns
[885.979s][info][safepoint   ] Safepoint "ThreadDump", Time since last: 999651700 ns, Reaching safepoint: 11400 ns, Cleanup: 15600 ns, At safepoint: 163300 ns, Total: 190300 ns
[886.979s][info][safepoint   ] Safepoint "ThreadDump", Time since last: 999914700 ns, Reaching safepoint: 30800 ns, Cleanup: 27200 ns, At safepoint: 132500 ns, Total: 190500 ns
[886.981s][info][safepoint   ] Safepoint "FindDeadlocks", Time since last: 2304100 ns, Reaching safepoint: 4900 ns, Cleanup: 5900 ns, At safepoint: 8200 ns, Total: 19000 ns
[887.981s][info][safepoint   ] Safepoint "ThreadDump", Time since last: 999972900 ns, Reaching safepoint: 10500 ns, Cleanup: 20400 ns, At safepoint: 109200 ns, Total: 140100 ns
[888.983s][info][safepoint   ] Safepoint "ThreadDump", Time since last: 1001535400 ns, Reaching safepoint: 5900 ns, Cleanup: 13900 ns, At safepoint: 192200 ns, Total: 212000 ns
[889.984s][info][safepoint   ] Safepoint "ThreadDump", Time since last: 1001182700 ns, Reaching safepoint: 5400 ns, Cleanup: 15600 ns, At safepoint: 77200 ns, Total: 98200 ns
[890.983s][info][safepoint   ] Safepoint "ThreadDump", Time since last: 998461100 ns, Reaching safepoint: 10900 ns, Cleanup: 31100 ns, At safepoint: 143300 ns, Total: 185300 ns
[891.984s][info][safepoint   ] Safepoint "ThreadDump", Time since last: 1001585200 ns, Reaching safepoint: 5500 ns, Cleanup: 12500 ns, At safepoint: 108100 ns, Total: 126100 ns
[892.985s][info][safepoint   ] Safepoint "ThreadDump", Time since last: 1000112500 ns, Reaching safepoint: 8100 ns, Cleanup: 29300 ns, At safepoint: 122500 ns, Total: 159900 ns
[893.985s][info][safepoint   ] Safepoint "ThreadDump", Time since last: 1000069100 ns, Reaching safepoint: 8500 ns, Cleanup: 29800 ns, At safepoint: 108600 ns, Total: 146900 ns
[894.985s][info][safepoint   ] Safepoint "ThreadDump", Time since last: 1000347900 ns, Reaching safepoint: 6400 ns, Cleanup: 24600 ns, At safepoint: 80100 ns, Total: 111100 ns
[895.987s][info][safepoint   ] Safepoint "ThreadDump", Time since last: 1001562700 ns, Reaching safepoint: 10000 ns, Cleanup: 19300 ns, At safepoint: 213700 ns, Total: 243000 ns
[896.986s][info][safepoint   ] Safepoint "ThreadDump", Time since last: 998956200 ns, Reaching safepoint: 6200 ns, Cleanup: 17300 ns, At safepoint: 77700 ns, Total: 101200 ns
[896.988s][info][safepoint   ] Safepoint "FindDeadlocks", Time since last: 2097200 ns, Reaching safepoint: 5200 ns, Cleanup: 6600 ns, At safepoint: 7600 ns, Total: 19400 ns
[897.987s][info][safepoint   ] Safepoint "ThreadDump", Time since last: 998604700 ns, Reaching safepoint: 4400 ns, Cleanup: 15200 ns, At safepoint: 71800 ns, Total: 91400 ns
[898.988s][info][safepoint   ] Safepoint "ThreadDump", Time since last: 1000948200 ns, Reaching safepoint: 4300 ns, Cleanup: 10900 ns, At safepoint: 66400 ns, Total: 81600 ns
[899.988s][info][safepoint   ] Safepoint "ThreadDump", Time since last: 999554900 ns, Reaching safepoint: 2300 ns, Cleanup: 3700 ns, At safepoint: 290600 ns, Total: 296600 ns
[900.989s][info][safepoint   ] Safepoint "ThreadDump", Time since last: 1001264200 ns, Reaching safepoint: 7100 ns, Cleanup: 22500 ns, At safepoint: 110600 ns, Total: 140200 ns
[901.989s][info][safepoint   ] Safepoint "ThreadDump", Time since last: 999924400 ns, Reaching safepoint: 5400 ns, Cleanup: 52400 ns, At safepoint: 147800 ns, Total: 205600 ns
[902.991s][info][safepoint   ] Safepoint "ThreadDump", Time since last: 1001370100 ns, Reaching safepoint: 5500 ns, Cleanup: 15200 ns, At safepoint: 67500 ns, Total: 88200 ns
[903.990s][info][safepoint   ] Safepoint "ThreadDump", Time since last: 998989900 ns, Reaching safepoint: 50500 ns, Cleanup: 6300 ns, At safepoint: 480200 ns, Total: 537000 ns
[904.991s][info][safepoint   ] Safepoint "ThreadDump", Time since last: 1000659200 ns, Reaching safepoint: 5100 ns, Cleanup: 18400 ns, At safepoint: 69100 ns, Total: 92600 ns
[905.992s][info][safepoint   ] Safepoint "ThreadDump", Time since last: 1000909400 ns, Reaching safepoint: 5200 ns, Cleanup: 10700 ns, At safepoint: 51500 ns, Total: 67400 ns
[906.994s][info][safepoint   ] Safepoint "ThreadDump", Time since last: 1001701300 ns, Reaching safepoint: 6800 ns, Cleanup: 17000 ns, At safepoint: 166200 ns, Total: 190000 ns
[906.997s][info][safepoint   ] Safepoint "FindDeadlocks", Time since last: 2922300 ns, Reaching safepoint: 4500 ns, Cleanup: 5100 ns, At safepoint: 6200 ns, Total: 15800 ns
[907.994s][info][safepoint   ] Safepoint "ThreadDump", Time since last: 996866600 ns, Reaching safepoint: 20000 ns, Cleanup: 15200 ns, At safepoint: 65300 ns, Total: 100500 ns
[908.994s][info][safepoint   ] Safepoint "ThreadDump", Time since last: 1000018100 ns, Reaching safepoint: 6700 ns, Cleanup: 14200 ns, At safepoint: 69100 ns, Total: 90000 ns
[909.995s][info][safepoint   ] Safepoint "ThreadDump", Time since last: 1000413200 ns, Reaching safepoint: 13800 ns, Cleanup: 20600 ns, At safepoint: 172500 ns, Total: 206900 ns
[910.995s][info][safepoint   ] Safepoint "ThreadDump", Time since last: 1000589000 ns, Reaching safepoint: 3900 ns, Cleanup: 12000 ns, At safepoint: 76000 ns, Total: 91900 ns
[911.997s][info][safepoint   ] Safepoint "ThreadDump", Time since last: 1001162300 ns, Reaching safepoint: 5800 ns, Cleanup: 18000 ns, At safepoint: 67800 ns, Total: 91600 ns
[912.998s][info][safepoint   ] Safepoint "ThreadDump", Time since last: 1001090100 ns, Reaching safepoint: 6200 ns, Cleanup: 17200 ns, At safepoint: 56800 ns, Total: 80200 ns
[913.998s][info][safepoint   ] Safepoint "ThreadDump", Time since last: 1000287600 ns, Reaching safepoint: 8800 ns, Cleanup: 30900 ns, At safepoint: 119100 ns, Total: 158800 ns
[914.999s][info][safepoint   ] Safepoint "ThreadDump", Time since last: 1000616500 ns, Reaching safepoint: 7900 ns, Cleanup: 20800 ns, At safepoint: 117600 ns, Total: 146300 ns
[915.997s][info][safepoint   ] Safepoint "ThreadDump", Time since last: 998325400 ns, Reaching safepoint: 3500 ns, Cleanup: 4000 ns, At safepoint: 35500 ns, Total: 43000 ns
[916.999s][info][safepoint   ] Safepoint "ThreadDump", Time since last: 1001710600 ns, Reaching safepoint: 3800 ns, Cleanup: 9600 ns, At safepoint: 156300 ns, Total: 169700 ns
[917.001s][info][safepoint   ] Safepoint "FindDeadlocks", Time since last: 1600100 ns, Reaching safepoint: 2200 ns, Cleanup: 3600 ns, At safepoint: 3700 ns, Total: 9500 ns
[918.001s][info][safepoint   ] Safepoint "ThreadDump", Time since last: 999515000 ns, Reaching safepoint: 6900 ns, Cleanup: 21000 ns, At safepoint: 78600 ns, Total: 106500 ns
[919.001s][info][safepoint   ] Safepoint "ThreadDump", Time since last: 1000860500 ns, Reaching safepoint: 5700 ns, Cleanup: 7100 ns, At safepoint: 54600 ns, Total: 67400 ns
[920.002s][info][safepoint   ] Safepoint "ThreadDump", Time since last: 1000334600 ns, Reaching safepoint: 5400 ns, Cleanup: 12500 ns, At safepoint: 90500 ns, Total: 108400 ns
[921.004s][info][safepoint   ] Safepoint "ThreadDump", Time since last: 1002321600 ns, Reaching safepoint: 10700 ns, Cleanup: 21900 ns, At safepoint: 185700 ns, Total: 218300 ns
[922.004s][info][safepoint   ] Safepoint "ThreadDump", Time since last: 999751600 ns, Reaching safepoint: 3600 ns, Cleanup: 9100 ns, At safepoint: 49100 ns, Total: 61800 ns
[923.005s][info][safepoint   ] Safepoint "ThreadDump", Time since last: 1000604800 ns, Reaching safepoint: 9600 ns, Cleanup: 35700 ns, At safepoint: 142500 ns, Total: 187800 ns
[924.006s][info][safepoint   ] Safepoint "ThreadDump", Time since last: 1001145300 ns, Reaching safepoint: 8400 ns, Cleanup: 23600 ns, At safepoint: 118200 ns, Total: 150200 ns
[925.007s][info][safepoint   ] Safepoint "ThreadDump", Time since last: 1000185000 ns, Reaching safepoint: 7800 ns, Cleanup: 11400 ns, At safepoint: 114800 ns, Total: 134000 ns
[926.008s][info][safepoint   ] Safepoint "ThreadDump", Time since last: 1000757600 ns, Reaching safepoint: 6800 ns, Cleanup: 17700 ns, At safepoint: 229800 ns, Total: 254300 ns
[927.009s][info][safepoint   ] Safepoint "ThreadDump", Time since last: 1001125800 ns, Reaching safepoint: 6100 ns, Cleanup: 20200 ns, At safepoint: 94600 ns, Total: 120900 ns
[927.011s][info][safepoint   ] Safepoint "FindDeadlocks", Time since last: 1723000 ns, Reaching safepoint: 1300 ns, Cleanup: 1700 ns, At safepoint: 3000 ns, Total: 6000 ns
[928.009s][info][safepoint   ] Safepoint "ThreadDump", Time since last: 998661700 ns, Reaching safepoint: 6800 ns, Cleanup: 21400 ns, At safepoint: 101700 ns, Total: 129900 ns
[929.010s][info][safepoint   ] Safepoint "ThreadDump", Time since last: 1000482300 ns, Reaching safepoint: 12900 ns, Cleanup: 17600 ns, At safepoint: 151300 ns, Total: 181800 ns
[930.011s][info][safepoint   ] Safepoint "ThreadDump", Time since last: 1001085400 ns, Reaching safepoint: 7700 ns, Cleanup: 19400 ns, At safepoint: 121900 ns, Total: 149000 ns
[931.011s][info][safepoint   ] Safepoint "ThreadDump", Time since last: 999424200 ns, Reaching safepoint: 4900 ns, Cleanup: 5800 ns, At safepoint: 86900 ns, Total: 97600 ns
[932.012s][info][safepoint   ] Safepoint "ThreadDump", Time since last: 1001451500 ns, Reaching safepoint: 5000 ns, Cleanup: 12500 ns, At safepoint: 88700 ns, Total: 106200 ns
[933.014s][info][safepoint   ] Safepoint "ThreadDump", Time since last: 1001128300 ns, Reaching safepoint: 4700 ns, Cleanup: 12000 ns, At safepoint: 71600 ns, Total: 88300 ns
[934.014s][info][safepoint   ] Safepoint "ThreadDump", Time since last: 999807600 ns, Reaching safepoint: 6100 ns, Cleanup: 18500 ns, At safepoint: 154900 ns, Total: 179500 ns
[935.014s][info][safepoint   ] Safepoint "ThreadDump", Time since last: 1000048900 ns, Reaching safepoint: 10400 ns, Cleanup: 21800 ns, At safepoint: 83200 ns, Total: 115400 ns
[936.014s][info][safepoint   ] Safepoint "ThreadDump", Time since last: 1000055200 ns, Reaching safepoint: 7400 ns, Cleanup: 17500 ns, At safepoint: 117700 ns, Total: 142600 ns
[937.016s][info][safepoint   ] Safepoint "ThreadDump", Time since last: 1002014200 ns, Reaching safepoint: 5000 ns, Cleanup: 6800 ns, At safepoint: 191100 ns, Total: 202900 ns
[937.018s][info][safepoint   ] Safepoint "FindDeadlocks", Time since last: 1773600 ns, Reaching safepoint: 2200 ns, Cleanup: 6800 ns, At safepoint: 3900 ns, Total: 12900 ns
[938.015s][info][safepoint   ] Safepoint "ThreadDump", Time since last: 996783500 ns, Reaching safepoint: 8900 ns, Cleanup: 9800 ns, At safepoint: 87900 ns, Total: 106600 ns
[939.016s][info][safepoint   ] Safepoint "ThreadDump", Time since last: 1001264700 ns, Reaching safepoint: 9300 ns, Cleanup: 21700 ns, At safepoint: 104100 ns, Total: 135100 ns
[940.018s][info][safepoint   ] Safepoint "ThreadDump", Time since last: 1001309400 ns, Reaching safepoint: 3700 ns, Cleanup: 10300 ns, At safepoint: 266300 ns, Total: 280300 ns
[941.021s][info][safepoint   ] Safepoint "ThreadDump", Time since last: 1002754400 ns, Reaching safepoint: 7500 ns, Cleanup: 31400 ns, At safepoint: 89000 ns, Total: 127900 ns
[942.022s][info][safepoint   ] Safepoint "ThreadDump", Time since last: 1000789900 ns, Reaching safepoint: 5200 ns, Cleanup: 24600 ns, At safepoint: 112600 ns, Total: 142400 ns
[943.022s][info][safepoint   ] Safepoint "ThreadDump", Time since last: 999928000 ns, Reaching safepoint: 5900 ns, Cleanup: 13700 ns, At safepoint: 103300 ns, Total: 122900 ns
[944.023s][info][safepoint   ] Safepoint "ThreadDump", Time since last: 1001645200 ns, Reaching safepoint: 7200 ns, Cleanup: 28400 ns, At safepoint: 76900 ns, Total: 112500 ns
[945.025s][info][safepoint   ] Safepoint "ThreadDump", Time since last: 1000932600 ns, Reaching safepoint: 8900 ns, Cleanup: 22100 ns, At safepoint: 138300 ns, Total: 169300 ns
[946.024s][info][safepoint   ] Safepoint "ThreadDump", Time since last: 999592700 ns, Reaching safepoint: 6700 ns, Cleanup: 18500 ns, At safepoint: 116500 ns, Total: 141700 ns
[947.026s][info][safepoint   ] Safepoint "ThreadDump", Time since last: 1001916200 ns, Reaching safepoint: 7600 ns, Cleanup: 19100 ns, At safepoint: 108500 ns, Total: 135200 ns
[947.029s][info][safepoint   ] Safepoint "FindDeadlocks", Time since last: 2202300 ns, Reaching safepoint: 7200 ns, Cleanup: 7800 ns, At safepoint: 10500 ns, Total: 25500 ns
[948.026s][info][safepoint   ] Safepoint "ThreadDump", Time since last: 997372200 ns, Reaching safepoint: 34000 ns, Cleanup: 11400 ns, At safepoint: 173100 ns, Total: 218500 ns
[949.027s][info][safepoint   ] Safepoint "ThreadDump", Time since last: 1000422700 ns, Reaching safepoint: 6700 ns, Cleanup: 22300 ns, At safepoint: 231600 ns, Total: 260600 ns
[950.027s][info][safepoint   ] Safepoint "ThreadDump", Time since last: 1000042500 ns, Reaching safepoint: 16500 ns, Cleanup: 27100 ns, At safepoint: 188600 ns, Total: 232200 ns
[951.029s][info][safepoint   ] Safepoint "ThreadDump", Time since last: 1001512800 ns, Reaching safepoint: 6300 ns, Cleanup: 25900 ns, At safepoint: 86700 ns, Total: 118900 ns
[952.028s][info][safepoint   ] Safepoint "ThreadDump", Time since last: 999099700 ns, Reaching safepoint: 5100 ns, Cleanup: 13100 ns, At safepoint: 104100 ns, Total: 122300 ns
[953.028s][info][safepoint   ] Safepoint "ThreadDump", Time since last: 999979400 ns, Reaching safepoint: 3800 ns, Cleanup: 8100 ns, At safepoint: 42500 ns, Total: 54400 ns
[954.030s][info][safepoint   ] Safepoint "ThreadDump", Time since last: 1001529300 ns, Reaching safepoint: 6800 ns, Cleanup: 14300 ns, At safepoint: 86400 ns, Total: 107500 ns
[955.032s][info][safepoint   ] Safepoint "ThreadDump", Time since last: 1001804800 ns, Reaching safepoint: 6100 ns, Cleanup: 9600 ns, At safepoint: 86800 ns, Total: 102500 ns
[956.031s][info][safepoint   ] Safepoint "ThreadDump", Time since last: 999209300 ns, Reaching safepoint: 4300 ns, Cleanup: 11200 ns, At safepoint: 58500 ns, Total: 74000 ns
[957.033s][info][safepoint   ] Safepoint "ThreadDump", Time since last: 1001958800 ns, Reaching safepoint: 7000 ns, Cleanup: 7800 ns, At safepoint: 73900 ns, Total: 88700 ns
[957.035s][info][safepoint   ] Safepoint "FindDeadlocks", Time since last: 1986600 ns, Reaching safepoint: 5200 ns, Cleanup: 13200 ns, At safepoint: 10100 ns, Total: 28500 ns
[958.033s][info][safepoint   ] Safepoint "ThreadDump", Time since last: 997624200 ns, Reaching safepoint: 7000 ns, Cleanup: 11400 ns, At safepoint: 89600 ns, Total: 108000 ns
[959.032s][info][safepoint   ] Safepoint "ThreadDump", Time since last: 999000900 ns, Reaching safepoint: 5300 ns, Cleanup: 19500 ns, At safepoint: 148500 ns, Total: 173300 ns
[960.034s][info][safepoint   ] Safepoint "ThreadDump", Time since last: 1002374800 ns, Reaching safepoint: 5000 ns, Cleanup: 17000 ns, At safepoint: 74500 ns, Total: 96500 ns
[961.034s][info][safepoint   ] Safepoint "ThreadDump", Time since last: 999766500 ns, Reaching safepoint: 7700 ns, Cleanup: 27900 ns, At safepoint: 89500 ns, Total: 125100 ns
[962.034s][info][safepoint   ] Safepoint "ThreadDump", Time since last: 999691300 ns, Reaching safepoint: 5200 ns, Cleanup: 13600 ns, At safepoint: 71100 ns, Total: 89900 ns
[963.035s][info][safepoint   ] Safepoint "ThreadDump", Time since last: 1000566700 ns, Reaching safepoint: 11200 ns, Cleanup: 8000 ns, At safepoint: 66800 ns, Total: 86000 ns
[964.035s][info][safepoint   ] Safepoint "ThreadDump", Time since last: 1000542400 ns, Reaching safepoint: 7500 ns, Cleanup: 32300 ns, At safepoint: 134100 ns, Total: 173900 ns
[965.036s][info][safepoint   ] Safepoint "ThreadDump", Time since last: 1000563000 ns, Reaching safepoint: 7700 ns, Cleanup: 23400 ns, At safepoint: 150000 ns, Total: 181100 ns
[966.036s][info][safepoint   ] Safepoint "ThreadDump", Time since last: 1000049700 ns, Reaching safepoint: 6600 ns, Cleanup: 24100 ns, At safepoint: 111900 ns, Total: 142600 ns
[967.037s][info][safepoint   ] Safepoint "ThreadDump", Time since last: 1000673100 ns, Reaching safepoint: 7900 ns, Cleanup: 30900 ns, At safepoint: 135600 ns, Total: 174400 ns
[967.039s][info][safepoint   ] Safepoint "FindDeadlocks", Time since last: 2289700 ns, Reaching safepoint: 4700 ns, Cleanup: 6600 ns, At safepoint: 8900 ns, Total: 20200 ns
[968.038s][info][safepoint   ] Safepoint "ThreadDump", Time since last: 998052700 ns, Reaching safepoint: 7700 ns, Cleanup: 21400 ns, At safepoint: 138300 ns, Total: 167400 ns
[969.042s][info][safepoint   ] Safepoint "ThreadDump", Time since last: 1004208800 ns, Reaching safepoint: 2300 ns, Cleanup: 5800 ns, At safepoint: 28200 ns, Total: 36300 ns
[970.040s][info][safepoint   ] Safepoint "ThreadDump", Time since last: 997755300 ns, Reaching safepoint: 9100 ns, Cleanup: 31600 ns, At safepoint: 88800 ns, Total: 129500 ns
[971.040s][info][safepoint   ] Safepoint "ThreadDump", Time since last: 999837200 ns, Reaching safepoint: 7000 ns, Cleanup: 19300 ns, At safepoint: 111700 ns, Total: 138000 ns
[972.041s][info][safepoint   ] Safepoint "ThreadDump", Time since last: 1001145800 ns, Reaching safepoint: 11300 ns, Cleanup: 55600 ns, At safepoint: 96100 ns, Total: 163000 ns
[973.042s][info][safepoint   ] Safepoint "ThreadDump", Time since last: 1000666900 ns, Reaching safepoint: 9100 ns, Cleanup: 19400 ns, At safepoint: 300900 ns, Total: 329400 ns
[974.042s][info][safepoint   ] Safepoint "ThreadDump", Time since last: 999495100 ns, Reaching safepoint: 6700 ns, Cleanup: 28100 ns, At safepoint: 193000 ns, Total: 227800 ns
[975.046s][info][safepoint   ] Safepoint "ThreadDump", Time since last: 1004021200 ns, Reaching safepoint: 9000 ns, Cleanup: 37300 ns, At safepoint: 174300 ns, Total: 220600 ns
[976.045s][info][safepoint   ] Safepoint "ThreadDump", Time since last: 998414500 ns, Reaching safepoint: 6500 ns, Cleanup: 29500 ns, At safepoint: 160700 ns, Total: 196700 ns
[977.046s][info][safepoint   ] Safepoint "ThreadDump", Time since last: 1000717100 ns, Reaching safepoint: 6200 ns, Cleanup: 28100 ns, At safepoint: 181900 ns, Total: 216200 ns
[977.047s][info][safepoint   ] Safepoint "FindDeadlocks", Time since last: 1724100 ns, Reaching safepoint: 4400 ns, Cleanup: 6200 ns, At safepoint: 7700 ns, Total: 18300 ns
[978.046s][info][safepoint   ] Safepoint "ThreadDump", Time since last: 998515600 ns, Reaching safepoint: 8100 ns, Cleanup: 32900 ns, At safepoint: 202300 ns, Total: 243300 ns
[979.046s][info][safepoint   ] Safepoint "ThreadDump", Time since last: 1000045400 ns, Reaching safepoint: 8100 ns, Cleanup: 19800 ns, At safepoint: 119100 ns, Total: 147000 ns
[980.046s][info][safepoint   ] Safepoint "ThreadDump", Time since last: 1000063400 ns, Reaching safepoint: 14600 ns, Cleanup: 21900 ns, At safepoint: 113800 ns, Total: 150300 ns
[981.048s][info][safepoint   ] Safepoint "ThreadDump", Time since last: 1001237300 ns, Reaching safepoint: 9100 ns, Cleanup: 38400 ns, At safepoint: 154900 ns, Total: 202400 ns
[982.050s][info][safepoint   ] Safepoint "ThreadDump", Time since last: 1002019000 ns, Reaching safepoint: 9700 ns, Cleanup: 21600 ns, At safepoint: 126700 ns, Total: 158000 ns
[983.050s][info][safepoint   ] Safepoint "ThreadDump", Time since last: 999829000 ns, Reaching safepoint: 8700 ns, Cleanup: 35000 ns, At safepoint: 150400 ns, Total: 194100 ns
[984.050s][info][safepoint   ] Safepoint "ThreadDump", Time since last: 1000007500 ns, Reaching safepoint: 7300 ns, Cleanup: 20000 ns, At safepoint: 119500 ns, Total: 146800 ns
[985.051s][info][safepoint   ] Safepoint "ThreadDump", Time since last: 1000970900 ns, Reaching safepoint: 5600 ns, Cleanup: 8200 ns, At safepoint: 118300 ns, Total: 132100 ns
[986.052s][info][safepoint   ] Safepoint "ThreadDump", Time since last: 1000956500 ns, Reaching safepoint: 8700 ns, Cleanup: 18000 ns, At safepoint: 119100 ns, Total: 145800 ns
[987.055s][info][safepoint   ] Safepoint "ThreadDump", Time since last: 1001994800 ns, Reaching safepoint: 8300 ns, Cleanup: 13600 ns, At safepoint: 125300 ns, Total: 147200 ns
[987.057s][info][safepoint   ] Safepoint "FindDeadlocks", Time since last: 2263300 ns, Reaching safepoint: 5500 ns, Cleanup: 30100 ns, At safepoint: 12200 ns, Total: 47800 ns
[988.055s][info][safepoint   ] Safepoint "ThreadDump", Time since last: 997551300 ns, Reaching safepoint: 9200 ns, Cleanup: 14300 ns, At safepoint: 111300 ns, Total: 134800 ns
[989.055s][info][safepoint   ] Safepoint "ThreadDump", Time since last: 1000548800 ns, Reaching safepoint: 9500 ns, Cleanup: 18700 ns, At safepoint: 169300 ns, Total: 197500 ns
[990.055s][info][safepoint   ] Safepoint "ThreadDump", Time since last: 999992000 ns, Reaching safepoint: 7900 ns, Cleanup: 20000 ns, At safepoint: 99200 ns, Total: 127100 ns
[991.058s][info][safepoint   ] Safepoint "ThreadDump", Time since last: 1002346900 ns, Reaching safepoint: 9900 ns, Cleanup: 41100 ns, At safepoint: 112500 ns, Total: 163500 ns
[992.059s][info][safepoint   ] Safepoint "ThreadDump", Time since last: 1001054000 ns, Reaching safepoint: 8100 ns, Cleanup: 20200 ns, At safepoint: 118400 ns, Total: 146700 ns
[993.060s][info][safepoint   ] Safepoint "ThreadDump", Time since last: 1000393400 ns, Reaching safepoint: 10200 ns, Cleanup: 12300 ns, At safepoint: 86600 ns, Total: 109100 ns
[994.061s][info][safepoint   ] Safepoint "ThreadDump", Time since last: 1001501300 ns, Reaching safepoint: 8900 ns, Cleanup: 24700 ns, At safepoint: 184600 ns, Total: 218200 ns
[995.062s][info][safepoint   ] Safepoint "ThreadDump", Time since last: 1000609300 ns, Reaching safepoint: 6400 ns, Cleanup: 15400 ns, At safepoint: 311000 ns, Total: 332800 ns
[996.062s][info][safepoint   ] Safepoint "ThreadDump", Time since last: 999159200 ns, Reaching safepoint: 3900 ns, Cleanup: 12000 ns, At safepoint: 64300 ns, Total: 80200 ns
[997.065s][info][safepoint   ] Safepoint "ThreadDump", Time since last: 1003498900 ns, Reaching safepoint: 6700 ns, Cleanup: 21600 ns, At safepoint: 68600 ns, Total: 96900 ns
[997.067s][info][safepoint   ] Safepoint "FindDeadlocks", Time since last: 1776300 ns, Reaching safepoint: 3800 ns, Cleanup: 4800 ns, At safepoint: 5400 ns, Total: 14000 ns
[998.066s][info][safepoint   ] Safepoint "ThreadDump", Time since last: 998541800 ns, Reaching safepoint: 10000 ns, Cleanup: 34800 ns, At safepoint: 113500 ns, Total: 158300 ns
[998.387s][info][safepoint   ] Safepoint "GC_HeapInspection", Time since last: 281334500 ns, Reaching safepoint: 7500 ns, Cleanup: 7100 ns, At safepoint: 40146600 ns, Total: 40161200 ns
[999.048s][info][safepoint   ] Safepoint "GC_HeapInspection", Time since last: 595810300 ns, Reaching safepoint: 11300 ns, Cleanup: 16900 ns, At safepoint: 65444100 ns, Total: 65472300 ns
[999.069s][info][safepoint   ] Safepoint "ThreadDump", Time since last: 20415800 ns, Reaching safepoint: 3700 ns, Cleanup: 7400 ns, At safepoint: 31100 ns, Total: 42200 ns
[1000.061s][info][safepoint   ] Safepoint "GC_HeapInspection", Time since last: 916216600 ns, Reaching safepoint: 11500 ns, Cleanup: 34800 ns, At safepoint: 75322600 ns, Total: 75368900 ns
[1000.067s][info][safepoint   ] Safepoint "ThreadDump", Time since last: 6058700 ns, Reaching safepoint: 5800 ns, Cleanup: 7300 ns, At safepoint: 64100 ns, Total: 77200 ns
[1001.036s][info][safepoint   ] Safepoint "GC_HeapInspection", Time since last: 919238000 ns, Reaching safepoint: 10600 ns, Cleanup: 30800 ns, At safepoint: 50300600 ns, Total: 50342000 ns
[1001.067s][info][safepoint   ] Safepoint "ThreadDump", Time since last: 30530600 ns, Reaching safepoint: 7600 ns, Cleanup: 11700 ns, At safepoint: 109600 ns, Total: 128900 ns
[1002.036s][info][safepoint   ] Safepoint "GC_HeapInspection", Time since last: 919642400 ns, Reaching safepoint: 9000 ns, Cleanup: 15400 ns, At safepoint: 49250600 ns, Total: 49275000 ns
[1002.067s][info][safepoint   ] Safepoint "ThreadDump", Time since last: 31503100 ns, Reaching safepoint: 6200 ns, Cleanup: 9000 ns, At safepoint: 99600 ns, Total: 114800 ns
[1003.046s][info][safepoint   ] Safepoint "GC_HeapInspection", Time since last: 922664800 ns, Reaching safepoint: 11300 ns, Cleanup: 51300 ns, At safepoint: 55734600 ns, Total: 55797200 ns
[1003.068s][info][safepoint   ] Safepoint "ThreadDump", Time since last: 22019000 ns, Reaching safepoint: 6700 ns, Cleanup: 8800 ns, At safepoint: 105600 ns, Total: 121100 ns
[1004.039s][info][safepoint   ] Safepoint "GC_HeapInspection", Time since last: 923779700 ns, Reaching safepoint: 11200 ns, Cleanup: 39800 ns, At safepoint: 47572200 ns, Total: 47623200 ns
[1004.070s][info][safepoint   ] Safepoint "ThreadDump", Time since last: 30871700 ns, Reaching safepoint: 8600 ns, Cleanup: 13900 ns, At safepoint: 125100 ns, Total: 147600 ns
[1005.046s][info][safepoint   ] Safepoint "GC_HeapInspection", Time since last: 919439100 ns, Reaching safepoint: 4300 ns, Cleanup: 8300 ns, At safepoint: 56370900 ns, Total: 56383500 ns
[1005.070s][info][safepoint   ] Safepoint "ThreadDump", Time since last: 23759800 ns, Reaching safepoint: 30800 ns, Cleanup: 8800 ns, At safepoint: 68900 ns, Total: 108500 ns
[1006.044s][info][safepoint   ] Safepoint "GC_HeapInspection", Time since last: 922048000 ns, Reaching safepoint: 15800 ns, Cleanup: 35800 ns, At safepoint: 51475900 ns, Total: 51527500 ns
[1006.072s][info][safepoint   ] Safepoint "ThreadDump", Time since last: 28100300 ns, Reaching safepoint: 6200 ns, Cleanup: 7800 ns, At safepoint: 67700 ns, Total: 81700 ns
[1007.046s][info][safepoint   ] Safepoint "GC_HeapInspection", Time since last: 921383000 ns, Reaching safepoint: 11300 ns, Cleanup: 33900 ns, At safepoint: 52217800 ns, Total: 52263000 ns
[1007.073s][info][safepoint   ] Safepoint "ThreadDump", Time since last: 27372600 ns, Reaching safepoint: 6600 ns, Cleanup: 8700 ns, At safepoint: 73400 ns, Total: 88700 ns
[1007.075s][info][safepoint   ] Safepoint "FindDeadlocks", Time since last: 2158500 ns, Reaching safepoint: 5300 ns, Cleanup: 6500 ns, At safepoint: 7300 ns, Total: 19100 ns
[1008.041s][info][safepoint   ] Safepoint "GC_HeapInspection", Time since last: 919671700 ns, Reaching safepoint: 11100 ns, Cleanup: 36600 ns, At safepoint: 46298800 ns, Total: 46346500 ns
[1008.072s][info][safepoint   ] Safepoint "ThreadDump", Time since last: 30863900 ns, Reaching safepoint: 5900 ns, Cleanup: 7800 ns, At safepoint: 93600 ns, Total: 107300 ns
[1009.041s][info][safepoint   ] Safepoint "GC_HeapInspection", Time since last: 925283000 ns, Reaching safepoint: 10000 ns, Cleanup: 39400 ns, At safepoint: 43631500 ns, Total: 43680900 ns
[1009.072s][info][safepoint   ] Safepoint "ThreadDump", Time since last: 30993300 ns, Reaching safepoint: 6700 ns, Cleanup: 9300 ns, At safepoint: 106400 ns, Total: 122400 ns
[1010.051s][info][safepoint   ] Safepoint "GC_HeapInspection", Time since last: 925143500 ns, Reaching safepoint: 11600 ns, Cleanup: 44700 ns, At safepoint: 53635700 ns, Total: 53692000 ns
[1010.072s][info][safepoint   ] Safepoint "ThreadDump", Time since last: 20678500 ns, Reaching safepoint: 3000 ns, Cleanup: 3600 ns, At safepoint: 33100 ns, Total: 39700 ns
[1011.046s][info][safepoint   ] Safepoint "GC_HeapInspection", Time since last: 927668600 ns, Reaching safepoint: 10300 ns, Cleanup: 37200 ns, At safepoint: 46041000 ns, Total: 46088500 ns
[1011.075s][info][safepoint   ] Safepoint "ThreadDump", Time since last: 29520900 ns, Reaching safepoint: 8800 ns, Cleanup: 16300 ns, At safepoint: 112700 ns, Total: 137800 ns
[1012.047s][info][safepoint   ] Safepoint "GC_HeapInspection", Time since last: 923445200 ns, Reaching safepoint: 10900 ns, Cleanup: 24800 ns, At safepoint: 48437700 ns, Total: 48473400 ns
[1012.076s][info][safepoint   ] Safepoint "ThreadDump", Time since last: 28894500 ns, Reaching safepoint: 5900 ns, Cleanup: 10300 ns, At safepoint: 101000 ns, Total: 117200 ns
[1013.047s][info][safepoint   ] Safepoint "GC_HeapInspection", Time since last: 923029300 ns, Reaching safepoint: 9000 ns, Cleanup: 29200 ns, At safepoint: 47497600 ns, Total: 47535800 ns
[1013.076s][info][safepoint   ] Safepoint "ThreadDump", Time since last: 29736800 ns, Reaching safepoint: 3700 ns, Cleanup: 4200 ns, At safepoint: 31400 ns, Total: 39300 ns
[1014.049s][info][safepoint   ] Safepoint "GC_HeapInspection", Time since last: 925579300 ns, Reaching safepoint: 11400 ns, Cleanup: 30400 ns, At safepoint: 46785900 ns, Total: 46827700 ns
[1014.080s][info][safepoint   ] Safepoint "ThreadDump", Time since last: 31302300 ns, Reaching safepoint: 7600 ns, Cleanup: 11600 ns, At safepoint: 120500 ns, Total: 139700 ns
[1015.080s][info][safepoint   ] Safepoint "ThreadDump", Time since last: 999672000 ns, Reaching safepoint: 6200 ns, Cleanup: 14100 ns, At safepoint: 80300 ns, Total: 100600 ns
[1016.079s][info][safepoint   ] Safepoint "ThreadDump", Time since last: 998703700 ns, Reaching safepoint: 20300 ns, Cleanup: 15800 ns, At safepoint: 131800 ns, Total: 167900 ns
[1017.081s][info][safepoint   ] Safepoint "ThreadDump", Time since last: 1002222400 ns, Reaching safepoint: 7700 ns, Cleanup: 31300 ns, At safepoint: 80000 ns, Total: 119000 ns
[1017.083s][info][safepoint   ] Safepoint "FindDeadlocks", Time since last: 2003200 ns, Reaching safepoint: 4500 ns, Cleanup: 6000 ns, At safepoint: 7700 ns, Total: 18200 ns
[1017.153s][info][safepoint   ] Safepoint "GC_HeapInspection", Time since last: 21112600 ns, Reaching safepoint: 8200 ns, Cleanup: 9200 ns, At safepoint: 49019300 ns, Total: 49036700 ns
[1018.082s][info][safepoint   ] Safepoint "ThreadDump", Time since last: 928522000 ns, Reaching safepoint: 10600 ns, Cleanup: 26500 ns, At safepoint: 170800 ns, Total: 207900 ns
[1019.083s][info][safepoint   ] Safepoint "ThreadDump", Time since last: 1001037800 ns, Reaching safepoint: 5600 ns, Cleanup: 6800 ns, At safepoint: 72300 ns, Total: 84700 ns
[1020.085s][info][safepoint   ] Safepoint "ThreadDump", Time since last: 1001993600 ns, Reaching safepoint: 7300 ns, Cleanup: 24800 ns, At safepoint: 128800 ns, Total: 160900 ns
[1021.084s][info][safepoint   ] Safepoint "ThreadDump", Time since last: 998664400 ns, Reaching safepoint: 9400 ns, Cleanup: 18800 ns, At safepoint: 58500 ns, Total: 86700 ns
[1022.087s][info][safepoint   ] Safepoint "ThreadDump", Time since last: 1002548300 ns, Reaching safepoint: 10300 ns, Cleanup: 65400 ns, At safepoint: 115000 ns, Total: 190700 ns
[1023.087s][info][safepoint   ] Safepoint "ThreadDump", Time since last: 999640700 ns, Reaching safepoint: 7100 ns, Cleanup: 19600 ns, At safepoint: 102800 ns, Total: 129500 ns
[1024.088s][info][safepoint   ] Safepoint "ThreadDump", Time since last: 1000766700 ns, Reaching safepoint: 6600 ns, Cleanup: 20700 ns, At safepoint: 98400 ns, Total: 125700 ns
[1025.089s][info][safepoint   ] Safepoint "ThreadDump", Time since last: 1001231700 ns, Reaching safepoint: 12200 ns, Cleanup: 28500 ns, At safepoint: 120100 ns, Total: 160800 ns
[1026.035s][info][safepoint   ] Safepoint "GC_HeapInspection", Time since last: 900536000 ns, Reaching safepoint: 8300 ns, Cleanup: 14100 ns, At safepoint: 45411800 ns, Total: 45434200 ns
[1026.090s][info][safepoint   ] Safepoint "ThreadDump", Time since last: 55366200 ns, Reaching safepoint: 4300 ns, Cleanup: 4800 ns, At safepoint: 53700 ns, Total: 62800 ns
[1027.092s][info][safepoint   ] Safepoint "ThreadDump", Time since last: 1001143700 ns, Reaching safepoint: 4700 ns, Cleanup: 10300 ns, At safepoint: 56800 ns, Total: 71800 ns
[1027.094s][info][safepoint   ] Safepoint "FindDeadlocks", Time since last: 2786200 ns, Reaching safepoint: 4400 ns, Cleanup: 6100 ns, At safepoint: 7500 ns, Total: 18000 ns
[1028.091s][info][safepoint   ] Safepoint "ThreadDump", Time since last: 996856800 ns, Reaching safepoint: 6300 ns, Cleanup: 11500 ns, At safepoint: 54900 ns, Total: 72700 ns
[1029.092s][info][safepoint   ] Safepoint "ThreadDump", Time since last: 1000251400 ns, Reaching safepoint: 3700 ns, Cleanup: 9200 ns, At safepoint: 57500 ns, Total: 70400 ns
[1030.093s][info][safepoint   ] Safepoint "ThreadDump", Time since last: 1000964100 ns, Reaching safepoint: 7200 ns, Cleanup: 9400 ns, At safepoint: 132800 ns, Total: 149400 ns
[1031.093s][info][safepoint   ] Safepoint "ThreadDump", Time since last: 999666200 ns, Reaching safepoint: 5700 ns, Cleanup: 12000 ns, At safepoint: 70800 ns, Total: 88500 ns
[1032.093s][info][safepoint   ] Safepoint "ThreadDump", Time since last: 1000818800 ns, Reaching safepoint: 9500 ns, Cleanup: 12800 ns, At safepoint: 73600 ns, Total: 95900 ns
[1033.098s][info][safepoint   ] Safepoint "ThreadDump", Time since last: 1004047000 ns, Reaching safepoint: 8000 ns, Cleanup: 30800 ns, At safepoint: 142200 ns, Total: 181000 ns
[1034.097s][info][safepoint   ] Safepoint "ThreadDump", Time since last: 999580400 ns, Reaching safepoint: 2700 ns, Cleanup: 7000 ns, At safepoint: 35100 ns, Total: 44800 ns
[1035.100s][info][safepoint   ] Safepoint "ThreadDump", Time since last: 1002196700 ns, Reaching safepoint: 7600 ns, Cleanup: 10500 ns, At safepoint: 82900 ns, Total: 101000 ns
[1036.101s][info][safepoint   ] Safepoint "ThreadDump", Time since last: 1001166800 ns, Reaching safepoint: 5200 ns, Cleanup: 13900 ns, At safepoint: 68500 ns, Total: 87600 ns
[1037.102s][info][safepoint   ] Safepoint "ThreadDump", Time since last: 1001089600 ns, Reaching safepoint: 8100 ns, Cleanup: 28500 ns, At safepoint: 212500 ns, Total: 249100 ns
[1037.104s][info][safepoint   ] Safepoint "FindDeadlocks", Time since last: 2061300 ns, Reaching safepoint: 4300 ns, Cleanup: 6000 ns, At safepoint: 7100 ns, Total: 17400 ns
[1038.102s][info][safepoint   ] Safepoint "ThreadDump", Time since last: 997804100 ns, Reaching safepoint: 4700 ns, Cleanup: 10400 ns, At safepoint: 89600 ns, Total: 104700 ns
[1039.104s][info][safepoint   ] Safepoint "ThreadDump", Time since last: 1001164800 ns, Reaching safepoint: 5800 ns, Cleanup: 20600 ns, At safepoint: 92200 ns, Total: 118600 ns
[1040.105s][info][safepoint   ] Safepoint "ThreadDump", Time since last: 1001410400 ns, Reaching safepoint: 5000 ns, Cleanup: 5300 ns, At safepoint: 145600 ns, Total: 155900 ns
[1041.104s][info][safepoint   ] Safepoint "ThreadDump", Time since last: 998115700 ns, Reaching safepoint: 42400 ns, Cleanup: 15600 ns, At safepoint: 404200 ns, Total: 462200 ns
[1042.107s][info][safepoint   ] Safepoint "ThreadDump", Time since last: 1002901500 ns, Reaching safepoint: 12900 ns, Cleanup: 18200 ns, At safepoint: 215800 ns, Total: 246900 ns
[1043.109s][info][safepoint   ] Safepoint "ThreadDump", Time since last: 1001598800 ns, Reaching safepoint: 8100 ns, Cleanup: 30200 ns, At safepoint: 218100 ns, Total: 256400 ns
[1044.108s][info][safepoint   ] Safepoint "ThreadDump", Time since last: 999068400 ns, Reaching safepoint: 5900 ns, Cleanup: 14400 ns, At safepoint: 95300 ns, Total: 115600 ns
[1045.108s][info][safepoint   ] Safepoint "ThreadDump", Time since last: 1000373300 ns, Reaching safepoint: 7300 ns, Cleanup: 13000 ns, At safepoint: 125300 ns, Total: 145600 ns
[1046.110s][info][safepoint   ] Safepoint "ThreadDump", Time since last: 1001398500 ns, Reaching safepoint: 6000 ns, Cleanup: 18500 ns, At safepoint: 111900 ns, Total: 136400 ns
[1047.111s][info][safepoint   ] Safepoint "ThreadDump", Time since last: 1001124600 ns, Reaching safepoint: 7100 ns, Cleanup: 10000 ns, At safepoint: 106600 ns, Total: 123700 ns
[1047.114s][info][safepoint   ] Safepoint "FindDeadlocks", Time since last: 2322000 ns, Reaching safepoint: 4700 ns, Cleanup: 25000 ns, At safepoint: 9800 ns, Total: 39500 ns
[1048.111s][info][safepoint   ] Safepoint "ThreadDump", Time since last: 997552500 ns, Reaching safepoint: 9000 ns, Cleanup: 12000 ns, At safepoint: 121400 ns, Total: 142400 ns
[1049.111s][info][safepoint   ] Safepoint "ThreadDump", Time since last: 1000025300 ns, Reaching safepoint: 11900 ns, Cleanup: 22200 ns, At safepoint: 169900 ns, Total: 204000 ns
[1050.112s][info][safepoint   ] Safepoint "ThreadDump", Time since last: 1000071600 ns, Reaching safepoint: 5000 ns, Cleanup: 18400 ns, At safepoint: 79400 ns, Total: 102800 ns
[1051.111s][info][safepoint   ] Safepoint "ThreadDump", Time since last: 999234900 ns, Reaching safepoint: 5000 ns, Cleanup: 12900 ns, At safepoint: 92000 ns, Total: 109900 ns
[1052.113s][info][safepoint   ] Safepoint "ThreadDump", Time since last: 1001699600 ns, Reaching safepoint: 6500 ns, Cleanup: 27800 ns, At safepoint: 195400 ns, Total: 229700 ns
[1053.115s][info][safepoint   ] Safepoint "ThreadDump", Time since last: 1002291800 ns, Reaching safepoint: 6400 ns, Cleanup: 23000 ns, At safepoint: 109700 ns, Total: 139100 ns
[1054.130s][info][safepoint   ] Safepoint "ThreadDump", Time since last: 1014907200 ns, Reaching safepoint: 4100 ns, Cleanup: 13000 ns, At safepoint: 61900 ns, Total: 79000 ns
[1055.118s][info][safepoint   ] Safepoint "ThreadDump", Time since last: 987250300 ns, Reaching safepoint: 5100 ns, Cleanup: 11700 ns, At safepoint: 71300 ns, Total: 88100 ns
[1056.120s][info][safepoint   ] Safepoint "ThreadDump", Time since last: 1001746800 ns, Reaching safepoint: 8800 ns, Cleanup: 12900 ns, At safepoint: 129300 ns, Total: 151000 ns
[1057.118s][info][safepoint   ] Safepoint "ThreadDump", Time since last: 998515500 ns, Reaching safepoint: 7700 ns, Cleanup: 60000 ns, At safepoint: 125900 ns, Total: 193600 ns
[1057.120s][info][safepoint   ] Safepoint "FindDeadlocks", Time since last: 1911700 ns, Reaching safepoint: 3500 ns, Cleanup: 4700 ns, At safepoint: 5800 ns, Total: 14000 ns
[1058.119s][info][safepoint   ] Safepoint "ThreadDump", Time since last: 998528200 ns, Reaching safepoint: 9900 ns, Cleanup: 30800 ns, At safepoint: 136300 ns, Total: 177000 ns
[1059.119s][info][safepoint   ] Safepoint "ThreadDump", Time since last: 999902400 ns, Reaching safepoint: 6200 ns, Cleanup: 24100 ns, At safepoint: 80800 ns, Total: 111100 ns
[1060.119s][info][safepoint   ] Safepoint "ThreadDump", Time since last: 999913100 ns, Reaching safepoint: 5000 ns, Cleanup: 37600 ns, At safepoint: 75700 ns, Total: 118300 ns
[1061.120s][info][safepoint   ] Safepoint "ThreadDump", Time since last: 1001126900 ns, Reaching safepoint: 5700 ns, Cleanup: 21000 ns, At safepoint: 94000 ns, Total: 120700 ns
[1062.123s][info][safepoint   ] Safepoint "ThreadDump", Time since last: 1002755300 ns, Reaching safepoint: 9500 ns, Cleanup: 11800 ns, At safepoint: 92400 ns, Total: 113700 ns
[1063.123s][info][safepoint   ] Safepoint "ThreadDump", Time since last: 999621600 ns, Reaching safepoint: 7400 ns, Cleanup: 31500 ns, At safepoint: 82600 ns, Total: 121500 ns
[1064.124s][info][safepoint   ] Safepoint "ThreadDump", Time since last: 1001023100 ns, Reaching safepoint: 7800 ns, Cleanup: 30700 ns, At safepoint: 82100 ns, Total: 120600 ns
[1065.126s][info][safepoint   ] Safepoint "ThreadDump", Time since last: 1001701200 ns, Reaching safepoint: 7600 ns, Cleanup: 27000 ns, At safepoint: 107800 ns, Total: 142400 ns
[1066.126s][info][safepoint   ] Safepoint "ThreadDump", Time since last: 999902600 ns, Reaching safepoint: 4500 ns, Cleanup: 12600 ns, At safepoint: 66300 ns, Total: 83400 ns
[1067.125s][info][safepoint   ] Safepoint "ThreadDump", Time since last: 998965300 ns, Reaching safepoint: 2600 ns, Cleanup: 5500 ns, At safepoint: 29500 ns, Total: 37600 ns
[1067.126s][info][safepoint   ] Safepoint "FindDeadlocks", Time since last: 1287300 ns, Reaching safepoint: 3300 ns, Cleanup: 4100 ns, At safepoint: 6300 ns, Total: 13700 ns
[1068.128s][info][safepoint   ] Safepoint "ThreadDump", Time since last: 1001801300 ns, Reaching safepoint: 8100 ns, Cleanup: 10900 ns, At safepoint: 83100 ns, Total: 102100 ns
[1069.127s][info][safepoint   ] Safepoint "ThreadDump", Time since last: 998620000 ns, Reaching safepoint: 9400 ns, Cleanup: 27300 ns, At safepoint: 117400 ns, Total: 154100 ns
[1070.129s][info][safepoint   ] Safepoint "ThreadDump", Time since last: 1002321900 ns, Reaching safepoint: 7200 ns, Cleanup: 31000 ns, At safepoint: 87900 ns, Total: 126100 ns
[1071.132s][info][safepoint   ] Safepoint "ThreadDump", Time since last: 1002217600 ns, Reaching safepoint: 8500 ns, Cleanup: 31800 ns, At safepoint: 121700 ns, Total: 162000 ns
[1072.131s][info][safepoint   ] Safepoint "ThreadDump", Time since last: 999570500 ns, Reaching safepoint: 7700 ns, Cleanup: 33100 ns, At safepoint: 151100 ns, Total: 191900 ns
[1073.132s][info][safepoint   ] Safepoint "ThreadDump", Time since last: 1000524500 ns, Reaching safepoint: 8800 ns, Cleanup: 34400 ns, At safepoint: 149200 ns, Total: 192400 ns
[1074.131s][info][safepoint   ] Safepoint "ThreadDump", Time since last: 998632400 ns, Reaching safepoint: 3300 ns, Cleanup: 7500 ns, At safepoint: 57500 ns, Total: 68300 ns
[1075.131s][info][safepoint   ] Safepoint "ThreadDump", Time since last: 1000588800 ns, Reaching safepoint: 9000 ns, Cleanup: 12300 ns, At safepoint: 64400 ns, Total: 85700 ns
[1076.132s][info][safepoint   ] Safepoint "ThreadDump", Time since last: 1000683800 ns, Reaching safepoint: 9400 ns, Cleanup: 15500 ns, At safepoint: 95000 ns, Total: 119900 ns
[1077.133s][info][safepoint   ] Safepoint "ThreadDump", Time since last: 1000493900 ns, Reaching safepoint: 6600 ns, Cleanup: 22600 ns, At safepoint: 80700 ns, Total: 109900 ns
[1077.134s][info][safepoint   ] Safepoint "FindDeadlocks", Time since last: 1317100 ns, Reaching safepoint: 1900 ns, Cleanup: 2300 ns, At safepoint: 3200 ns, Total: 7400 ns
[1077.613s][info][gc,exit     ] Stopping ZGC
[1077.614s][info][gc,stats    ] === Garbage Collection Statistics =======================================================================================================================
[1077.614s][info][gc,stats    ]                                                              Last 10s              Last 10m              Last 10h                Total
[1077.614s][info][gc,stats    ]                                                              Avg / Max             Avg / Max             Avg / Max             Avg / Max
[1077.614s][info][gc,stats    ]        Contention: Mark Segment Reset Contention                     0 / 0                 0 / 0                 0 / 10                0 / 10          ops/s
[1077.614s][info][gc,stats    ]        Contention: Mark SeqNum Reset Contention                      0 / 0                 0 / 0                 0 / 0                 0 / 0           ops/s
[1077.614s][info][gc,stats    ]          Critical: Allocation Stall                                  0 / 0                 0 / 0                 0 / 0                 0 / 0           ops/s
[1077.614s][info][gc,stats    ]          Critical: Allocation Stall                              0.000 / 0.000         0.000 / 0.000         0.000 / 0.000         0.000 / 0.000       ms
[1077.614s][info][gc,stats    ]          Critical: JNI Critical Stall                                0 / 0                 0 / 0                 0 / 0                 0 / 0           ops/s
[1077.614s][info][gc,stats    ]          Critical: JNI Critical Stall                            0.000 / 0.000         0.000 / 0.000         0.000 / 0.000         0.000 / 0.000       ms
[1077.614s][info][gc,stats    ]          Critical: Relocation Stall                                  0 / 0                 0 / 0                 0 / 0                 0 / 0           ops/s
[1077.614s][info][gc,stats    ]          Critical: Relocation Stall                              0.000 / 0.000         0.000 / 0.000         0.000 / 0.000         0.000 / 0.000       ms
[1077.614s][info][gc,stats    ]  Major Collection: Major Collection                              0.000 / 0.000         0.000 / 0.000       186.213 / 270.864     186.213 / 270.864     ms
[1077.614s][info][gc,stats    ]            Memory: Allocation Rate                                   0 / 0                 0 / 2                 0 / 16                0 / 16          MB/s
[1077.614s][info][gc,stats    ]            Memory: Defragment                                        0 / 0                 0 / 0                 0 / 0                 0 / 0           ops/s
[1077.614s][info][gc,stats    ]            Memory: Out Of Memory                                     0 / 0                 0 / 0                 0 / 0                 0 / 0           ops/s
[1077.614s][info][gc,stats    ]            Memory: Page Cache Flush                                  0 / 0                 0 / 0                 0 / 0                 0 / 0           MB/s
[1077.614s][info][gc,stats    ]            Memory: Page Cache Hit L1                                 0 / 0                 0 / 1                 0 / 9                 0 / 9           ops/s
[1077.614s][info][gc,stats    ]            Memory: Page Cache Hit L2                                 0 / 0                 0 / 0                 0 / 0                 0 / 0           ops/s
[1077.614s][info][gc,stats    ]            Memory: Page Cache Hit L3                                 0 / 0                 0 / 1                 0 / 9                 0 / 9           ops/s
[1077.614s][info][gc,stats    ]            Memory: Page Cache Miss                                   0 / 0                 0 / 0                 0 / 1                 0 / 1           ops/s
[1077.614s][info][gc,stats    ]            Memory: Uncommit                                          0 / 0                 0 / 0                 0 / 0                 0 / 0           MB/s
[1077.614s][info][gc,stats    ]            Memory: Undo Object Allocation Failed                     0 / 0                 0 / 0                 0 / 0                 0 / 0           ops/s
[1077.614s][info][gc,stats    ]            Memory: Undo Object Allocation Succeeded                  0 / 0                 0 / 0                 0 / 0                 0 / 0           ops/s
[1077.614s][info][gc,stats    ]            Memory: Undo Page Allocation                              0 / 0                 0 / 0                 0 / 0                 0 / 0           ops/s
[1077.614s][info][gc,stats    ]  Minor Collection: Minor Collection                              0.000 / 0.000         0.000 / 0.000         0.000 / 0.000         0.000 / 0.000       ms
[1077.614s][info][gc,stats    ]    Old Generation: Old Generation                                0.000 / 0.000         0.000 / 0.000       138.449 / 167.552     138.449 / 167.552     ms
[1077.615s][info][gc,stats    ]         Old Pause: Pause Mark End                                0.000 / 0.000         0.000 / 0.000         0.030 / 0.033         0.030 / 0.033       ms
[1077.615s][info][gc,stats    ]         Old Pause: Pause Relocate Start                          0.000 / 0.000         0.000 / 0.000         0.028 / 0.046         0.028 / 0.046       ms
[1077.615s][info][gc,stats    ]         Old Phase: Concurrent Mark                               0.000 / 0.000         0.000 / 0.000        20.719 / 33.419       20.719 / 33.419      ms
[1077.615s][info][gc,stats    ]         Old Phase: Concurrent Mark Continue                      0.000 / 0.000         0.000 / 0.000         0.000 / 0.000         0.000 / 0.000       ms
[1077.615s][info][gc,stats    ]         Old Phase: Concurrent Mark Free                          0.000 / 0.000         0.000 / 0.000         0.001 / 0.002         0.001 / 0.002       ms
[1077.615s][info][gc,stats    ]         Old Phase: Concurrent Process Non-Strong                 0.000 / 0.000         0.000 / 0.000         7.039 / 17.202        7.039 / 17.202      ms
[1077.615s][info][gc,stats    ]         Old Phase: Concurrent Relocate                           0.000 / 0.000         0.000 / 0.000         5.328 / 8.066         5.328 / 8.066       ms
[1077.615s][info][gc,stats    ]         Old Phase: Concurrent Remap Roots                        0.000 / 0.000         0.000 / 0.000        99.154 / 110.049      99.154 / 110.049     ms
[1077.615s][info][gc,stats    ]         Old Phase: Concurrent Reset Relocation Set               0.000 / 0.000         0.000 / 0.000         0.002 / 0.002         0.002 / 0.002       ms
[1077.615s][info][gc,stats    ]         Old Phase: Concurrent Select Relocation Set              0.000 / 0.000         0.000 / 0.000         5.191 / 6.066         5.191 / 6.066       ms
[1077.615s][info][gc,stats    ]      Old Subphase: Concurrent Classes Purge                      0.000 / 0.000         0.000 / 0.000         0.948 / 4.390         0.948 / 4.390       ms
[1077.615s][info][gc,stats    ]      Old Subphase: Concurrent Classes Unlink                     0.000 / 0.000         0.000 / 0.000         5.020 / 11.336        5.020 / 11.336      ms
[1077.615s][info][gc,stats    ]      Old Subphase: Concurrent Mark Follow                        0.000 / 0.000         0.000 / 0.000        18.719 / 30.900       18.719 / 30.900      ms
[1077.615s][info][gc,stats    ]      Old Subphase: Concurrent Mark Root Colored                  0.000 / 0.000         0.000 / 0.000         0.036 / 0.411         0.036 / 0.411       ms
[1077.615s][info][gc,stats    ]      Old Subphase: Concurrent Mark Root Uncolored                0.000 / 0.000         0.000 / 0.000         1.200 / 2.348         1.200 / 2.348       ms
[1077.615s][info][gc,stats    ]      Old Subphase: Concurrent Mark Roots                         0.000 / 0.000         0.000 / 0.000         1.991 / 2.498         1.991 / 2.498       ms
[1077.615s][info][gc,stats    ]      Old Subphase: Concurrent References Enqueue                 0.000 / 0.000         0.000 / 0.000         0.006 / 0.018         0.006 / 0.018       ms
[1077.615s][info][gc,stats    ]      Old Subphase: Concurrent References Process                 0.000 / 0.000         0.000 / 0.000         0.189 / 0.225         0.189 / 0.225       ms
[1077.615s][info][gc,stats    ]      Old Subphase: Concurrent Remap Remembered                   0.000 / 0.000         0.000 / 0.000        76.644 / 107.801      76.644 / 107.801     ms
[1077.615s][info][gc,stats    ]      Old Subphase: Concurrent Remap Roots Colored                0.000 / 0.000         0.000 / 0.000         0.177 / 1.356         0.177 / 1.356       ms
[1077.615s][info][gc,stats    ]      Old Subphase: Concurrent Remap Roots Uncolored              0.000 / 0.000         0.000 / 0.000         0.247 / 0.956         0.247 / 0.956       ms
[1077.615s][info][gc,stats    ]      Old Subphase: Concurrent Roots ClassLoaderDataGraph         0.000 / 0.000         0.000 / 0.000         0.212 / 1.170         0.212 / 1.170       ms
[1077.615s][info][gc,stats    ]      Old Subphase: Concurrent Roots CodeCache                    0.000 / 0.000         0.000 / 0.000         0.652 / 0.949         0.652 / 0.949       ms
[1077.615s][info][gc,stats    ]      Old Subphase: Concurrent Roots JavaThreads                  0.000 / 0.000         0.000 / 0.000         0.506 / 2.347         0.506 / 2.347       ms
[1077.615s][info][gc,stats    ]      Old Subphase: Concurrent Roots OopStorageSet                0.000 / 0.000         0.000 / 0.000         0.000 / 0.000         0.000 / 0.000       ms
[1077.615s][info][gc,stats    ]      Old Subphase: Concurrent Weak Roots OopStorageSet           0.000 / 0.000         0.000 / 0.000         0.175 / 1.122         0.175 / 1.122       ms
[1077.615s][info][gc,stats    ]            System: Java Threads                                      0 / 0                 0 / 0                18 / 19               18 / 19          threads
[1077.615s][info][gc,stats    ]  Young Generation: Young Generation                              0.000 / 0.000         0.000 / 0.000         0.000 / 0.000         0.000 / 0.000       ms
[1077.616s][info][gc,stats    ]  Young Generation: Young Generation                              0.000 / 0.000         0.000 / 0.000         0.000 / 0.000         0.000 / 0.000       ms
[1077.616s][info][gc,stats    ]  Young Generation: Young Generation (Collect Roots)              0.000 / 0.000         0.000 / 0.000        13.821 / 23.591       13.821 / 23.591      ms
[1077.616s][info][gc,stats    ]  Young Generation: Young Generation (Promote All)                0.000 / 0.000         0.000 / 0.000        30.365 / 75.874       30.365 / 75.874      ms
[1077.616s][info][gc,stats    ]       Young Pause: Pause Mark End                                0.000 / 0.000         0.000 / 0.000         0.022 / 0.039         0.022 / 0.039       ms
[1077.616s][info][gc,stats    ]       Young Pause: Pause Mark Start                              0.000 / 0.000         0.000 / 0.000         0.039 / 0.072         0.039 / 0.072       ms
[1077.616s][info][gc,stats    ]       Young Pause: Pause Mark Start (Major)                      0.000 / 0.000         0.000 / 0.000         0.040 / 0.095         0.040 / 0.095       ms
[1077.616s][info][gc,stats    ]       Young Pause: Pause Relocate Start                          0.000 / 0.000         0.000 / 0.000         0.014 / 0.026         0.014 / 0.026       ms
[1077.616s][info][gc,stats    ]       Young Phase: Concurrent Mark                               0.000 / 0.000         0.000 / 0.000         6.851 / 15.756        6.851 / 15.756      ms
[1077.616s][info][gc,stats    ]       Young Phase: Concurrent Mark Continue                      0.000 / 0.000         0.000 / 0.000         0.000 / 0.000         0.000 / 0.000       ms
[1077.616s][info][gc,stats    ]       Young Phase: Concurrent Mark Free                          0.000 / 0.000         0.000 / 0.000         0.200 / 0.685         0.200 / 0.685       ms
[1077.616s][info][gc,stats    ]       Young Phase: Concurrent Relocate                           0.000 / 0.000         0.000 / 0.000         3.783 / 24.798        3.783 / 24.798      ms
[1077.616s][info][gc,stats    ]       Young Phase: Concurrent Reset Relocation Set               0.000 / 0.000         0.000 / 0.000         0.004 / 0.020         0.004 / 0.020       ms
[1077.616s][info][gc,stats    ]       Young Phase: Concurrent Select Relocation Set              0.000 / 0.000         0.000 / 0.000         8.311 / 37.497        8.311 / 37.497      ms
[1077.616s][info][gc,stats    ]    Young Subphase: Concurrent Mark Follow                        0.000 / 0.000         0.000 / 0.000         2.349 / 7.625         2.349 / 7.625       ms
[1077.616s][info][gc,stats    ]    Young Subphase: Concurrent Mark Root Colored                  0.000 / 0.000         0.000 / 0.000         0.442 / 3.221         0.442 / 3.221       ms
[1077.616s][info][gc,stats    ]    Young Subphase: Concurrent Mark Root Uncolored                0.000 / 0.000         0.000 / 0.000         1.323 / 6.879         1.323 / 6.879       ms
[1077.616s][info][gc,stats    ]    Young Subphase: Concurrent Mark Roots                         0.000 / 0.000         0.000 / 0.000         4.499 / 8.982         4.499 / 8.982       ms
[1077.616s][info][gc,stats    ]    Young Subphase: Concurrent Relocate Remset FP                 0.000 / 0.000         0.000 / 0.000         0.420 / 3.449         0.420 / 3.449       ms
[1077.616s][info][gc,stats    ]    Young Subphase: Concurrent Roots ClassLoaderDataGraph         0.000 / 0.000         0.000 / 0.000         0.754 / 1.528         0.754 / 1.528       ms
[1077.616s][info][gc,stats    ]    Young Subphase: Concurrent Roots CodeCache                    0.000 / 0.000         0.000 / 0.000         1.060 / 3.736         1.060 / 3.736       ms
[1077.616s][info][gc,stats    ]    Young Subphase: Concurrent Roots JavaThreads                  0.000 / 0.000         0.000 / 0.000         0.721 / 6.878         0.721 / 6.878       ms
[1077.616s][info][gc,stats    ]    Young Subphase: Concurrent Roots OopStorageSet                0.000 / 0.000         0.000 / 0.000         0.000 / 0.000         0.000 / 0.000       ms
[1077.616s][info][gc,stats    ]    Young Subphase: Concurrent Weak Roots OopStorageSet           0.000 / 0.000         0.000 / 0.000         0.606 / 3.219         0.606 / 3.219       ms
[1077.616s][info][gc,stats    ] =========================================================================================================================================================
[1077.617s][info][gc,heap,exit] Heap
[1077.617s][info][gc,heap,exit]  ZHeap           used 130M, capacity 2048M, max capacity 2048M
[1077.617s][info][gc,heap,exit]  Metaspace       used 9753K, committed 10112K, reserved 1114112K
[1077.617s][info][gc,heap,exit]   class space    used 977K, committed 1152K, reserved 1048576K
